Component: ARM Compiler 5.06 update 4 (build 422) Tool: armlink [4d35d2]

==============================================================================

Section Cross References

    main.o(i.main) refers to bsp.o(i.BSP_Init) for BSP_Init
    stm32f4xx_can.o(i.CAN_DeInit) refers to stm32f4xx_rcc.o(i.RCC_APB1PeriphResetCmd) for RCC_APB1PeriphResetCmd
    stm32f4xx_can.o(i.CAN_GetITStatus) refers to stm32f4xx_can.o(i.CheckITStatus) for CheckITStatus
    stm32f4xx_dac.o(i.DAC_DeInit) refers to stm32f4xx_rcc.o(i.RCC_APB1PeriphResetCmd) for RCC_APB1PeriphResetCmd
    stm32f4xx_dma2d.o(i.DMA2D_DeInit) refers to stm32f4xx_rcc.o(i.RCC_AHB1PeriphResetCmd) for RCC_AHB1PeriphResetCmd
    stm32f4xx_gpio.o(i.GPIO_DeInit) refers to stm32f4xx_rcc.o(i.RCC_AHB1PeriphResetCmd) for RCC_AHB1PeriphResetCmd
    stm32f4xx_i2c.o(i.I2C_DeInit) refers to stm32f4xx_rcc.o(i.RCC_APB1PeriphResetCmd) for RCC_APB1PeriphResetCmd
    stm32f4xx_i2c.o(i.I2C_Init) refers to stm32f4xx_rcc.o(i.RCC_GetClocksFreq) for RCC_GetClocksFreq
    stm32f4xx_pwr.o(i.PWR_DeInit) refers to stm32f4xx_rcc.o(i.RCC_APB1PeriphResetCmd) for RCC_APB1PeriphResetCmd
    stm32f4xx_rcc.o(i.RCC_GetClocksFreq) refers to stm32f4xx_rcc.o(.data) for APBAHBPrescTable
    stm32f4xx_rcc.o(i.RCC_WaitForHSEStartUp) refers to stm32f4xx_rcc.o(i.RCC_GetFlagStatus) for RCC_GetFlagStatus
    stm32f4xx_spi.o(i.SPI_I2S_DeInit) refers to stm32f4xx_rcc.o(i.RCC_APB2PeriphResetCmd) for RCC_APB2PeriphResetCmd
    stm32f4xx_spi.o(i.SPI_I2S_DeInit) refers to stm32f4xx_rcc.o(i.RCC_APB1PeriphResetCmd) for RCC_APB1PeriphResetCmd
    stm32f4xx_tim.o(i.TIM_DeInit) refers to stm32f4xx_rcc.o(i.RCC_APB2PeriphResetCmd) for RCC_APB2PeriphResetCmd
    stm32f4xx_tim.o(i.TIM_DeInit) refers to stm32f4xx_rcc.o(i.RCC_APB1PeriphResetCmd) for RCC_APB1PeriphResetCmd
    stm32f4xx_tim.o(i.TIM_ETRClockMode1Config) refers to stm32f4xx_tim.o(i.TIM_ETRConfig) for TIM_ETRConfig
    stm32f4xx_tim.o(i.TIM_ETRClockMode2Config) refers to stm32f4xx_tim.o(i.TIM_ETRConfig) for TIM_ETRConfig
    stm32f4xx_tim.o(i.TIM_ICInit) refers to stm32f4xx_tim.o(i.TI1_Config) for TI1_Config
    stm32f4xx_tim.o(i.TIM_ICInit) refers to stm32f4xx_tim.o(i.TIM_SetIC1Prescaler) for TIM_SetIC1Prescaler
    stm32f4xx_tim.o(i.TIM_ICInit) refers to stm32f4xx_tim.o(i.TI2_Config) for TI2_Config
    stm32f4xx_tim.o(i.TIM_ICInit) refers to stm32f4xx_tim.o(i.TIM_SetIC2Prescaler) for TIM_SetIC2Prescaler
    stm32f4xx_tim.o(i.TIM_ICInit) refers to stm32f4xx_tim.o(i.TI3_Config) for TI3_Config
    stm32f4xx_tim.o(i.TIM_ICInit) refers to stm32f4xx_tim.o(i.TIM_SetIC3Prescaler) for TIM_SetIC3Prescaler
    stm32f4xx_tim.o(i.TIM_ICInit) refers to stm32f4xx_tim.o(i.TI4_Config) for TI4_Config
    stm32f4xx_tim.o(i.TIM_ICInit) refers to stm32f4xx_tim.o(i.TIM_SetIC4Prescaler) for TIM_SetIC4Prescaler
    stm32f4xx_tim.o(i.TIM_ITRxExternalClockConfig) refers to stm32f4xx_tim.o(i.TIM_SelectInputTrigger) for TIM_SelectInputTrigger
    stm32f4xx_tim.o(i.TIM_PWMIConfig) refers to stm32f4xx_tim.o(i.TI1_Config) for TI1_Config
    stm32f4xx_tim.o(i.TIM_PWMIConfig) refers to stm32f4xx_tim.o(i.TIM_SetIC1Prescaler) for TIM_SetIC1Prescaler
    stm32f4xx_tim.o(i.TIM_PWMIConfig) refers to stm32f4xx_tim.o(i.TI2_Config) for TI2_Config
    stm32f4xx_tim.o(i.TIM_PWMIConfig) refers to stm32f4xx_tim.o(i.TIM_SetIC2Prescaler) for TIM_SetIC2Prescaler
    stm32f4xx_tim.o(i.TIM_TIxExternalClockConfig) refers to stm32f4xx_tim.o(i.TI2_Config) for TI2_Config
    stm32f4xx_tim.o(i.TIM_TIxExternalClockConfig) refers to stm32f4xx_tim.o(i.TI1_Config) for TI1_Config
    stm32f4xx_tim.o(i.TIM_TIxExternalClockConfig) refers to stm32f4xx_tim.o(i.TIM_SelectInputTrigger) for TIM_SelectInputTrigger
    stm32f4xx_usart.o(i.USART_DeInit) refers to stm32f4xx_rcc.o(i.RCC_APB2PeriphResetCmd) for RCC_APB2PeriphResetCmd
    stm32f4xx_usart.o(i.USART_DeInit) refers to stm32f4xx_rcc.o(i.RCC_APB1PeriphResetCmd) for RCC_APB1PeriphResetCmd
    stm32f4xx_usart.o(i.USART_Init) refers to stm32f4xx_rcc.o(i.RCC_GetClocksFreq) for RCC_GetClocksFreq
    system_stm32f4xx.o(i.SystemCoreClockUpdate) refers to system_stm32f4xx.o(.data) for SystemCoreClock
    system_stm32f4xx.o(i.SystemInit) refers to system_stm32f4xx.o(i.SetSysClock) for SetSysClock
    startup_stm32f40_41xxx.o(STACK) refers (Special) to heapauxi.o(.text) for __use_two_region_memory
    startup_stm32f40_41xxx.o(HEAP) refers (Special) to heapauxi.o(.text) for __use_two_region_memory
    startup_stm32f40_41xxx.o(RESET) refers (Special) to heapauxi.o(.text) for __use_two_region_memory
    startup_stm32f40_41xxx.o(RESET) refers to startup_stm32f40_41xxx.o(STACK) for __initial_sp
    startup_stm32f40_41xxx.o(RESET) refers to startup_stm32f40_41xxx.o(.text) for Reset_Handler
    startup_stm32f40_41xxx.o(RESET) refers to stm32f4xx_it.o(i.NMI_Handler) for NMI_Handler
    startup_stm32f40_41xxx.o(RESET) refers to stm32f4xx_it.o(i.HardFault_Handler) for HardFault_Handler
[...]
    .ARM.Collect$$libinit$$00000001          0x080001fe   Section        4  libinit2.o(.ARM.Collect$$libinit$$00000001)
    .ARM.Collect$$libinit$$00000004          0x08000202   Section        0  libinit2.o(.ARM.Collect$$libinit$$00000004)
    .ARM.Collect$$libinit$$0000000A          0x08000202   Section        0  libinit2.o(.ARM.Collect$$libinit$$0000000A)
    .ARM.Collect$$libinit$$0000000C          0x08000202   Section        0  libinit2.o(.ARM.Collect$$libinit$$0000000C)
    .ARM.Collect$$libinit$$0000000E          0x08000202   Section        0  libinit2.o(.ARM.Collect$$libinit$$0000000E)
    .ARM.Collect$$libinit$$00000011          0x08000202   Section        0  libinit2.o(.ARM.Collect$$libinit$$00000011)
    .ARM.Collect$$libinit$$00000013          0x08000202   Section        0  libinit2.o(.ARM.Collect$$libinit$$00000013)
    .ARM.Collect$$libinit$$00000015          0x08000202   Section        0  libinit2.o(.ARM.Collect$$libinit$$00000015)
    .ARM.Collect$$libinit$$00000017          0x08000202   Section        0  libinit2.o(.ARM.Collect$$libinit$$00000017)
    .ARM.Collect$$libinit$$00000019          0x08000202   Section        0  libinit2.o(.ARM.Collect$$libinit$$00000019)
    .ARM.Collect$$libinit$$0000001B          0x08000202   Section        0  libinit2.o(.ARM.Collect$$libinit$$0000001B)
    .ARM.Collect$$libinit$$0000001D          0x08000202   Section        0  libinit2.o(.ARM.Collect$$libinit$$0000001D)
    .ARM.Collect$$libinit$$0000001F          0x08000202   Section        0  libinit2.o(.ARM.Collect$$libinit$$0000001F)
    .ARM.Collect$$libinit$$00000021          0x08000202   Section        0  libinit2.o(.ARM.Collect$$libinit$$00000021)
    .ARM.Collect$$libinit$$00000023          0x08000202   Section        0  libinit2.o(.ARM.Collect$$libinit$$00000023)
    .ARM.Collect$$libinit$$00000025          0x08000202   Section        0  libinit2.o(.ARM.Collect$$libinit$$00000025)
    .ARM.Collect$$libinit$$0000002C          0x08000202   Section        0  libinit2.o(.ARM.Collect$$libinit$$0000002C)
    .ARM.Collect$$libinit$$0000002E          0x08000202   Section        0  libinit2.o(.ARM.Collect$$libinit$$0000002E)
    .ARM.Collect$$libinit$$00000030          0x08000202   Section        0  libinit2.o(.ARM.Collect$$libinit$$00000030)
    .ARM.Collect$$libinit$$00000032          0x08000202   Section        0  libinit2.o(.ARM.Collect$$libinit$$00000032)
    .ARM.Collect$$libinit$$00000033          0x08000202   Section        2  libinit2.o(.ARM.Collect$$libinit$$00000033)
    .ARM.Collect$$libshutdown$$00000000      0x08000204   Section        2  libshutdown.o(.ARM.Collect$$libshutdown$$00000000)
    .ARM.Collect$$libshutdown$$00000002      0x08000206   Section        0  libshutdown2.o(.ARM.Collect$$libshutdown$$00000002)
    .ARM.Collect$$libshutdown$$00000004      0x08000206   Section        0  libshutdown2.o(.ARM.Collect$$libshutdown$$00000004)
    .ARM.Collect$$libshutdown$$00000007      0x08000206   Section        0  libshutdown2.o(.ARM.Collect$$libshutdown$$00000007)
    .ARM.Collect$$libshutdown$$0000000A      0x08000206   Section        0  libshutdown2.o(.ARM.Collect$$libshutdown$$0000000A)
    .ARM.Collect$$libshutdown$$0000000C      0x08000206   Section        0  libshutdown2.o(.ARM.Collect$$libshutdown$$0000000C)
    .ARM.Collect$$libshutdown$$0000000F      0x08000206   Section        0  libshutdown2.o(.ARM.Collect$$libshutdown$$0000000F)
    .ARM.Collect$$libshutdown$$00000010      0x08000206   Section        2  libshutdown2.o(.ARM.Collect$$libshutdown$$00000010)
    .ARM.Collect$$rtentry$$00000000          0x08000208   Section        0  __rtentry.o(.ARM.Collect$$rtentry$$00000000)
    .ARM.Collect$$rtentry$$00000002          0x08000208   Section        0  __rtentry2.o(.ARM.Collect$$rtentry$$00000002)
    .ARM.Collect$$rtentry$$00000004          0x08000208   Section        6  __rtentry4.o(.ARM.Collect$$rtentry$$00000004)
    .ARM.Collect$$rtentry$$00000009          0x0800020e   Section        0  __rtentry2.o(.ARM.Collect$$rtentry$$00000009)
    .ARM.Collect$$rtentry$$0000000A          0x0800020e   Section        4  __rtentry2.o(.ARM.Collect$$rtentry$$0000000A)
    .ARM.Collect$$rtentry$$0000000C          0x08000212   Section        0  __rtentry2.o(.ARM.Collect$$rtentry$$0000000C)
    .ARM.Collect$$rtentry$$0000000D          0x08000212   Section        8  __rtentry2.o(.ARM.Collect$$rtentry$$0000000D)
    .ARM.Collect$$rtexit$$00000000           0x0800021a   Section        2  rtexit.o(.ARM.Collect$$rtexit$$00000000)
    .ARM.Collect$$rtexit$$00000002           0x0800021c   Section        0  rtexit2.o(.ARM.Collect$$rtexit$$00000002)
    .ARM.Collect$$rtexit$$00000003           0x0800021c   Section        4  rtexit2.o(.ARM.Collect$$rtexit$$00000003)
    .ARM.Collect$$rtexit$$00000004           0x08000220   Section        6  rtexit2.o(.ARM.Collect$$rtexit$$00000004)
    .text                                    0x08000228   Section       64  startup_stm32f40_41xxx.o(.text)
    $v0                                      0x08000228   Number         0  startup_stm32f40_41xxx.o(.text)
    .text                                    0x08000268   Section        0  heapauxi.o(.text)
    .text                                    0x0800026e   Section        0  _rserrno.o(.text)
    .text                                    0x08000284   Section        8  rt_errno_addr_intlibspace.o(.text)
    .text                                    0x0800028c   Section        8  libspace.o(.text)
    .text                                    0x08000294   Section       74  sys_stackheap_outer.o(.text)
    .text                                    0x080002de   Section        0  exit.o(.text)
    .text                                    0x080002f0   Section        0  sys_exit.o(.text)
    .text                                    0x080002fc   Section        2  use_no_semi.o(.text)
    .text                                    0x080002fe   Section        0  indicate_semi.o(.text)
    i.Angle                                  0x08000300   Section        0  arm.o(i.Angle)
    i.Arm_Init                               0x08000838   Section        0  arm.o(i.Arm_Init)
    i.Arm_Workspace_Judge                    0x080008d4   Section        0  arm.o(i.Arm_Workspace_Judge)
    i.Arm_task                               0x0800094c   Section        0  arm.o(i.Arm_task)
    i.BSP_Init                               0x08000c98   Section        0  bsp.o(i.BSP_Init)
    i.BusFault_Handler                       0x08000cf8   Section        0  stm32f4xx_it.o(i.BusFault_Handler)
    i.CAN1_Mode_Init                         0x08000cfc   Section        0  can1.o(i.CAN1_Mode_Init)
    i.CAN1_RX0_IRQHandler                    0x08000dfc   Section        0  can1.o(i.CAN1_RX0_IRQHandler)
    i.CAN2_Mode_Init                         0x08000e30   Section        0  can2.o(i.CAN2_Mode_Init)
    i.CAN2_RX0_IRQHandler                    0x08000f30   Section        0  can2.o(i.CAN2_RX0_IRQHandler)
    i.CAN_ClearITPendingBit                  0x08000f64   Section        0  stm32f4xx_can.o(i.CAN_ClearITPendingBit)
    i.CAN_FilterInit                         0x0800100c   Section        0  stm32f4xx_can.o(i.CAN_FilterInit)
    i.CAN_GetITStatus                        0x08001114   Section        0  stm32f4xx_can.o(i.CAN_GetITStatus)
    i.CAN_ITConfig                           0x08001234   Section        0  stm32f4xx_can.o(i.CAN_ITConfig)
    i.CAN_Init                               0x08001246   Section        0  stm32f4xx_can.o(i.CAN_Init)
    i.CAN_Receive                            0x0800135a   Section        0  stm32f4xx_can.o(i.CAN_Receive)
    i.CAN_Transmit                           0x0800144a   Section        0  stm32f4xx_can.o(i.CAN_Transmit)
    i.CheckITStatus                          0x08001570   Section        0  stm32f4xx_can.o(i.CheckITStatus)
    CheckITStatus                            0x08001571   Thumb Code    18  stm32f4xx_can.o(i.CheckITStatus)
    i.DMA_Cmd                                0x08001582   Section        0  stm32f4xx_dma.o(i.DMA_Cmd)
    i.DMA_DeInit                             0x08001598   Section        0  stm32f4xx_dma.o(i.DMA_DeInit)
    i.DMA_DoubleBufferModeCmd                0x080016f0   Section        0  stm32f4xx_dma.o(i.DMA_DoubleBufferModeCmd)
    i.DMA_DoubleBufferModeConfig             0x08001706   Section        0  stm32f4xx_dma.o(i.DMA_DoubleBufferModeConfig)
    i.DMA_GetCurrDataCounter                 0x0800171e   Section        0  stm32f4xx_dma.o(i.DMA_GetCurrDataCounter)
    i.DMA_GetCurrentMemoryTarget             0x08001726   Section        0  stm32f4xx_dma.o(i.DMA_GetCurrentMemoryTarget)
    i.DMA_Init                               0x0800173c   Section        0  stm32f4xx_dma.o(i.DMA_Init)
    i.DebugMon_Handler                       0x08001794   Section        0  stm32f4xx_it.o(i.DebugMon_Handler)
    i.GPIO_Init                              0x08001796   Section        0  stm32f4xx_gpio.o(i.GPIO_Init)
    i.GPIO_PinAFConfig                       0x08001826   Section        0  stm32f4xx_gpio.o(i.GPIO_PinAFConfig)
    i.GPIO_ResetBits                         0x0800186c   Section        0  stm32f4xx_gpio.o(i.GPIO_ResetBits)
    i.GPIO_SetBits                           0x08001870   Section        0  stm32f4xx_gpio.o(i.GPIO_SetBits)
    i.GPIO_StructInit                        0x08001874   Section        0  stm32f4xx_gpio.o(i.GPIO_StructInit)
    i.Hand_Shake1                            0x08001888   Section        0  can1_analysis.o(i.Hand_Shake1)
    i.Hand_Shake2                            0x080018c4   Section        0  can2_analysis.o(i.Hand_Shake2)
    i.HardFault_Handler                      0x08001900   Section        0  stm32f4xx_it.o(i.HardFault_Handler)
    i.Key_Analysis                           0x08001904   Section        0  remote_analysis.o(i.Key_Analysis)
    i.LED_Init                               0x08001a20   Section        0  led.o(i.LED_Init)
    i.MemManage_Handler                      0x08001a5c   Section        0  stm32f4xx_it.o(i.MemManage_Handler)
    i.Motor_Calibrate1                       0x08001a60   Section        0  can1_analysis.o(i.Motor_Calibrate1)
    i.Motor_Calibrate2                       0x08001a8c   Section        0  can2_analysis.o(i.Motor_Calibrate2)
    i.Motor_Eable1                           0x08001ab8   Section        0  can1_analysis.o(i.Motor_Eable1)
    i.Motor_Eable2                           0x08001ae4   Section        0  can2_analysis.o(i.Motor_Eable2)
    i.Motor_Postion1                         0x08001b10   Section        0  can1_analysis.o(i.Motor_Postion1)
    i.Motor_Postion2                         0x08001b7c   Section        0  can2_analysis.o(i.Motor_Postion2)
    i.NMI_Handler                            0x08001be8   Section        0  stm32f4xx_it.o(i.NMI_Handler)
    i.NVIC_Init                              0x08001bec   Section        0  misc.o(i.NVIC_Init)
    i.NVIC_PriorityGroupConfig               0x08001c64   Section        0  misc.o(i.NVIC_PriorityGroupConfig)
    i.PendSV_Handler                         0x08001c78   Section        0  stm32f4xx_it.o(i.PendSV_Handler)
    i.RCC_AHB1PeriphClockCmd                 0x08001c7c   Section        0  stm32f4xx_rcc.o(i.RCC_AHB1PeriphClockCmd)
    i.RCC_APB1PeriphClockCmd                 0x08001c9c   Section        0  stm32f4xx_rcc.o(i.RCC_APB1PeriphClockCmd)
    i.RCC_APB1PeriphResetCmd                 0x08001cbc   Section        0  stm32f4xx_rcc.o(i.RCC_APB1PeriphResetCmd)
    i.RCC_APB2PeriphClockCmd                 0x08001cdc   Section        0  stm32f4xx_rcc.o(i.RCC_APB2PeriphClockCmd)
    i.RCC_APB2PeriphResetCmd                 0x08001cfc   Section        0  stm32f4xx_rcc.o(i.RCC_APB2PeriphResetCmd)
    i.RCC_GetClocksFreq                      0x08001d1c   Section        0  stm32f4xx_rcc.o(i.RCC_GetClocksFreq)
    i.RemoteData_analysis                    0x08001e04   Section        0  remote_analysis.o(i.RemoteData_analysis)
    i.Round_Crossover_Point                  0x08001ee8   Section        0  arm.o(i.Round_Crossover_Point)
    i.SVC_Handler                            0x080023a0   Section        0  stm32f4xx_it.o(i.SVC_Handler)
    i.SetSysClock                            0x080023a4   Section        0  system_stm32f4xx.o(i.SetSysClock)
    SetSysClock                              0x080023a5   Thumb Code   220  system_stm32f4xx.o(i.SetSysClock)
    i.SysTick_CLKSourceConfig                0x08002490   Section        0  misc.o(i.SysTick_CLKSourceConfig)
    i.SysTick_Handler                        0x080024b8   Section        0  stm32f4xx_it.o(i.SysTick_Handler)
    i.SystemInit                             0x080024bc   Section        0  system_stm32f4xx.o(i.SystemInit)
    i.TIM5_IRQHandler                        0x08002524   Section        0  time2.o(i.TIM5_IRQHandler)
    i.TIM5_Int_Init                          0x080025f4   Section        0  time2.o(i.TIM5_Int_Init)
    i.TIM_ClearITPendingBit                  0x08002650   Section        0  stm32f4xx_tim.o(i.TIM_ClearITPendingBit)
    i.TIM_Cmd                                0x08002656   Section        0  stm32f4xx_tim.o(i.TIM_Cmd)
    i.TIM_GetITStatus                        0x0800266e   Section        0  stm32f4xx_tim.o(i.TIM_GetITStatus)
    i.TIM_ITConfig                           0x08002690   Section        0  stm32f4xx_tim.o(i.TIM_ITConfig)
    i.TIM_TimeBaseInit                       0x080026a4   Section        0  stm32f4xx_tim.o(i.TIM_TimeBaseInit)
    i.USART1_DMA_Config                      0x08002728   Section        0  dma2.o(i.USART1_DMA_Config)
    i.USART1_IRQHandler                      0x0800286c   Section        0  dma2.o(i.USART1_IRQHandler)
    i.USART3_IRQHandler                      0x080028f0   Section        0  usart3_vision.o(i.USART3_IRQHandler)
    i.USART_Cmd                              0x08002998   Section        0  stm32f4xx_usart.o(i.USART_Cmd)
    i.USART_DMACmd                           0x080029b0   Section        0  stm32f4xx_usart.o(i.USART_DMACmd)
    i.USART_DeInit                           0x080029c4   Section        0  stm32f4xx_usart.o(i.USART_DeInit)
    i.USART_GetITStatus                      0x08002ab4   Section        0  stm32f4xx_usart.o(i.USART_GetITStatus)
    i.USART_ITConfig                         0x08002b08   Section        0  stm32f4xx_usart.o(i.USART_ITConfig)
    i.USART_Init                             0x08002b54   Section        0  stm32f4xx_usart.o(i.USART_Init)
    i.USART_StructInit                       0x08002c28   Section        0  stm32f4xx_usart.o(i.USART_StructInit)
    i.UsageFault_Handler                     0x08002c40   Section        0  stm32f4xx_it.o(i.UsageFault_Handler)
    i.VisionData_analysis                    0x08002c44   Section        0  usart3_vision.o(i.VisionData_analysis)
    i.__ARM_fpclassify                       0x08002d3c   Section        0  fpclassify.o(i.__ARM_fpclassify)
    i.__hardfp_acos                          0x08002d70   Section        0  acos.o(i.__hardfp_acos)
    i.__hardfp_atan                          0x080030c8   Section        0  atan.o(i.__hardfp_atan)
    i.__hardfp_atan2                         0x080033a0   Section        0  atan2.o(i.__hardfp_atan2)
    i.__hardfp_cos                           0x08003590   Section        0  cos.o(i.__hardfp_cos)
    i.__hardfp_fabs                          0x08003658   Section        0  fabs.o(i.__hardfp_fabs)
    i.__hardfp_sin                           0x08003670   Section        0  sin.o(i.__hardfp_sin)
    i.__hardfp_sqrt                          0x08003738   Section        0  sqrt.o(i.__hardfp_sqrt)
    i.__ieee754_rem_pio2                     0x080037b8   Section        0  rred.o(i.__ieee754_rem_pio2)
    i.__kernel_cos                           0x08003bf0   Section        0  cos_i.o(i.__kernel_cos)
    i.__kernel_poly                          0x08003d60   Section        0  poly.o(i.__kernel_poly)
    i.__kernel_sin                           0x08003e58   Section        0  sin_i.o(i.__kernel_sin)
    i.__mathlib_dbl_infnan                   0x08003f88   Section        0  dunder.o(i.__mathlib_dbl_infnan)
    i.__mathlib_dbl_infnan2                  0x08003f9c   Section        0  dunder.o(i.__mathlib_dbl_infnan2)
    i.__mathlib_dbl_invalid                  0x08003fb0   Section        0  dunder.o(i.__mathlib_dbl_invalid)
    i.__mathlib_dbl_underflow                0x08003fd0   Section        0  dunder.o(i.__mathlib_dbl_underflow)
    i.atan                                   0x08003ff0   Section        0  atan.o(i.atan)
    i.delay_init                             0x08004000   Section        0  delay.o(i.delay_init)
    i.delay_ms                               0x0800403c   Section        0  delay.o(i.delay_ms)
    i.delay_xms                              0x08004074   Section        0  delay.o(i.delay_xms)
    i.fabs                                   0x080040c0   Section        0  fabs.o(i.fabs)
    i.main                                   0x080040d8   Section        0  main.o(i.main)
    i.sqrt                                   0x080040e0   Section        0  sqrt.o(i.sqrt)
    x$fpl$basic                              0x0800414e   Section       24  basic.o(x$fpl$basic)
    $v0                                      0x0800414e   Number         0  basic.o(x$fpl$basic)
    x$fpl$d2f                                0x08004168   Section       98  d2f.o(x$fpl$d2f)
    $v0                                      0x08004168   Number         0  d2f.o(x$fpl$d2f)
    x$fpl$dadd                               0x080041cc   Section      336  daddsub_clz.o(x$fpl$dadd)
    $v0                                      0x080041cc   Number         0  daddsub_clz.o(x$fpl$dadd)
    _dadd1                                   0x080041dd   Thumb Code     0  daddsub_clz.o(x$fpl$dadd)
    x$fpl$dcmpinf                            0x0800431c   Section       24  dcmpi.o(x$fpl$dcmpinf)
    $v0                                      0x0800431c   Number         0  dcmpi.o(x$fpl$dcmpinf)
    x$fpl$ddiv                               0x08004334   Section      688  ddiv.o(x$fpl$ddiv)
    $v0                                      0x08004334   Number         0  ddiv.o(x$fpl$ddiv)
    ddiv_entry                               0x0800433b   Thumb Code     0  ddiv.o(x$fpl$ddiv)
    x$fpl$dfix                               0x080045e4   Section       94  dfix.o(x$fpl$dfix)
    $v0                                      0x080045e4   Number         0  dfix.o(x$fpl$dfix)
    x$fpl$dflt                               0x08004642   Section       46  dflt_clz.o(x$fpl$dflt)
    $v0                                      0x08004642   Number         0  dflt_clz.o(x$fpl$dflt)
    x$fpl$dfltu                              0x08004670   Section       38  dflt_clz.o(x$fpl$dfltu)
    $v0                                      0x08004670   Number         0  dflt_clz.o(x$fpl$dfltu)
    x$fpl$dleqf                              0x08004698   Section      120  dleqf.o(x$fpl$dleqf)
    $v0                                      0x08004698   Number         0  dleqf.o(x$fpl$dleqf)
    x$fpl$dmul                               0x08004710   Section      340  dmul.o(x$fpl$dmul)
    $v0                                      0x08004710   Number         0  dmul.o(x$fpl$dmul)
    x$fpl$dnaninf                            0x08004864   Section      156  dnaninf.o(x$fpl$dnaninf)
    $v0                                      0x08004864   Number         0  dnaninf.o(x$fpl$dnaninf)
    x$fpl$dretinf                            0x08004900   Section       12  dretinf.o(x$fpl$dretinf)
    $v0                                      0x08004900   Number         0  dretinf.o(x$fpl$dretinf)
    x$fpl$drleqf                             0x0800490c   Section      108  drleqf.o(x$fpl$drleqf)
    $v0                                      0x0800490c   Number         0  drleqf.o(x$fpl$drleqf)
    x$fpl$drsb                               0x08004978   Section       22  daddsub_clz.o(x$fpl$drsb)
    $v0                                      0x08004978   Number         0  daddsub_clz.o(x$fpl$drsb)
    x$fpl$dsqrt                              0x08004990   Section      408  dsqrt_umaal.o(x$fpl$dsqrt)
    $v0                                      0x08004990   Number         0  dsqrt_umaal.o(x$fpl$dsqrt)
    x$fpl$dsub                               0x08004b28   Section      468  daddsub_clz.o(x$fpl$dsub)
    $v0                                      0x08004b28   Number         0  daddsub_clz.o(x$fpl$dsub)
    _dsub1                                   0x08004b39   Thumb Code     0  daddsub_clz.o(x$fpl$dsub)
    x$fpl$f2d                                0x08004cfc   Section       86  f2d.o(x$fpl$f2d)
    $v0                                      0x08004cfc   Number         0  f2d.o(x$fpl$f2d)
    x$fpl$fnaninf                            0x08004d52   Section      140  fnaninf.o(x$fpl$fnaninf)
    $v0                                      0x08004d52   Number         0  fnaninf.o(x$fpl$fnaninf)
    x$fpl$fpinit                             0x08004dde   Section       10  fpinit.o(x$fpl$fpinit)
    $v0                                      0x08004dde   Number         0  fpinit.o(x$fpl$fpinit)
    x$fpl$fretinf                            0x08004de8   Section       10  fretinf.o(x$fpl$fretinf)
    $v0                                      0x08004de8   Number         0  fretinf.o(x$fpl$fretinf)
    x$fpl$usenofp                            0x08004df2   Section        0  usenofp.o(x$fpl$usenofp)
    .constdata                               0x08004df8   Section       80  acos.o(.constdata)
    pS                                       0x08004df8   Data          48  acos.o(.constdata)
    qS                                       0x08004e28   Data          32  acos.o(.constdata)
    .constdata                               0x08004e48   Section      152  atan.o(.constdata)
    atanhi                                   0x08004e48   Data          32  atan.o(.constdata)
    atanlo                                   0x08004e68   Data          32  atan.o(.constdata)
    aTodd                                    0x08004e88   Data          40  atan.o(.constdata)
    aTeven                                   0x08004eb0   Data          48  atan.o(.constdata)
    .constdata                               0x08004ee0   Section       48  cos_i.o(.constdata)
    C                                        0x08004ee0   Data          48  cos_i.o(.constdata)
    .constdata                               0x08004f10   Section        8  qnan.o(.constdata)
    .constdata                               0x08004f18   Section      200  rred.o(.constdata)
    pio2s                                    0x08004f18   Data          48  rred.o(.constdata)
    twooverpi                                0x08004f48   Data         152  rred.o(.constdata)
    .constdata                               0x08004fe0   Section       40  sin_i.o(.constdata)
    S                                        0x08004fe0   Data          40  sin_i.o(.constdata)
    .data                                    0x20000000   Section       16  stm32f4xx_rcc.o(.data)
    APBAHBPrescTable                         0x20000000   Data          16  stm32f4xx_rcc.o(.data)
    .data                                    0x20000010   Section        4  bsp.o(.data)
    .data                                    0x20000014   Section        8  time2.o(.data)
    zero_time                                0x20000018   Data           4  time2.o(.data)
    .data                                    0x2000001c   Section       12  usart3_vision.o(.data)
    .data                                    0x20000028   Section      136  arm.o(.data)
    .data                                    0x200000b0   Section       21  remote_analysis.o(.data)
    .data                                    0x200000c6   Section        4  delay.o(.data)
    fac_us                                   0x200000c6   Data           1  delay.o(.data)
    fac_ms                                   0x200000c8   Data           2  delay.o(.data)
    .bss                                     0x200000cc   Section      200  dma2.o(.bss)
    .bss                                     0x20000194   Section      232  usart3_vision.o(.bss)
    .bss                                     0x2000027c   Section       20  can2.o(.bss)
    .bss                                     0x20000290   Section       96  remote_analysis.o(.bss)
    .bss                                     0x200002f0   Section       96  libspace.o(.bss)
    HEAP                                     0x20000350   Section      512  startup_stm32f40_41xxx.o(HEAP)
    Heap_Mem                                 0x20000350   Data         512  startup_stm32f40_41xxx.o(HEAP)
    STACK                                    0x20000550   Section     1024  startup_stm32f40_41xxx.o(STACK)
    Stack_Mem                                0x20000550   Data        1024  startup_stm32f40_41xxx.o(STACK)
    __initial_sp                             0x20000950   Data           0  startup_stm32f40_41xxx.o(STACK)

    Global Symbols

    Symbol Name                              Value     Ov Type        Size  Object(Section)

    BuildAttributes$$THM_ISAv4$E$P$D$K$B$S$7EM$VFPi3$EXTD16$VFPS$VFMA$PE$A:L22UL41UL21$X:L11$S22US41US21$IEEE1$IW$USESV6$~STKCKD$USESV7$~SHL$OTIME$ROPI$IEEEX$EBA8$UX$STANDARDLIB$REQ8$PRES8$EABIv2 0x00000000   Number         0  anon$$obj.o ABSOLUTE
    __ARM_use_no_argv                        0x00000000   Number         0  main.o ABSOLUTE
    __ARM_exceptions_init                     - Undefined Weak Reference
    __alloca_initialize                       - Undefined Weak Reference
    __arm_preinit_                            - Undefined Weak Reference
    __cpp_initialize__aeabi_                  - Undefined Weak Reference
    __cxa_finalize                            - Undefined Weak Reference
    __rt_locale                               - Undefined Weak Reference
    __sigvec_lookup                           - Undefined Weak Reference
    _atexit_init                              - Undefined Weak Reference
    _call_atexit_fns                          - Undefined Weak Reference
    _clock_init                               - Undefined Weak Reference
    _fp_trap_init                             - Undefined Weak Reference
    _fp_trap_shutdown                         - Undefined Weak Reference
    _get_lc_collate                           - Undefined Weak Reference
    _get_lc_ctype                             - Undefined Weak Reference
    _get_lc_monetary                          - Undefined Weak Reference
    _get_lc_numeric                           - Undefined Weak Reference
    _get_lc_time                              - Undefined Weak Reference
    _getenv_init                              - Undefined Weak Reference
    _handle_redirection                       - Undefined Weak Reference
    _init_alloc                               - Undefined Weak Reference
    _init_user_alloc                          - Undefined Weak Reference
    _initio                                   - Undefined Weak Reference
    _rand_init                                - Undefined Weak Reference
    _signal_finish                            - Undefined Weak Reference
    _signal_init                              - Undefined Weak Reference
    _terminate_alloc                          - Undefined Weak Reference
    _terminate_user_alloc                     - Undefined Weak Reference
    _terminateio                              - Undefined Weak Reference
    __Vectors_Size                           0x00000188   Number         0  startup_stm32f40_41xxx.o ABSOLUTE
    __Vectors                                0x08000000   Data           4  startup_stm32f40_41xxx.o(RESET)
    __Vectors_End                            0x08000188   Data           0  startup_stm32f40_41xxx.o(RESET)
    __main                                   0x08000189   Thumb Code     8  __main.o(!!!main)
    __scatterload                            0x08000191   Thumb Code     0  __scatter.o(!!!scatter)
    __scatterload_rt2                        0x08000191   Thumb Code    44  __scatter.o(!!!scatter)
    __scatterload_rt2_thumb_only             0x08000191   Thumb Code     0  __scatter.o(!!!scatter)
    __scatterload_null                       0x0800019f   Thumb Code     0  __scatter.o(!!!scatter)
    __scatterload_copy                       0x080001c5   Thumb Code    26  __scatter_copy.o(!!handler_copy)
    __scatterload_zeroinit                   0x080001e1   Thumb Code    28  __scatter_zi.o(!!handler_zi)
    __rt_lib_init                            0x080001fd   Thumb Code     0  libinit.o(.ARM.Collect$$libinit$$00000000)
    __rt_lib_init_fp_1                       0x080001ff   Thumb Code     0  libinit2.o(.ARM.Collect$$libinit$$00000001)
    __rt_lib_init_alloca_1                   0x08000203   Thumb Code     0  libinit2.o(.ARM.Collect$$libinit$$0000002E)
    __rt_lib_init_argv_1                     0x08000203   Thumb Code     0  libinit2.o(.ARM.Collect$$libinit$$0000002C)
    __rt_lib_init_atexit_1                   0x08000203   Thumb Code     0  libinit2.o(.ARM.Collect$$libinit$$0000001B)
    __rt_lib_init_clock_1                    0x08000203   Thumb Code     0  libinit2.o(.ARM.Collect$$libinit$$00000021)
    __rt_lib_init_cpp_1                      0x08000203   Thumb Code     0  libinit2.o(.ARM.Collect$$libinit$$00000032)
    __rt_lib_init_exceptions_1               0x08000203   Thumb Code     0  libinit2.o(.ARM.Collect$$libinit$$00000030)
    __rt_lib_init_fp_trap_1                  0x08000203   Thumb Code     0  libinit2.o(.ARM.Collect$$libinit$$0000001F)
    __rt_lib_init_getenv_1                   0x08000203   Thumb Code     0  libinit2.o(.ARM.Collect$$libinit$$00000023)
    __rt_lib_init_heap_1                     0x08000203   Thumb Code     0  libinit2.o(.ARM.Collect$$libinit$$0000000A)
    __rt_lib_init_lc_collate_1               0x08000203   Thumb Code     0  libinit2.o(.ARM.Collect$$libinit$$00000011)
    __rt_lib_init_lc_ctype_1                 0x08000203   Thumb Code     0  libinit2.o(.ARM.Collect$$libinit$$00000013)
    __rt_lib_init_lc_monetary_1              0x08000203   Thumb Code     0  libinit2.o(.ARM.Collect$$libinit$$00000015)
    __rt_lib_init_lc_numeric_1               0x08000203   Thumb Code     0  libinit2.o(.ARM.Collect$$libinit$$00000017)
    __rt_lib_init_lc_time_1                  0x08000203   Thumb Code     0  libinit2.o(.ARM.Collect$$libinit$$00000019)
    __rt_lib_init_preinit_1                  0x08000203   Thumb Code     0  libinit2.o(.ARM.Collect$$libinit$$00000004)
    __rt_lib_init_rand_1                     0x08000203   Thumb Code     0  libinit2.o(.ARM.Collect$$libinit$$0000000E)
    __rt_lib_init_return                     0x08000203   Thumb Code     0  libinit2.o(.ARM.Collect$$libinit$$00000033)
    __rt_lib_init_signal_1                   0x08000203   Thumb Code     0  libinit2.o(.ARM.Collect$$libinit$$0000001D)
    __rt_lib_init_stdio_1                    0x08000203   Thumb Code     0  libinit2.o(.ARM.Collect$$libinit$$00000025)
    __rt_lib_init_user_alloc_1               0x08000203   Thumb Code     0  libinit2.o(.ARM.Collect$$libinit$$0000000C)
    __rt_lib_shutdown                        0x08000205   Thumb Code     0  libshutdown.o(.ARM.Collect$$libshutdown$$00000000)
    __rt_lib_shutdown_cpp_1                  0x08000207   Thumb Code     0  libshutdown2.o(.ARM.Collect$$libshutdown$$00000002)
    __rt_lib_shutdown_fp_trap_1              0x08000207   Thumb Code     0  libshutdown2.o(.ARM.Collect$$libshutdown$$00000007)
    __rt_lib_shutdown_heap_1                 0x08000207   Thumb Code     0  libshutdown2.o(.ARM.Collect$$libshutdown$$0000000F)
    __rt_lib_shutdown_return                 0x08000207   Thumb Code     0  libshutdown2.o(.ARM.Collect$$libshutdown$$00000010)
    __rt_lib_shutdown_signal_1               0x08000207   Thumb Code     0  libshutdown2.o(.ARM.Collect$$libshutdown$$0000000A)
    __rt_lib_shutdown_stdio_1                0x08000207   Thumb Code     0  libshutdown2.o(.ARM.Collect$$libshutdown$$00000004)
    __rt_lib_shutdown_user_alloc_1           0x08000207   Thumb Code     0  libshutdown2.o(.ARM.Collect$$libshutdown$$0000000C)
    __rt_entry                               0x08000209   Thumb Code     0  __rtentry.o(.ARM.Collect$$rtentry$$00000000)
    __rt_entry_presh_1                       0x08000209   Thumb Code     0  __rtentry2.o(.ARM.Collect$$rtentry$$00000002)
    __rt_entry_sh                            0x08000209   Thumb Code     0  __rtentry4.o(.ARM.Collect$$rtentry$$00000004)
    __rt_entry_li                            0x0800020f   Thumb Code     0  __rtentry2.o(.ARM.Collect$$rtentry$$0000000A)
    __rt_entry_postsh_1                      0x0800020f   Thumb Code     0  __rtentry2.o(.ARM.Collect$$rtentry$$00000009)
    __rt_entry_main                          0x08000213   Thumb Code     0  __rtentry2.o(.ARM.Collect$$rtentry$$0000000D)
    __rt_entry_postli_1                      0x08000213   Thumb Code     0  __rtentry2.o(.ARM.Collect$$rtentry$$0000000C)
    __rt_exit                                0x0800021b   Thumb Code     0  rtexit.o(.ARM.Collect$$rtexit$$00000000)
    __rt_exit_ls                             0x0800021d   Thumb Code     0  rtexit2.o(.ARM.Collect$$rtexit$$00000003)
    __rt_exit_prels_1                        0x0800021d   Thumb Code     0  rtexit2.o(.ARM.Collect$$rtexit$$00000002)
    __rt_exit_exit                           0x08000221   Thumb Code     0  rtexit2.o(.ARM.Collect$$rtexit$$00000004)
    Reset_Handler                            0x08000229   Thumb Code     8  startup_stm32f40_41xxx.o(.text)
    ADC_IRQHandler                           0x08000243   Thumb Code     0  startup_stm32f40_41xxx.o(.text)
    CAN1_RX1_IRQHandler                      0x08000243   Thumb Code     0  startup_stm32f40_41xxx.o(.text)
    CAN1_SCE_IRQHandler                      0x08000243   Thumb Code     0  startup_stm32f40_41xxx.o(.text)
    CAN1_TX_IRQHandler                       0x08000243   Thumb Code     0  startup_stm32f40_41xxx.o(.text)
    CAN2_RX1_IRQHandler                      0x08000243   Thumb Code     0  startup_stm32f40_41xxx.o(.text)
    CAN2_SCE_IRQHandler                      0x08000243   Thumb Code     0  startup_stm32f40_41xxx.o(.text)
    CAN2_TX_IRQHandler                       0x08000243   Thumb Code     0  startup_stm32f40_41xxx.o(.text)
    CRYP_IRQHandler                          0x08000243   Thumb Code     0  startup_stm32f40_41xxx.o(.text)
    DCMI_IRQHandler                          0x08000243   Thumb Code     0  startup_stm32f40_41xxx.o(.text)
    DMA1_Stream0_IRQHandler                  0x08000243   Thumb Code     0  startup_stm32f40_41xxx.o(.text)
    DMA1_Stream1_IRQHandler                  0x08000243   Thumb Code     0  startup_stm32f40_41xxx.o(.text)
    DMA1_Stream2_IRQHandler                  0x08000243   Thumb Code     0  startup_stm32f40_41xxx.o(.text)
    DMA1_Stream3_IRQHandler                  0x08000243   Thumb Code     0  startup_stm32f40_41xxx.o(.text)
    DMA1_Stream4_IRQHandler                  0x08000243   Thumb Code     0  startup_stm32f40_41xxx.o(.text)
    DMA1_Stream5_IRQHandler                  0x08000243   Thumb Code     0  startup_stm32f40_41xxx.o(.text)
    DMA1_Stream6_IRQHandler                  0x08000243   Thumb Code     0  startup_stm32f40_41xxx.o(.text)
    DMA1_Stream7_IRQHandler                  0x08000243   Thumb Code     0  startup_stm32f40_41xxx.o(.text)
    DMA2_Stream0_IRQHandler                  0x08000243   Thumb Code     0  startup_stm32f40_41xxx.o(.text)
    DMA2_Stream1_IRQHandler                  0x08000243   Thumb Code     0  startup_stm32f40_41xxx.o(.text)
    DMA2_Stream2_IRQHandler                  0x08000243   Thumb Code     0  startup_stm32f40_41xxx.o(.text)
    DMA2_Stream3_IRQHandler                  0x08000243   Thumb Code     0  startup_stm32f40_41xxx.o(.text)
    DMA2_Stream4_IRQHandler                  0x08000243   Thumb Code     0  startup_stm32f40_41xxx.o(.text)
    DMA2_Stream5_IRQHandler                  0x08000243   Thumb Code     0  startup_stm32f40_41xxx.o(.text)
    DMA2_Stream6_IRQHandler                  0x08000243   Thumb Code     0  startup_stm32f40_41xxx.o(.text)
    DMA2_Stream7_IRQHandler                  0x08000243   Thumb Code     0  startup_stm32f40_41xxx.o(.text)
    ETH_IRQHandler                           0x08000243   Thumb Code     0  startup_stm32f40_41xxx.o(.text)
    ETH_WKUP_IRQHandler                      0x08000243   Thumb Code     0  startup_stm32f40_41xxx.o(.text)
    EXTI0_IRQHandler                         0x08000243   Thumb Code     0  startup_stm32f40_41xxx.o(.text)
    EXTI15_10_IRQHandler                     0x08000243   Thumb Code     0  startup_stm32f40_41xxx.o(.text)
    EXTI1_IRQHandler                         0x08000243   Thumb Code     0  startup_stm32f40_41xxx.o(.text)
    EXTI2_IRQHandler                         0x08000243   Thumb Code     0  startup_stm32f40_41xxx.o(.text)
    EXTI3_IRQHandler                         0x08000243   Thumb Code     0  startup_stm32f40_41xxx.o(.text)
    EXTI4_IRQHandler                         0x08000243   Thumb Code     0  startup_stm32f40_41xxx.o(.text)
    EXTI9_5_IRQHandler                       0x08000243   Thumb Code     0  startup_stm32f40_41xxx.o(.text)
    FLASH_IRQHandler                         0x08000243   Thumb Code     0  startup_stm32f40_41xxx.o(.text)
    FPU_IRQHandler                           0x08000243   Thumb Code     0  startup_stm32f40_41xxx.o(.text)
    FSMC_IRQHandler                          0x08000243   Thumb Code     0  startup_stm32f40_41xxx.o(.text)
    HASH_RNG_IRQHandler                      0x08000243   Thumb Code     0  startup_stm32f40_41xxx.o(.text)
    I2C1_ER_IRQHandler                       0x08000243   Thumb Code     0  startup_stm32f40_41xxx.o(.text)
    I2C1_EV_IRQHandler                       0x08000243   Thumb Code     0  startup_stm32f40_41xxx.o(.text)
    I2C2_ER_IRQHandler                       0x08000243   Thumb Code     0  startup_stm32f40_41xxx.o(.text)
    I2C2_EV_IRQHandler                       0x08000243   Thumb Code     0  startup_stm32f40_41xxx.o(.text)
    I2C3_ER_IRQHandler                       0x08000243   Thumb Code     0  startup_stm32f40_41xxx.o(.text)
    I2C3_EV_IRQHandler                       0x08000243   Thumb Code     0  startup_stm32f40_41xxx.o(.text)
    OTG_FS_IRQHandler                        0x08000243   Thumb Code     0  startup_stm32f40_41xxx.o(.text)
    OTG_FS_WKUP_IRQHandler                   0x08000243   Thumb Code     0  startup_stm32f40_41xxx.o(.text)
    OTG_HS_EP1_IN_IRQHandler                 0x08000243   Thumb Code     0  startup_stm32f40_41xxx.o(.text)
    OTG_HS_EP1_OUT_IRQHandler                0x08000243   Thumb Code     0  startup_stm32f40_41xxx.o(.text)
    OTG_HS_IRQHandler                        0x08000243   Thumb Code     0  startup_stm32f40_41xxx.o(.text)
    OTG_HS_WKUP_IRQHandler                   0x08000243   Thumb Code     0  startup_stm32f40_41xxx.o(.text)
    PVD_IRQHandler                           0x08000243   Thumb Code     0  startup_stm32f40_41xxx.o(.text)
    RCC_IRQHandler                           0x08000243   Thumb Code     0  startup_stm32f40_41xxx.o(.text)
    RTC_Alarm_IRQHandler                     0x08000243   Thumb Code     0  startup_stm32f40_41xxx.o(.text)
    RTC_WKUP_IRQHandler                      0x08000243   Thumb Code     0  startup_stm32f40_41xxx.o(.text)
    SDIO_IRQHandler                          0x08000243   Thumb Code     0  startup_stm32f40_41xxx.o(.text)
    SPI1_IRQHandler                          0x08000243   Thumb Code     0  startup_stm32f40_41xxx.o(.text)
    SPI2_IRQHandler                          0x08000243   Thumb Code     0  startup_stm32f40_41xxx.o(.text)
    SPI3_IRQHandler                          0x08000243   Thumb Code     0  startup_stm32f40_41xxx.o(.text)
    TAMP_STAMP_IRQHandler                    0x08000243   Thumb Code     0  startup_stm32f40_41xxx.o(.text)
    TIM1_BRK_TIM9_IRQHandler                 0x08000243   Thumb Code     0  startup_stm32f40_41xxx.o(.text)
    TIM1_CC_IRQHandler                       0x08000243   Thumb Code     0  startup_stm32f40_41xxx.o(.text)
    TIM1_TRG_COM_TIM11_IRQHandler            0x08000243   Thumb Code     0  startup_stm32f40_41xxx.o(.text)
    TIM1_UP_TIM10_IRQHandler                 0x08000243   Thumb Code     0  startup_stm32f40_41xxx.o(.text)
    TIM2_IRQHandler                          0x08000243   Thumb Code     0  startup_stm32f40_41xxx.o(.text)
    TIM3_IRQHandler                          0x08000243   Thumb Code     0  startup_stm32f40_41xxx.o(.text)
    TIM4_IRQHandler                          0x08000243   Thumb Code     0  startup_stm32f40_41xxx.o(.text)
    TIM6_DAC_IRQHandler                      0x08000243   Thumb Code     0  startup_stm32f40_41xxx.o(.text)
    TIM7_IRQHandler                          0x08000243   Thumb Code     0  startup_stm32f40_41xxx.o(.text)
    TIM8_BRK_TIM12_IRQHandler                0x08000243   Thumb Code     0  startup_stm32f40_41xxx.o(.text)
    TIM8_CC_IRQHandler                       0x08000243   Thumb Code     0  startup_stm32f40_41xxx.o(.text)
    TIM8_TRG_COM_TIM14_IRQHandler            0x08000243   Thumb Code     0  startup_stm32f40_41xxx.o(.text)
    TIM8_UP_TIM13_IRQHandler                 0x08000243   Thumb Code     0  startup_stm32f40_41xxx.o(.text)
    UART4_IRQHandler                         0x08000243   Thumb Code     0  startup_stm32f40_41xxx.o(.text)
    UART5_IRQHandler                         0x08000243   Thumb Code     0  startup_stm32f40_41xxx.o(.text)
    USART2_IRQHandler                        0x08000243   Thumb Code     0  startup_stm32f40_41xxx.o(.text)
    USART6_IRQHandler                        0x08000243   Thumb Code     0  startup_stm32f40_41xxx.o(.text)
    WWDG_IRQHandler                          0x08000243   Thumb Code     0  startup_stm32f40_41xxx.o(.text)
    __user_initial_stackheap                 0x08000245   Thumb Code     0  startup_stm32f40_41xxx.o(.text)
    __use_two_region_memory                  0x08000269   Thumb Code     2  heapauxi.o(.text)
    __rt_heap_escrow$2region                 0x0800026b   Thumb Code     2  heapauxi.o(.text)
    __rt_heap_expand$2region                 0x0800026d   Thumb Code     2  heapauxi.o(.text)
    __read_errno                             0x0800026f   Thumb Code    10  _rserrno.o(.text)
    __set_errno                              0x08000279   Thumb Code    12  _rserrno.o(.text)
    __aeabi_errno_addr                       0x08000285   Thumb Code     8  rt_errno_addr_intlibspace.o(.text)
    __errno$intlibspace                      0x08000285   Thumb Code     0  rt_errno_addr_intlibspace.o(.text)
    __rt_errno_addr$intlibspace              0x08000285   Thumb Code     0  rt_errno_addr_intlibspace.o(.text)
    __user_libspace                          0x0800028d   Thumb Code     8  libspace.o(.text)
    __user_perproc_libspace                  0x0800028d   Thumb Code     0  libspace.o(.text)
    __user_perthread_libspace                0x0800028d   Thumb Code     0  libspace.o(.text)
    __user_setup_stackheap                   0x08000295   Thumb Code    74  sys_stackheap_outer.o(.text)
    exit                                     0x080002df   Thumb Code    18  exit.o(.text)
    _sys_exit                                0x080002f1   Thumb Code     8  sys_exit.o(.text)
    __I$use$semihosting                      0x080002fd   Thumb Code     0  use_no_semi.o(.text)
    __use_no_semihosting_swi                 0x080002fd   Thumb Code     2  use_no_semi.o(.text)
    __semihosting_library_function           0x080002ff   Thumb Code     0  indicate_semi.o(.text)
    Angle                                    0x08000301   Thumb Code  1316  arm.o(i.Angle)
    Arm_Init                                 0x08000839   Thumb Code   110  arm.o(i.Arm_Init)
    Arm_Workspace_Judge                      0x080008d5   Thumb Code   112  arm.o(i.Arm_Workspace_Judge)
    Arm_task                                 0x0800094d   Thumb Code   712  arm.o(i.Arm_task)
    BSP_Init                                 0x08000c99   Thumb Code    90  bsp.o(i.BSP_Init)
    BusFault_Handler                         0x08000cf9   Thumb Code     4  stm32f4xx_it.o(i.BusFault_Handler)
    CAN1_Mode_Init                           0x08000cfd   Thumb Code   246  can1.o(i.CAN1_Mode_Init)
    CAN1_RX0_IRQHandler                      0x08000dfd   Thumb Code    42  can1.o(i.CAN1_RX0_IRQHandler)
    CAN2_Mode_Init                           0x08000e31   Thumb Code   246  can2.o(i.CAN2_Mode_Init)
    CAN2_RX0_IRQHandler                      0x08000f31   Thumb Code    38  can2.o(i.CAN2_RX0_IRQHandler)
    CAN_ClearITPendingBit                    0x08000f65   Thumb Code   162  stm32f4xx_can.o(i.CAN_ClearITPendingBit)
    CAN_FilterInit                           0x0800100d   Thumb Code   258  stm32f4xx_can.o(i.CAN_FilterInit)
    CAN_GetITStatus                          0x08001115   Thumb Code   284  stm32f4xx_can.o(i.CAN_GetITStatus)
    CAN_ITConfig                             0x08001235   Thumb Code    18  stm32f4xx_can.o(i.CAN_ITConfig)
    CAN_Init                                 0x08001247   Thumb Code   276  stm32f4xx_can.o(i.CAN_Init)
    CAN_Receive                              0x0800135b   Thumb Code   240  stm32f4xx_can.o(i.CAN_Receive)
    CAN_Transmit                             0x0800144b   Thumb Code   294  stm32f4xx_can.o(i.CAN_Transmit)
    DMA_Cmd                                  0x08001583   Thumb Code    22  stm32f4xx_dma.o(i.DMA_Cmd)
    DMA_DeInit                               0x08001599   Thumb Code   324  stm32f4xx_dma.o(i.DMA_DeInit)
    DMA_DoubleBufferModeCmd                  0x080016f1   Thumb Code    22  stm32f4xx_dma.o(i.DMA_DoubleBufferModeCmd)
    DMA_DoubleBufferModeConfig               0x08001707   Thumb Code    24  stm32f4xx_dma.o(i.DMA_DoubleBufferModeConfig)
    DMA_GetCurrDataCounter                   0x0800171f   Thumb Code     8  stm32f4xx_dma.o(i.DMA_GetCurrDataCounter)
    DMA_GetCurrentMemoryTarget               0x08001727   Thumb Code    20  stm32f4xx_dma.o(i.DMA_GetCurrentMemoryTarget)
    DMA_Init                                 0x0800173d   Thumb Code    82  stm32f4xx_dma.o(i.DMA_Init)
    DebugMon_Handler                         0x08001795   Thumb Code     2  stm32f4xx_it.o(i.DebugMon_Handler)
    GPIO_Init                                0x08001797   Thumb Code   144  stm32f4xx_gpio.o(i.GPIO_Init)
    GPIO_PinAFConfig                         0x08001827   Thumb Code    70  stm32f4xx_gpio.o(i.GPIO_PinAFConfig)
    GPIO_ResetBits                           0x0800186d   Thumb Code     4  stm32f4xx_gpio.o(i.GPIO_ResetBits)
    GPIO_SetBits                             0x08001871   Thumb Code     4  stm32f4xx_gpio.o(i.GPIO_SetBits)
    GPIO_StructInit                          0x08001875   Thumb Code    18  stm32f4xx_gpio.o(i.GPIO_StructInit)
    Hand_Shake1                              0x08001889   Thumb Code    54  can1_analysis.o(i.Hand_Shake1)
    Hand_Shake2                              0x080018c5   Thumb Code    54  can2_analysis.o(i.Hand_Shake2)
    HardFault_Handler                        0x08001901   Thumb Code     4  stm32f4xx_it.o(i.HardFault_Handler)
    Key_Analysis                             0x08001905   Thumb Code   272  remote_analysis.o(i.Key_Analysis)
    LED_Init                                 0x08001a21   Thumb Code    56  led.o(i.LED_Init)
    MemManage_Handler                        0x08001a5d   Thumb Code     4  stm32f4xx_it.o(i.MemManage_Handler)
    Motor_Calibrate1                         0x08001a61   Thumb Code    40  can1_analysis.o(i.Motor_Calibrate1)
    Motor_Calibrate2                         0x08001a8d   Thumb Code    40  can2_analysis.o(i.Motor_Calibrate2)
    Motor_Eable1                             0x08001ab9   Thumb Code    40  can1_analysis.o(i.Motor_Eable1)
    Motor_Eable2                             0x08001ae5   Thumb Code    40  can2_analysis.o(i.Motor_Eable2)
    Motor_Postion1                           0x08001b11   Thumb Code   104  can1_analysis.o(i.Motor_Postion1)
    Motor_Postion2                           0x08001b7d   Thumb Code   104  can2_analysis.o(i.Motor_Postion2)
    NMI_Handler                              0x08001be9   Thumb Code     2  stm32f4xx_it.o(i.NMI_Handler)
    NVIC_Init                                0x08001bed   Thumb Code   106  misc.o(i.NVIC_Init)
    NVIC_PriorityGroupConfig                 0x08001c65   Thumb Code    10  misc.o(i.NVIC_PriorityGroupConfig)
    PendSV_Handler                           0x08001c79   Thumb Code     2  stm32f4xx_it.o(i.PendSV_Handler)
    RCC_AHB1PeriphClockCmd                   0x08001c7d   Thumb Code    26  stm32f4xx_rcc.o(i.RCC_AHB1PeriphClockCmd)
    RCC_APB1PeriphClockCmd                   0x08001c9d   Thumb Code    26  stm32f4xx_rcc.o(i.RCC_APB1PeriphClockCmd)
    RCC_APB1PeriphResetCmd                   0x08001cbd   Thumb Code    26  stm32f4xx_rcc.o(i.RCC_APB1PeriphResetCmd)
    RCC_APB2PeriphClockCmd                   0x08001cdd   Thumb Code    26  stm32f4xx_rcc.o(i.RCC_APB2PeriphClockCmd)
    RCC_APB2PeriphResetCmd                   0x08001cfd   Thumb Code    26  stm32f4xx_rcc.o(i.RCC_APB2PeriphResetCmd)
    RCC_GetClocksFreq                        0x08001d1d   Thumb Code   214  stm32f4xx_rcc.o(i.RCC_GetClocksFreq)
    RemoteData_analysis                      0x08001e05   Thumb Code   218  remote_analysis.o(i.RemoteData_analysis)
    Round_Crossover_Point                    0x08001ee9   Thumb Code  1194  arm.o(i.Round_Crossover_Point)
    SVC_Handler                              0x080023a1   Thumb Code     2  stm32f4xx_it.o(i.SVC_Handler)
    SysTick_CLKSourceConfig                  0x08002491   Thumb Code    40  misc.o(i.SysTick_CLKSourceConfig)
    SysTick_Handler                          0x080024b9   Thumb Code     2  stm32f4xx_it.o(i.SysTick_Handler)
    SystemInit                               0x080024bd   Thumb Code    88  system_stm32f4xx.o(i.SystemInit)
    TIM5_IRQHandler                          0x08002525   Thumb Code   166  time2.o(i.TIM5_IRQHandler)
    TIM5_Int_Init                            0x080025f5   Thumb Code    88  time2.o(i.TIM5_Int_Init)
    TIM_ClearITPendingBit                    0x08002651   Thumb Code     6  stm32f4xx_tim.o(i.TIM_ClearITPendingBit)
    TIM_Cmd                                  0x08002657   Thumb Code    24  stm32f4xx_tim.o(i.TIM_Cmd)
    TIM_GetITStatus                          0x0800266f   Thumb Code    34  stm32f4xx_tim.o(i.TIM_GetITStatus)
    TIM_ITConfig                             0x08002691   Thumb Code    18  stm32f4xx_tim.o(i.TIM_ITConfig)
    TIM_TimeBaseInit                         0x080026a5   Thumb Code   104  stm32f4xx_tim.o(i.TIM_TimeBaseInit)
    USART1_DMA_Config                        0x08002729   Thumb Code   302  dma2.o(i.USART1_DMA_Config)
    USART1_IRQHandler                        0x0800286d   Thumb Code   120  dma2.o(i.USART1_IRQHandler)
    USART3_IRQHandler                        0x080028f1   Thumb Code   152  usart3_vision.o(i.USART3_IRQHandler)
    USART_Cmd                                0x08002999   Thumb Code    24  stm32f4xx_usart.o(i.USART_Cmd)
    USART_DMACmd                             0x080029b1   Thumb Code    18  stm32f4xx_usart.o(i.USART_DMACmd)
    USART_DeInit                             0x080029c5   Thumb Code   206  stm32f4xx_usart.o(i.USART_DeInit)
    USART_GetITStatus                        0x08002ab5   Thumb Code    84  stm32f4xx_usart.o(i.USART_GetITStatus)
    USART_ITConfig                           0x08002b09   Thumb Code    74  stm32f4xx_usart.o(i.USART_ITConfig)
    USART_Init                               0x08002b55   Thumb Code   204  stm32f4xx_usart.o(i.USART_Init)
    USART_StructInit                         0x08002c29   Thumb Code    24  stm32f4xx_usart.o(i.USART_StructInit)
    UsageFault_Handler                       0x08002c41   Thumb Code     4  stm32f4xx_it.o(i.UsageFault_Handler)
    VisionData_analysis                      0x08002c45   Thumb Code   226  usart3_vision.o(i.VisionData_analysis)
    __ARM_fpclassify                         0x08002d3d   Thumb Code    48  fpclassify.o(i.__ARM_fpclassify)
    __hardfp_acos                            0x08002d71   Thumb Code   738  acos.o(i.__hardfp_acos)
    __hardfp_atan                            0x080030c9   Thumb Code   622  atan.o(i.__hardfp_atan)
    __hardfp_atan2                           0x080033a1   Thumb Code   432  atan2.o(i.__hardfp_atan2)
    __hardfp_cos                             0x08003591   Thumb Code   180  cos.o(i.__hardfp_cos)
    __hardfp_fabs                            0x08003659   Thumb Code    20  fabs.o(i.__hardfp_fabs)
    __hardfp_sin                             0x08003671   Thumb Code   180  sin.o(i.__hardfp_sin)
    __hardfp_sqrt                            0x08003739   Thumb Code   122  sqrt.o(i.__hardfp_sqrt)
    __ieee754_rem_pio2                       0x080037b9   Thumb Code   938  rred.o(i.__ieee754_rem_pio2)
    __kernel_cos                             0x08003bf1   Thumb Code   322  cos_i.o(i.__kernel_cos)
    __kernel_poly                            0x08003d61   Thumb Code   248  poly.o(i.__kernel_poly)
    __kernel_sin                             0x08003e59   Thumb Code   280  sin_i.o(i.__kernel_sin)
    __mathlib_dbl_infnan                     0x08003f89   Thumb Code    20  dunder.o(i.__mathlib_dbl_infnan)
    __mathlib_dbl_infnan2                    0x08003f9d   Thumb Code    20  dunder.o(i.__mathlib_dbl_infnan2)
    __mathlib_dbl_invalid                    0x08003fb1   Thumb Code    24  dunder.o(i.__mathlib_dbl_invalid)
    __mathlib_dbl_underflow                  0x08003fd1   Thumb Code    24  dunder.o(i.__mathlib_dbl_underflow)
    atan                                     0x08003ff1   Thumb Code    16  atan.o(i.atan)
    delay_init                               0x08004001   Thumb Code    52  delay.o(i.delay_init)
    delay_ms                                 0x0800403d   Thumb Code    56  delay.o(i.delay_ms)
    delay_xms                                0x08004075   Thumb Code    72  delay.o(i.delay_xms)
    fabs                                     0x080040c1   Thumb Code    24  fabs.o(i.fabs)
    main                                     0x080040d9   Thumb Code     8  main.o(i.main)
    sqrt                                     0x080040e1   Thumb Code   110  sqrt.o(i.sqrt)
    __aeabi_dneg                             0x0800414f   Thumb Code     0  basic.o(x$fpl$basic)
    _dneg                                    0x0800414f   Thumb Code     6  basic.o(x$fpl$basic)
    __aeabi_fneg                             0x08004155   Thumb Code     0  basic.o(x$fpl$basic)
    _fneg                                    0x08004155   Thumb Code     6  basic.o(x$fpl$basic)
    _dabs                                    0x0800415b   Thumb Code     6  basic.o(x$fpl$basic)
    _fabs                                    0x08004161   Thumb Code     6  basic.o(x$fpl$basic)
    __aeabi_d2f                              0x08004169   Thumb Code     0  d2f.o(x$fpl$d2f)
    _d2f                                     0x08004169   Thumb Code    98  d2f.o(x$fpl$d2f)
    __aeabi_dadd                             0x080041cd   Thumb Code     0  daddsub_clz.o(x$fpl$dadd)
    _dadd                                    0x080041cd   Thumb Code   332  daddsub_clz.o(x$fpl$dadd)
    __fpl_dcmp_Inf                           0x0800431d   Thumb Code    24  dcmpi.o(x$fpl$dcmpinf)
    __aeabi_ddiv                             0x08004335   Thumb Code     0  ddiv.o(x$fpl$ddiv)
    _ddiv                                    0x08004335   Thumb Code   552  ddiv.o(x$fpl$ddiv)
    __aeabi_d2iz                             0x080045e5   Thumb Code     0  dfix.o(x$fpl$dfix)
    _dfix                                    0x080045e5   Thumb Code    94  dfix.o(x$fpl$dfix)
    __aeabi_i2d                              0x08004643   Thumb Code     0  dflt_clz.o(x$fpl$dflt)
    _dflt                                    0x08004643   Thumb Code    46  dflt_clz.o(x$fpl$dflt)
    __aeabi_ui2d                             0x08004671   Thumb Code     0  dflt_clz.o(x$fpl$dfltu)
    _dfltu                                   0x08004671   Thumb Code    38  dflt_clz.o(x$fpl$dfltu)
    __aeabi_cdcmple                          0x08004699   Thumb Code     0  dleqf.o(x$fpl$dleqf)
    _dcmple                                  0x08004699   Thumb Code   120  dleqf.o(x$fpl$dleqf)
    __fpl_dcmple_InfNaN                      0x080046fb   Thumb Code     0  dleqf.o(x$fpl$dleqf)
    __aeabi_dmul                             0x08004711   Thumb Code     0  dmul.o(x$fpl$dmul)
    _dmul                                    0x08004711   Thumb Code   332  dmul.o(x$fpl$dmul)
    __fpl_dnaninf                            0x08004865   Thumb Code   156  dnaninf.o(x$fpl$dnaninf)
    __fpl_dretinf                            0x08004901   Thumb Code    12  dretinf.o(x$fpl$dretinf)
    __aeabi_cdrcmple                         0x0800490d   Thumb Code     0  drleqf.o(x$fpl$drleqf)
    _drcmple                                 0x0800490d   Thumb Code   108  drleqf.o(x$fpl$drleqf)
    __aeabi_drsub                            0x08004979   Thumb Code     0  daddsub_clz.o(x$fpl$drsb)
    _drsb                                    0x08004979   Thumb Code    22  daddsub_clz.o(x$fpl$drsb)
    _dsqrt                                   0x08004991   Thumb Code   404  dsqrt_umaal.o(x$fpl$dsqrt)
    __aeabi_dsub                             0x08004b29   Thumb Code     0  daddsub_clz.o(x$fpl$dsub)
    _dsub                                    0x08004b29   Thumb Code   464  daddsub_clz.o(x$fpl$dsub)
    __aeabi_f2d                              0x08004cfd   Thumb Code     0  f2d.o(x$fpl$f2d)
    _f2d                                     0x08004cfd   Thumb Code    86  f2d.o(x$fpl$f2d)
    __fpl_fnaninf                            0x08004d53   Thumb Code   140  fnaninf.o(x$fpl$fnaninf)
    _fp_init                                 0x08004ddf   Thumb Code    10  fpinit.o(x$fpl$fpinit)
    __fplib_config_fpu_vfp                   0x08004de7   Thumb Code     0  fpinit.o(x$fpl$fpinit)
    __fplib_config_pureend_doubles           0x08004de7   Thumb Code     0  fpinit.o(x$fpl$fpinit)
    __fpl_fretinf                            0x08004de9   Thumb Code    10  fretinf.o(x$fpl$fretinf)
    __I$use$fp                               0x08004df2   Number         0  usenofp.o(x$fpl$usenofp)
    __mathlib_zero                           0x08004f10   Data           8  qnan.o(.constdata)
    Region$$Table$$Base                      0x08005008   Number         0  anon$$obj.o(Region$$Table)
    Region$$Table$$Limit                     0x08005028   Number         0  anon$$obj.o(Region$$Table)
    BSP_OK_init_flag                         0x20000010   Data           4  bsp.o(.data)
    system_1ms                               0x20000014   Data           4  time2.o(.data)
    Vision_frame_rx_len                      0x2000001c   Data           1  usart3_vision.o(.data)
    cs_time                                  0x20000020   Data           4  usart3_vision.o(.data)
    last_time                                0x20000024   Data           4  usart3_vision.o(.data)
    MAX_SPEED                                0x20000028   Data           4  arm.o(.data)
    pi                                       0x2000002c   Data           4  arm.o(.data)
    CAN1_flag                                0x20000030   Data           4  arm.o(.data)
    CAN2_flag                                0x20000034   Data           4  arm.o(.data)
    Motor_Eable_flag                         0x20000038   Data           4  arm.o(.data)
    Arm_Init_flag                            0x2000003c   Data           4  arm.o(.data)
    Catch_flag                               0x20000040   Data           4  arm.o(.data)
    hand_shake_flag                          0x20000044   Data           4  arm.o(.data)
    tar_X                                    0x20000048   Data           4  arm.o(.data)
    tar_Y                                    0x2000004c   Data           4  arm.o(.data)
    now_angle1                               0x20000050   Data           4  arm.o(.data)
    now_angle2                               0x20000054   Data           4  arm.o(.data)
    tar_angle1                               0x20000058   Data           4  arm.o(.data)
    tar_angle2                               0x2000005c   Data           4  arm.o(.data)
    tar_speed1                               0x20000060   Data           4  arm.o(.data)
    tar_speed2                               0x20000064   Data           4  arm.o(.data)
    L1                                       0x20000068   Data           4  arm.o(.data)
    L2                                       0x2000006c   Data           4  arm.o(.data)
    L3                                       0x20000070   Data           4  arm.o(.data)
    pos_tar1                                 0x20000074   Data           4  arm.o(.data)
    pos_tar2                                 0x20000078   Data           4  arm.o(.data)
    pos_tar3                                 0x2000007c   Data           4  arm.o(.data)
    pos_last1                                0x20000080   Data           4  arm.o(.data)
    pos_last2                                0x20000084   Data           4  arm.o(.data)
    center1                                  0x20000088   Data           4  arm.o(.data)
    center2                                  0x2000008c   Data           4  arm.o(.data)
    R                                        0x20000090   Data           4  arm.o(.data)
    round_flag                               0x20000094   Data           1  arm.o(.data)
    angle1                                   0x20000098   Data           4  arm.o(.data)
    angle2                                   0x2000009c   Data           4  arm.o(.data)
    num                                      0x200000a0   Data           4  arm.o(.data)
    angle                                    0x200000a4   Data           4  arm.o(.data)
    step                                     0x200000a8   Data           4  arm.o(.data)
    time_space                               0x200000ac   Data           4  arm.o(.data)
    RC_Ctl                                   0x200000b0   Data          20  remote_analysis.o(.data)
    Chassis_Control_Heading                  0x200000c4   Data           1  remote_analysis.o(.data)
    sbus_rx_buffer                           0x200000cc   Data         200  dma2.o(.bss)
    USART3_DMA_RX_BUF                        0x20000194   Data         200  usart3_vision.o(.bss)
    Vision_Data                              0x2000025c   Data          32  usart3_vision.o(.bss)
    receive_data2                            0x2000027c   Data          20  can2.o(.bss)
    KeyBoardData                             0x20000290   Data          96  remote_analysis.o(.bss)
    __libspace_start                         0x200002f0   Data          96  libspace.o(.bss)
    __temporary_stack_top$libspace           0x20000350   Data           0  libspace.o(.bss)



==============================================================================

Memory Map of the image

  Image Entry point : 0x08000189

  Load Region LR_IROM1 (Base: 0x08000000, Size: 0x000050f4, Max: 0x00100000, ABSOLUTE)

    Execution Region ER_IROM1 (Exec base: 0x08000000, Load base: 0x08000000, Size: 0x00005028, Max: 0x00100000, ABSOLUTE)

    Exec Addr    Load Addr    Size         Type   Attr      Idx    E Section Name        Object

    0x08000000   0x08000000   0x00000188   Data   RO         2731    RESET               startup_stm32f40_41xxx.o
    0x08000188   0x08000188   0x00000008   Code   RO         3198  * !!!main             c_w.l(__main.o)
    0x08000190   0x08000190   0x00000034   Code   RO         3522    !!!scatter          c_w.l(__scatter.o)
    0x080001c4   0x080001c4   0x0000001a   Code   RO         3524    !!handler_copy      c_w.l(__scatter_copy.o)
    0x080001de   0x080001de   0x00000002   PAD
    0x080001e0   0x080001e0   0x0000001c   Code   RO         3526    !!handler_zi        c_w.l(__scatter_zi.o)
    0x080001fc   0x080001fc   0x00000002   Code   RO         3395    .ARM.Collect$$libinit$$00000000  c_w.l(libinit.o)
    0x080001fe   0x080001fe   0x00000004   Code   RO         3398    .ARM.Collect$$libinit$$00000001  c_w.l(libinit2.o)
    0x08000202   0x08000202   0x00000000   Code   RO         3401    .ARM.Collect$$libinit$$00000004  c_w.l(libinit2.o)
    0x08000202   0x08000202   0x00000000   Code   RO         3404    .ARM.Collect$$libinit$$0000000A  c_w.l(libinit2.o)
    0x08000202   0x08000202   0x00000000   Code   RO         3406    .ARM.Collect$$libinit$$0000000C  c_w.l(libinit2.o)
    0x08000202   0x08000202   0x00000000   Code   RO         3408    .ARM.Collect$$libinit$$0000000E  c_w.l(libinit2.o)
    0x08000202   0x08000202   0x00000000   Code   RO         3411    .ARM.Collect$$libinit$$00000011  c_w.l(libinit2.o)
    0x08000202   0x08000202   0x00000000   Code   RO         3413    .ARM.Collect$$libinit$$00000013  c_w.l(libinit2.o)
    0x08000202   0x08000202   0x00000000   Code   RO         3415    .ARM.Collect$$libinit$$00000015  c_w.l(libinit2.o)
    0x08000202   0x08000202   0x00000000   Code   RO         3417    .ARM.Collect$$libinit$$00000017  c_w.l(libinit2.o)
    0x08000202   0x08000202   0x00000000   Code   RO         3419    .ARM.Collect$$libinit$$00000019  c_w.l(libinit2.o)
    0x08000202   0x08000202   0x00000000   Code   RO         3421    .ARM.Collect$$libinit$$0000001B  c_w.l(libinit2.o)
    0x08000202   0x08000202   0x00000000   Code   RO         3423    .ARM.Collect$$libinit$$0000001D  c_w.l(libinit2.o)
    0x08000202   0x08000202   0x00000000   Code   RO         3425    .ARM.Collect$$libinit$$0000001F  c_w.l(libinit2.o)
    0x08000202   0x08000202   0x00000000   Code   RO         3427    .ARM.Collect$$libinit$$00000021  c_w.l(libinit2.o)
    0x08000202   0x08000202   0x00000000   Code   RO         3429    .ARM.Collect$$libinit$$00000023  c_w.l(libinit2.o)
    0x08000202   0x08000202   0x00000000   Code   RO         3431    .ARM.Collect$$libinit$$00000025  c_w.l(libinit2.o)
    0x08000202   0x08000202   0x00000000   Code   RO         3435    .ARM.Collect$$libinit$$0000002C  c_w.l(libinit2.o)
    0x08000202   0x08000202   0x00000000   Code   RO         3437    .ARM.Collect$$libinit$$0000002E  c_w.l(libinit2.o)
    0x08000202   0x08000202   0x00000000   Code   RO         3439    .ARM.Collect$$libinit$$00000030  c_w.l(libinit2.o)
    0x08000202   0x08000202   0x00000000   Code   RO         3441    .ARM.Collect$$libinit$$00000032  c_w.l(libinit2.o)
    0x08000202   0x08000202   0x00000002   Code   RO         3442    .ARM.Collect$$libinit$$00000033  c_w.l(libinit2.o)
    0x08000204   0x08000204   0x00000002   Code   RO         3462    .ARM.Collect$$libshutdown$$00000000  c_w.l(libshutdown.o)
    0x08000206   0x08000206   0x00000000   Code   RO         3475    .ARM.Collect$$libshutdown$$00000002  c_w.l(libshutdown2.o)
    0x08000206   0x08000206   0x00000000   Code   RO         3477    .ARM.Collect$$libshutdown$$00000004  c_w.l(libshutdown2.o)
    0x08000206   0x08000206   0x00000000   Code   RO         3480    .ARM.Collect$$libshutdown$$00000007  c_w.l(libshutdown2.o)
    0x08000206   0x08000206   0x00000000   Code   RO         3483    .ARM.Collect$$libshutdown$$0000000A  c_w.l(libshutdown2.o)
    0x08000206   0x08000206   0x00000000   Code   RO         3485    .ARM.Collect$$libshutdown$$0000000C  c_w.l(libshutdown2.o)
    0x08000206   0x08000206   0x00000000   Code   RO         3488    .ARM.Collect$$libshutdown$$0000000F  c_w.l(libshutdown2.o)
    0x08000206   0x08000206   0x00000002   Code   RO         3489    .ARM.Collect$$libshutdown$$00000010  c_w.l(libshutdown2.o)
    0x08000208   0x08000208   0x00000000   Code   RO         3288    .ARM.Collect$$rtentry$$00000000  c_w.l(__rtentry.o)
    0x08000208   0x08000208   0x00000000   Code   RO         3352    .ARM.Collect$$rtentry$$00000002  c_w.l(__rtentry2.o)
    0x08000208   0x08000208   0x00000006   Code   RO         3364    .ARM.Collect$$rtentry$$00000004  c_w.l(__rtentry4.o)
    0x0800020e   0x0800020e   0x00000000   Code   RO         3354    .ARM.Collect$$rtentry$$00000009  c_w.l(__rtentry2.o)
    0x0800020e   0x0800020e   0x00000004   Code   RO         3355    .ARM.Collect$$rtentry$$0000000A  c_w.l(__rtentry2.o)
    0x08000212   0x08000212   0x00000000   Code   RO         3357    .ARM.Collect$$rtentry$$0000000C  c_w.l(__rtentry2.o)
    0x08000212   0x08000212   0x00000008   Code   RO         3358    .ARM.Collect$$rtentry$$0000000D  c_w.l(__rtentry2.o)
    0x0800021a   0x0800021a   0x00000002   Code   RO         3396    .ARM.Collect$$rtexit$$00000000  c_w.l(rtexit.o)
    0x0800021c   0x0800021c   0x00000000   Code   RO         3444    .ARM.Collect$$rtexit$$00000002  c_w.l(rtexit2.o)
    0x0800021c   0x0800021c   0x00000004   Code   RO         3445    .ARM.Collect$$rtexit$$00000003  c_w.l(rtexit2.o)
    0x08000220   0x08000220   0x00000006   Code   RO         3446    .ARM.Collect$$rtexit$$00000004  c_w.l(rtexit2.o)
    0x08000226   0x08000226   0x00000002   PAD
    0x08000228   0x08000228   0x00000040   Code   RO         2732    .text               startup_stm32f40_41xxx.o
    0x08000268   0x08000268   0x00000006   Code   RO         3196    .text               c_w.l(heapauxi.o)
    0x0800026e   0x0800026e   0x00000016   Code   RO         3289    .text               c_w.l(_rserrno.o)
    0x08000284   0x08000284   0x00000008   Code   RO         3369    .text               c_w.l(rt_errno_addr_intlibspace.o)
    0x0800028c   0x0800028c   0x00000008   Code   RO         3383    .text               c_w.l(libspace.o)
    0x08000294   0x08000294   0x0000004a   Code   RO         3386    .text               c_w.l(sys_stackheap_outer.o)
    0x080002de   0x080002de   0x00000012   Code   RO         3388    .text               c_w.l(exit.o)
    0x080002f0   0x080002f0   0x0000000c   Code   RO         3454    .text               c_w.l(sys_exit.o)
    0x080002fc   0x080002fc   0x00000002   Code   RO         3465    .text               c_w.l(use_no_semi.o)
    0x080002fe   0x080002fe   0x00000000   Code   RO         3467    .text               c_w.l(indicate_semi.o)
    0x080002fe   0x080002fe   0x00000002   PAD
    0x08000300   0x08000300   0x00000538   Code   RO         2940    i.Angle             arm.o
    0x08000838   0x08000838   0x0000009c   Code   RO         2941    i.Arm_Init          arm.o
    0x080008d4   0x080008d4   0x00000078   Code   RO         2942    i.Arm_Workspace_Judge  arm.o
    0x0800094c   0x0800094c   0x0000034c   Code   RO         2943    i.Arm_task          arm.o
    0x08000c98   0x08000c98   0x00000060   Code   RO         2738    i.BSP_Init          bsp.o
    0x08000cf8   0x08000cf8   0x00000004   Code   RO         2605    i.BusFault_Handler  stm32f4xx_it.o
    0x08000cfc   0x08000cfc   0x00000100   Code   RO         2913    i.CAN1_Mode_Init    can1.o
    0x08000dfc   0x08000dfc   0x00000034   Code   RO         2914    i.CAN1_RX0_IRQHandler  can1.o
    0x08000e30   0x08000e30   0x00000100   Code   RO         3002    i.CAN2_Mode_Init    can2.o
    0x08000f30   0x08000f30   0x00000034   Code   RO         3003    i.CAN2_RX0_IRQHandler  can2.o
    0x08000f64   0x08000f64   0x000000a8   Code   RO          297    i.CAN_ClearITPendingBit  stm32f4xx_can.o
    0x0800100c   0x0800100c   0x00000108   Code   RO          301    i.CAN_FilterInit    stm32f4xx_can.o
    0x08001114   0x08001114   0x00000120   Code   RO          303    i.CAN_GetITStatus   stm32f4xx_can.o
    0x08001234   0x08001234   0x00000012   Code   RO          307    i.CAN_ITConfig      stm32f4xx_can.o
    0x08001246   0x08001246   0x00000114   Code   RO          308    i.CAN_Init          stm32f4xx_can.o
    0x0800135a   0x0800135a   0x000000f0   Code   RO          311    i.CAN_Receive       stm32f4xx_can.o
    0x0800144a   0x0800144a   0x00000126   Code   RO          316    i.CAN_Transmit      stm32f4xx_can.o
    0x08001570   0x08001570   0x00000012   Code   RO          319    i.CheckITStatus     stm32f4xx_can.o
    0x08001582   0x08001582   0x00000016   Code   RO          635    i.DMA_Cmd           stm32f4xx_dma.o
    0x08001598   0x08001598   0x00000158   Code   RO          636    i.DMA_DeInit        stm32f4xx_dma.o
    0x080016f0   0x080016f0   0x00000016   Code   RO          637    i.DMA_DoubleBufferModeCmd  stm32f4xx_dma.o
    0x08001706   0x08001706   0x00000018   Code   RO          638    i.DMA_DoubleBufferModeConfig  stm32f4xx_dma.o
    0x0800171e   0x0800171e   0x00000008   Code   RO          641    i.DMA_GetCurrDataCounter  stm32f4xx_dma.o
    0x08001726   0x08001726   0x00000014   Code   RO          642    i.DMA_GetCurrentMemoryTarget  stm32f4xx_dma.o
    0x0800173a   0x0800173a   0x00000002   PAD
    0x0800173c   0x0800173c   0x00000058   Code   RO          647    i.DMA_Init          stm32f4xx_dma.o
    0x08001794   0x08001794   0x00000002   Code   RO         2606    i.DebugMon_Handler  stm32f4xx_it.o
    0x08001796   0x08001796   0x00000090   Code   RO          896    i.GPIO_Init         stm32f4xx_gpio.o
    0x08001826   0x08001826   0x00000046   Code   RO          897    i.GPIO_PinAFConfig  stm32f4xx_gpio.o
    0x0800186c   0x0800186c   0x00000004   Code   RO          903    i.GPIO_ResetBits    stm32f4xx_gpio.o
    0x08001870   0x08001870   0x00000004   Code   RO          904    i.GPIO_SetBits      stm32f4xx_gpio.o
    0x08001874   0x08001874   0x00000012   Code   RO          905    i.GPIO_StructInit   stm32f4xx_gpio.o
    0x08001886   0x08001886   0x00000002   PAD
    0x08001888   0x08001888   0x0000003c   Code   RO         3071    i.Hand_Shake1       can1_analysis.o
    0x080018c4   0x080018c4   0x0000003c   Code   RO         3118    i.Hand_Shake2       can2_analysis.o
    0x08001900   0x08001900   0x00000004   Code   RO         2607    i.HardFault_Handler  stm32f4xx_it.o
    0x08001904   0x08001904   0x0000011c   Code   RO         3033    i.Key_Analysis      remote_analysis.o
    0x08001a20   0x08001a20   0x0000003c   Code   RO         2890    i.LED_Init          led.o
    0x08001a5c   0x08001a5c   0x00000004   Code   RO         2608    i.MemManage_Handler  stm32f4xx_it.o
    0x08001a60   0x08001a60   0x0000002c   Code   RO         3072    i.Motor_Calibrate1  can1_analysis.o
    0x08001a8c   0x08001a8c   0x0000002c   Code   RO         3119    i.Motor_Calibrate2  can2_analysis.o
    0x08001ab8   0x08001ab8   0x0000002c   Code   RO         3073    i.Motor_Eable1      can1_analysis.o
    0x08001ae4   0x08001ae4   0x0000002c   Code   RO         3120    i.Motor_Eable2      can2_analysis.o
    0x08001b10   0x08001b10   0x0000006c   Code   RO         3074    i.Motor_Postion1    can1_analysis.o
    0x08001b7c   0x08001b7c   0x0000006c   Code   RO         3121    i.Motor_Postion2    can2_analysis.o
    0x08001be8   0x08001be8   0x00000002   Code   RO         2609    i.NMI_Handler       stm32f4xx_it.o
    0x08001bea   0x08001bea   0x00000002   PAD
    0x08001bec   0x08001bec   0x00000078   Code   RO          173    i.NVIC_Init         misc.o
    0x08001c64   0x08001c64   0x00000014   Code   RO          174    i.NVIC_PriorityGroupConfig  misc.o
    0x08001c78   0x08001c78   0x00000002   Code   RO         2610    i.PendSV_Handler    stm32f4xx_it.o
    0x08001c7a   0x08001c7a   0x00000002   PAD
    0x08001c7c   0x08001c7c   0x00000020   Code   RO         1345    i.RCC_AHB1PeriphClockCmd  stm32f4xx_rcc.o
    0x08001c9c   0x08001c9c   0x00000020   Code   RO         1354    i.RCC_APB1PeriphClockCmd  stm32f4xx_rcc.o
    0x08001cbc   0x08001cbc   0x00000020   Code   RO         1356    i.RCC_APB1PeriphResetCmd  stm32f4xx_rcc.o
    0x08001cdc   0x08001cdc   0x00000020   Code   RO         1357    i.RCC_APB2PeriphClockCmd  stm32f4xx_rcc.o
    0x08001cfc   0x08001cfc   0x00000020   Code   RO         1359    i.RCC_APB2PeriphResetCmd  stm32f4xx_rcc.o
    0x08001d1c   0x08001d1c   0x000000e8   Code   RO         1366    i.RCC_GetClocksFreq  stm32f4xx_rcc.o
    0x08001e04   0x08001e04   0x000000e4   Code   RO         3034    i.RemoteData_analysis  remote_analysis.o
    0x08001ee8   0x08001ee8   0x000004b8   Code   RO         2944    i.Round_Crossover_Point  arm.o
    0x080023a0   0x080023a0   0x00000002   Code   RO         2611    i.SVC_Handler       stm32f4xx_it.o
    0x080023a2   0x080023a2   0x00000002   PAD
    0x080023a4   0x080023a4   0x000000ec   Code   RO         2676    i.SetSysClock       system_stm32f4xx.o
    0x08002490   0x08002490   0x00000028   Code   RO          177    i.SysTick_CLKSourceConfig  misc.o
    0x080024b8   0x080024b8   0x00000002   Code   RO         2612    i.SysTick_Handler   stm32f4xx_it.o
    0x080024ba   0x080024ba   0x00000002   PAD
    0x080024bc   0x080024bc   0x00000068   Code   RO         2678    i.SystemInit        system_stm32f4xx.o
    0x08002524   0x08002524   0x000000d0   Code   RO         2790    i.TIM5_IRQHandler   time2.o
    0x080025f4   0x080025f4   0x0000005c   Code   RO         2791    i.TIM5_Int_Init     time2.o
    0x08002650   0x08002650   0x00000006   Code   RO         1860    i.TIM_ClearITPendingBit  stm32f4xx_tim.o
    0x08002656   0x08002656   0x00000018   Code   RO         1865    i.TIM_Cmd           stm32f4xx_tim.o
    0x0800266e   0x0800266e   0x00000022   Code   RO         1886    i.TIM_GetITStatus   stm32f4xx_tim.o
    0x08002690   0x08002690   0x00000012   Code   RO         1890    i.TIM_ITConfig      stm32f4xx_tim.o
    0x080026a2   0x080026a2   0x00000002   PAD
    0x080026a4   0x080026a4   0x00000084   Code   RO         1937    i.TIM_TimeBaseInit  stm32f4xx_tim.o
    0x08002728   0x08002728   0x00000144   Code   RO         2761    i.USART1_DMA_Config  dma2.o
    0x0800286c   0x0800286c   0x00000084   Code   RO         2762    i.USART1_IRQHandler  dma2.o
    0x080028f0   0x080028f0   0x000000a8   Code   RO         2850    i.USART3_IRQHandler  usart3_vision.o
    0x08002998   0x08002998   0x00000018   Code   RO         2418    i.USART_Cmd         stm32f4xx_usart.o
    0x080029b0   0x080029b0   0x00000012   Code   RO         2419    i.USART_DMACmd      stm32f4xx_usart.o
    0x080029c2   0x080029c2   0x00000002   PAD
    0x080029c4   0x080029c4   0x000000f0   Code   RO         2420    i.USART_DeInit      stm32f4xx_usart.o
    0x08002ab4   0x08002ab4   0x00000054   Code   RO         2422    i.USART_GetITStatus  stm32f4xx_usart.o
    0x08002b08   0x08002b08   0x0000004a   Code   RO         2424    i.USART_ITConfig    stm32f4xx_usart.o
    0x08002b52   0x08002b52   0x00000002   PAD
    0x08002b54   0x08002b54   0x000000d4   Code   RO         2425    i.USART_Init        stm32f4xx_usart.o
    0x08002c28   0x08002c28   0x00000018   Code   RO         2441    i.USART_StructInit  stm32f4xx_usart.o
    0x08002c40   0x08002c40   0x00000004   Code   RO         2613    i.UsageFault_Handler  stm32f4xx_it.o
    0x08002c44   0x08002c44   0x000000f8   Code   RO         2852    i.VisionData_analysis  usart3_vision.o
    0x08002d3c   0x08002d3c   0x00000030   Code   RO         3381    i.__ARM_fpclassify  m_wm.l(fpclassify.o)
    0x08002d6c   0x08002d6c   0x00000004   PAD
    0x08002d70   0x08002d70   0x00000358   Code   RO         3220    i.__hardfp_acos     m_wm.l(acos.o)
    0x080030c8   0x080030c8   0x000002d8   Code   RO         3306    i.__hardfp_atan     m_wm.l(atan.o)
    0x080033a0   0x080033a0   0x000001f0   Code   RO         3234    i.__hardfp_atan2    m_wm.l(atan2.o)
    0x08003590   0x08003590   0x000000c8   Code   RO         3246    i.__hardfp_cos      m_wm.l(cos.o)
    0x08003658   0x08003658   0x00000014   Code   RO         3258    i.__hardfp_fabs     m_wm.l(fabs.o)
    0x0800366c   0x0800366c   0x00000004   PAD
    0x08003670   0x08003670   0x000000c8   Code   RO         3264    i.__hardfp_sin      m_wm.l(sin.o)
    0x08003738   0x08003738   0x0000007a   Code   RO         3276    i.__hardfp_sqrt     m_wm.l(sqrt.o)
    0x080037b2   0x080037b2   0x00000006   PAD
    0x080037b8   0x080037b8   0x00000438   Code   RO         3340    i.__ieee754_rem_pio2  m_wm.l(rred.o)
    0x08003bf0   0x08003bf0   0x00000170   Code   RO         3320    i.__kernel_cos      m_wm.l(cos_i.o)
    0x08003d60   0x08003d60   0x000000f8   Code   RO         3337    i.__kernel_poly     m_wm.l(poly.o)
    0x08003e58   0x08003e58   0x00000130   Code   RO         3345    i.__kernel_sin      m_wm.l(sin_i.o)
    0x08003f88   0x08003f88   0x00000014   Code   RO         3324    i.__mathlib_dbl_infnan  m_wm.l(dunder.o)
    0x08003f9c   0x08003f9c   0x00000014   Code   RO         3325    i.__mathlib_dbl_infnan2  m_wm.l(dunder.o)
    0x08003fb0   0x08003fb0   0x00000020   Code   RO         3326    i.__mathlib_dbl_invalid  m_wm.l(dunder.o)
    0x08003fd0   0x08003fd0   0x00000020   Code   RO         3329    i.__mathlib_dbl_underflow  m_wm.l(dunder.o)
    0x08003ff0   0x08003ff0   0x00000010   Code   RO         3308    i.atan              m_wm.l(atan.o)
    0x08004000   0x08004000   0x0000003c   Code   RO         3156    i.delay_init        delay.o
    0x0800403c   0x0800403c   0x00000038   Code   RO         3157    i.delay_ms          delay.o
    0x08004074   0x08004074   0x0000004c   Code   RO         3159    i.delay_xms         delay.o
    0x080040c0   0x080040c0   0x00000018   Code   RO         3260    i.fabs              m_wm.l(fabs.o)
    0x080040d8   0x080040d8   0x00000008   Code   RO            3    i.main              main.o
    0x080040e0   0x080040e0   0x0000006e   Code   RO         3278    i.sqrt              m_wm.l(sqrt.o)
    0x0800414e   0x0800414e   0x00000018   Code   RO         3291    x$fpl$basic         fz_wm.l(basic.o)
    0x08004166   0x08004166   0x00000002   PAD
    0x08004168   0x08004168   0x00000062   Code   RO         3200    x$fpl$d2f           fz_wm.l(d2f.o)
    0x080041ca   0x080041ca   0x00000002   PAD
    0x080041cc   0x080041cc   0x00000150   Code   RO         3202    x$fpl$dadd          fz_wm.l(daddsub_clz.o)
    0x0800431c   0x0800431c   0x00000018   Code   RO         3293    x$fpl$dcmpinf       fz_wm.l(dcmpi.o)
    0x08004334   0x08004334   0x000002b0   Code   RO         3209    x$fpl$ddiv          fz_wm.l(ddiv.o)
    0x080045e4   0x080045e4   0x0000005e   Code   RO         3371    x$fpl$dfix          fz_wm.l(dfix.o)
    0x08004642   0x08004642   0x0000002e   Code   RO         3376    x$fpl$dflt          fz_wm.l(dflt_clz.o)
    0x08004670   0x08004670   0x00000026   Code   RO         3375    x$fpl$dfltu         fz_wm.l(dflt_clz.o)
    0x08004696   0x08004696   0x00000002   PAD
    0x08004698   0x08004698   0x00000078   Code   RO         3212    x$fpl$dleqf         fz_wm.l(dleqf.o)
    0x08004710   0x08004710   0x00000154   Code   RO         3214    x$fpl$dmul          fz_wm.l(dmul.o)
    0x08004864   0x08004864   0x0000009c   Code   RO         3295    x$fpl$dnaninf       fz_wm.l(dnaninf.o)
    0x08004900   0x08004900   0x0000000c   Code   RO         3297    x$fpl$dretinf       fz_wm.l(dretinf.o)
    0x0800490c   0x0800490c   0x0000006c   Code   RO         3216    x$fpl$drleqf        fz_wm.l(drleqf.o)
    0x08004978   0x08004978   0x00000016   Code   RO         3203    x$fpl$drsb          fz_wm.l(daddsub_clz.o)
    0x0800498e   0x0800498e   0x00000002   PAD
    0x08004990   0x08004990   0x00000198   Code   RO         3299    x$fpl$dsqrt         fz_wm.l(dsqrt_umaal.o)
    0x08004b28   0x08004b28   0x000001d4   Code   RO         3204    x$fpl$dsub          fz_wm.l(daddsub_clz.o)
    0x08004cfc   0x08004cfc   0x00000056   Code   RO         3218    x$fpl$f2d           fz_wm.l(f2d.o)
    0x08004d52   0x08004d52   0x0000008c   Code   RO         3301    x$fpl$fnaninf       fz_wm.l(fnaninf.o)
    0x08004dde   0x08004dde   0x0000000a   Code   RO         3452    x$fpl$fpinit        fz_wm.l(fpinit.o)
    0x08004de8   0x08004de8   0x0000000a   Code   RO         3303    x$fpl$fretinf       fz_wm.l(fretinf.o)
    0x08004df2   0x08004df2   0x00000000   Code   RO         3305    x$fpl$usenofp       fz_wm.l(usenofp.o)
    0x08004df2   0x08004df2   0x00000006   PAD
    0x08004df8   0x08004df8   0x00000050   Data   RO         3223    .constdata          m_wm.l(acos.o)
    0x08004e48   0x08004e48   0x00000098   Data   RO         3309    .constdata          m_wm.l(atan.o)
    0x08004ee0   0x08004ee0   0x00000030   Data   RO         3321    .constdata          m_wm.l(cos_i.o)
    0x08004f10   0x08004f10   0x00000008   Data   RO         3339    .constdata          m_wm.l(qnan.o)
    0x08004f18   0x08004f18   0x000000c8   Data   RO         3342    .constdata          m_wm.l(rred.o)
    0x08004fe0   0x08004fe0   0x00000028   Data   RO         3346    .constdata          m_wm.l(sin_i.o)
    0x08005008   0x08005008   0x00000020   Data   RO         3520    Region$$Table       anon$$obj.o


    Execution Region RW_IRAM1 (Exec base: 0x20000000, Load base: 0x08005028, Size: 0x00000950, Max: 0x00020000, ABSOLUTE)

    Exec Addr    Load Addr    Size         Type   Attr      Idx    E Section Name        Object

    0x20000000   0x08005028   0x00000010   Data   RW         1398    .data               stm32f4xx_rcc.o
    0x20000010   0x08005038   0x00000004   Data   RW         2739    .data               bsp.o
    0x20000014   0x0800503c   0x00000008   Data   RW         2792    .data               time2.o
    0x2000001c   0x08005044   0x0000000c   Data   RW         2854    .data               usart3_vision.o
    0x20000028   0x08005050   0x00000088   Data   RW         2945    .data               arm.o
    0x200000b0   0x080050d8   0x00000015   Data   RW         3036    .data               remote_analysis.o
    0x200000c5   0x080050ed   0x00000001   PAD
    0x200000c6   0x080050ee   0x00000004   Data   RW         3160    .data               delay.o
    0x200000ca   0x080050f2   0x00000002   PAD
    0x200000cc        -       0x000000c8   Zero   RW         2763    .bss                dma2.o
    0x20000194        -       0x000000e8   Zero   RW         2853    .bss                usart3_vision.o
    0x2000027c        -       0x00000014   Zero   RW         3004    .bss                can2.o
    0x20000290        -       0x00000060   Zero   RW         3035    .bss                remote_analysis.o
    0x200002f0        -       0x00000060   Zero   RW         3384    .bss                c_w.l(libspace.o)
    0x20000350        -       0x00000200   Zero   RW         2730    HEAP                startup_stm32f40_41xxx.o
    0x20000550        -       0x00000400   Zero   RW         2729    STACK               startup_stm32f40_41xxx.o


==============================================================================

Image component sizes


      Code (inc. data)   RO Data    RW Data    ZI Data      Debug   Object Name

      3664        284          0        136          0       5480   arm.o
        96          6          0          4          0        726   bsp.o
       308         20          0          0          0       1555   can1.o
       256         18          0          0          0       2697   can1_analysis.o
       308         24          0          0         20       1739   can2.o
       256         18          0          0          0       2693   can2_analysis.o
       192         12          0          4          0       1912   delay.o
       456         34          0          0        200       1929   dma2.o
        60          4          0          0          0        547   led.o
         8          0          0          0          0     287667   main.o
       180         24          0          0          0      19089   misc.o
       512         22          0         21         96       2875   remote_analysis.o
        64         26        392          0       1536        860   startup_stm32f40_41xxx.o
      1566         16          0          0          0      14818   stm32f4xx_can.o
       528         26          0          0          0      18203   stm32f4xx_dma.o
       240          0          0          0          0      10505   stm32f4xx_gpio.o
        26          0          0          0          0       4206   stm32f4xx_it.o
       392         48          0         16          0      21197   stm32f4xx_rcc.o
       214         28          0          0          0      23502   stm32f4xx_tim.o
       676         42          0          0          0      11635   stm32f4xx_usart.o
       340         32          0          0          0       1537   system_stm32f4xx.o
       300         46          0          8          0       1515   time2.o
       416         38          0         12        232       2777   usart3_vision.o

    ----------------------------------------------------------------------
     11076        768        424        204       2084     439664   Object Totals
         0          0         32          0          0          0   (incl. Generated)
        18          0          0          3          0          0   (incl. Padding)

    ----------------------------------------------------------------------

      Code (inc. data)   RO Data    RW Data    ZI Data      Debug   Library Member Name

         8          0          0          0          0         68   __main.o
         0          0          0          0          0          0   __rtentry.o
        12          0          0          0          0          0   __rtentry2.o
         6          0          0          0          0          0   __rtentry4.o
        52          8          0          0          0          0   __scatter.o
        26          0          0          0          0          0   __scatter_copy.o
        28          0          0          0          0          0   __scatter_zi.o
        22          0          0          0          0        100   _rserrno.o
        18          0          0          0          0         80   exit.o
         6          0          0          0          0        152   heapauxi.o
         0          0          0          0          0          0   indicate_semi.o
         2          0          0          0          0          0   libinit.o
         6          0          0          0          0          0   libinit2.o
         2          0          0          0          0          0   libshutdown.o
         2          0          0          0          0          0   libshutdown2.o
         8          4          0          0         96         68   libspace.o
         8          4          0          0          0         68   rt_errno_addr_intlibspace.o
         2          0          0          0          0          0   rtexit.o
        10          0          0          0          0          0   rtexit2.o
        12          4          0          0          0         68   sys_exit.o
        74          0          0          0          0         80   sys_stackheap_outer.o
         2          0          0          0          0         68   use_no_semi.o
        24          0          0          0          0        164   basic.o
        98          4          0          0          0        140   d2f.o
       826         16          0          0          0        492   daddsub_clz.o
        24          0          0          0          0        116   dcmpi.o
       688        140          0          0          0        256   ddiv.o
        94          4          0          0          0        140   dfix.o
        84          0          0          0          0        232   dflt_clz.o
       120          4          0          0          0        140   dleqf.o
       340         12          0          0          0        152   dmul.o
       156          4          0          0          0        140   dnaninf.o
        12          0          0          0          0        116   dretinf.o
       108          0          0          0          0        128   drleqf.o
       408         56          0          0          0        168   dsqrt_umaal.o
        86          4          0          0          0        132   f2d.o
       140          4          0          0          0        132   fnaninf.o
        10          0          0          0          0        116   fpinit.o
        10          0          0          0          0        116   fretinf.o
         0          0          0          0          0          0   usenofp.o
       856        118         80          0          0        288   acos.o
       744        106        152          0          0        352   atan.o
       496         64          0          0          0        192   atan2.o
       200         20          0          0          0        164   cos.o
       368         46         48          0          0        200   cos_i.o
       104         16          0          0          0        496   dunder.o
        44          0          0          0          0        248   fabs.o
        48          0          0          0          0        124   fpclassify.o
       248          0          0          0          0        152   poly.o
         0          0          8          0          0          0   qnan.o
      1080        142        200          0          0        188   rred.o
       200         20          0          0          0        164   sin.o
       304         24         40          0          0        208   sin_i.o
       232          0          0          0          0        296   sqrt.o

    ----------------------------------------------------------------------
      8492        824        528          0         96       6704   Library Totals
        34          0          0          0          0          0   (incl. Padding)

    ----------------------------------------------------------------------

      Code (inc. data)   RO Data    RW Data    ZI Data      Debug   Library Name

       306         20          0          0         96        752   c_w.l
      3228        248          0          0          0       2880   fz_wm.l
      4924        556        528          0          0       3072   m_wm.l

    ----------------------------------------------------------------------
      8492        824        528          0         96       6704   Library Totals

    ----------------------------------------------------------------------

==============================================================================


      Code (inc. data)   RO Data    RW Data    ZI Data      Debug   

     19568       1592        952        204       2180     434608   Grand Totals
     19568       1592        952        204       2180     434608   ELF Image Totals
     19568       1592        952        204          0          0   ROM Totals

==============================================================================

    Total RO  Size (Code + RO Data)                20520 (  20.04kB)
    Total RW  Size (RW Data + ZI Data)              2384 (   2.33kB)
    Total ROM Size (Code + RO Data + RW Data)      20724 (  20.24kB)

==============================================================================

