Component: ARM Compiler 5.06 update 4 (build 422) Tool: armlink [4d35d2]

==============================================================================

Section Cross References

    main.o(i.main) refers to bsp.o(i.BSP_Init) for BSP_Init
    stm32f4xx_can.o(i.CAN_DeInit) refers to stm32f4xx_rcc.o(i.RCC_APB1PeriphResetCmd) for RCC_APB1PeriphResetCmd
    stm32f4xx_can.o(i.CAN_GetITStatus) refers to stm32f4xx_can.o(i.CheckITStatus) for CheckITStatus
    stm32f4xx_dac.o(i.DAC_DeInit) refers to stm32f4xx_rcc.o(i.RCC_APB1PeriphResetCmd) for RCC_APB1PeriphResetCmd
    stm32f4xx_dma2d.o(i.DMA2D_DeInit) refers to stm32f4xx_rcc.o(i.RCC_AHB1PeriphResetCmd) for RCC_AHB1PeriphResetCmd
    stm32f4xx_gpio.o(i.GPIO_DeInit) refers to stm32f4xx_rcc.o(i.RCC_AHB1PeriphResetCmd) for RCC_AHB1PeriphResetCmd
    stm32f4xx_i2c.o(i.I2C_DeInit) refers to stm32f4xx_rcc.o(i.RCC_APB1PeriphResetCmd) for RCC_APB1PeriphResetCmd
    stm32f4xx_i2c.o(i.I2C_Init) refers to stm32f4xx_rcc.o(i.RCC_GetClocksFreq) for RCC_GetClocksFreq
    stm32f4xx_pwr.o(i.PWR_DeInit) refers to stm32f4xx_rcc.o(i.RCC_APB1PeriphResetCmd) for RCC_APB1PeriphResetCmd
    stm32f4xx_rcc.o(i.RCC_GetClocksFreq) refers to stm32f4xx_rcc.o(.data) for APBAHBPrescTable
    stm32f4xx_rcc.o(i.RCC_WaitForHSEStartUp) refers to stm32f4xx_rcc.o(i.RCC_GetFlagStatus) for RCC_GetFlagStatus
    stm32f4xx_spi.o(i.SPI_I2S_DeInit) refers to stm32f4xx_rcc.o(i.RCC_APB2PeriphResetCmd) for RCC_APB2PeriphResetCmd
    stm32f4xx_spi.o(i.SPI_I2S_DeInit) refers to stm32f4xx_rcc.o(i.RCC_APB1PeriphResetCmd) for RCC_APB1PeriphResetCmd
    stm32f4xx_tim.o(i.TIM_DeInit) refers to stm32f4xx_rcc.o(i.RCC_APB2PeriphResetCmd) for RCC_APB2PeriphResetCmd
    stm32f4xx_tim.o(i.TIM_DeInit) refers to stm32f4xx_rcc.o(i.RCC_APB1PeriphResetCmd) for RCC_APB1PeriphResetCmd
    stm32f4xx_tim.o(i.TIM_ETRClockMode1Config) refers to stm32f4xx_tim.o(i.TIM_ETRConfig) for TIM_ETRConfig
    stm32f4xx_tim.o(i.TIM_ETRClockMode2Config) refers to stm32f4xx_tim.o(i.TIM_ETRConfig) for TIM_ETRConfig
    stm32f4xx_tim.o(i.TIM_ICInit) refers to stm32f4xx_tim.o(i.TI1_Config) for TI1_Config
    stm32f4xx_tim.o(i.TIM_ICInit) refers to stm32f4xx_tim.o(i.TIM_SetIC1Prescaler) for TIM_SetIC1Prescaler
    stm32f4xx_tim.o(i.TIM_ICInit) refers to stm32f4xx_tim.o(i.TI2_Config) for TI2_Config
    stm32f4xx_tim.o(i.TIM_ICInit) refers to stm32f4xx_tim.o(i.TIM_SetIC2Prescaler) for TIM_SetIC2Prescaler
    stm32f4xx_tim.o(i.TIM_ICInit) refers to stm32f4xx_tim.o(i.TI3_Config) for TI3_Config
    stm32f4xx_tim.o(i.TIM_ICInit) refers to stm32f4xx_tim.o(i.TIM_SetIC3Prescaler) for TIM_SetIC3Prescaler
    stm32f4xx_tim.o(i.TIM_ICInit) refers to stm32f4xx_tim.o(i.TI4_Config) for TI4_Config
    stm32f4xx_tim.o(i.TIM_ICInit) refers to stm32f4xx_tim.o(i.TIM_SetIC4Prescaler) for TIM_SetIC4Prescaler
    stm32f4xx_tim.o(i.TIM_ITRxExternalClockConfig) refers to stm32f4xx_tim.o(i.TIM_SelectInputTrigger) for TIM_SelectInputTrigger
    stm32f4xx_tim.o(i.TIM_PWMIConfig) refers to stm32f4xx_tim.o(i.TI1_Config) for TI1_Config
    stm32f4xx_tim.o(i.TIM_PWMIConfig) refers to stm32f4xx_tim.o(i.TIM_SetIC1Prescaler) for TIM_SetIC1Prescaler
    stm32f4xx_tim.o(i.TIM_PWMIConfig) refers to stm32f4xx_tim.o(i.TI2_Config) for TI2_Config
    stm32f4xx_tim.o(i.TIM_PWMIConfig) refers to stm32f4xx_tim.o(i.TIM_SetIC2Prescaler) for TIM_SetIC2Prescaler
    stm32f4xx_tim.o(i.TIM_TIxExternalClockConfig) refers to stm32f4xx_tim.o(i.TI2_Config) for TI2_Config
    stm32f4xx_tim.o(i.TIM_TIxExternalClockConfig) refers to stm32f4xx_tim.o(i.TI1_Config) for TI1_Config
    stm32f4xx_tim.o(i.TIM_TIxExternalClockConfig) refers to stm32f4xx_tim.o(i.TIM_SelectInputTrigger) for TIM_SelectInputTrigger
    stm32f4xx_usart.o(i.USART_DeInit) refers to stm32f4xx_rcc.o(i.RCC_APB2PeriphResetCmd) for RCC_APB2PeriphResetCmd
    stm32f4xx_usart.o(i.USART_DeInit) refers to stm32f4xx_rcc.o(i.RCC_APB1PeriphResetCmd) for RCC_APB1PeriphResetCmd
    stm32f4xx_usart.o(i.USART_Init) refers to stm32f4xx_rcc.o(i.RCC_GetClocksFreq) for RCC_GetClocksFreq
    system_stm32f4xx.o(i.SystemCoreClockUpdate) refers to system_stm32f4xx.o(.data) for SystemCoreClock
    system_stm32f4xx.o(i.SystemInit) refers to system_stm32f4xx.o(i.SetSysClock) for SetSysClock
    startup_stm32f40_41xxx.o(STACK) refers (Special) to heapauxi.o(.text) for __use_two_region_memory
    startup_stm32f40_41xxx.o(HEAP) refers (Special) to heapauxi.o(.text) for __use_two_region_memory
    startup_stm32f40_41xxx.o(RESET) refers (Special) to heapauxi.o(.text) for __use_two_region_memory
    startup_stm32f40_41xxx.o(RESET) refers to startup_stm32f40_41xxx.o(STACK) for __initial_sp
    startup_stm32f40_41xxx.o(RESET) refers to startup_stm32f40_41xxx.o(.text) for Reset_Handler
    startup_stm32f40_41xxx.o(RESET) refers to stm32f4xx_it.o(i.NMI_Handler) for NMI_Handler
    startup_stm32f40_41xxx.o(RESET) refers to stm32f4xx_it.o(i.HardFault_Handler) for HardFault_Handler
[...]
    ..\ROBOT\BSP\dma2.c                      0x00000000   Number         0  dma2.o ABSOLUTE
    ..\ROBOT\BSP\time2.c                     0x00000000   Number         0  time2.o ABSOLUTE
    ..\STM32F405\CORE\startup_stm32f40_41xxx.s 0x00000000   Number         0  startup_stm32f40_41xxx.o ABSOLUTE
    ..\STM32F405\FWLIB\src\misc.c            0x00000000   Number         0  misc.o ABSOLUTE
    ..\STM32F405\FWLIB\src\stm32f4xx_can.c   0x00000000   Number         0  stm32f4xx_can.o ABSOLUTE
    ..\STM32F405\FWLIB\src\stm32f4xx_crc.c   0x00000000   Number         0  stm32f4xx_crc.o ABSOLUTE
    ..\STM32F405\FWLIB\src\stm32f4xx_dac.c   0x00000000   Number         0  stm32f4xx_dac.o ABSOLUTE
    ..\STM32F405\FWLIB\src\stm32f4xx_dma.c   0x00000000   Number         0  stm32f4xx_dma.o ABSOLUTE
    ..\STM32F405\FWLIB\src\stm32f4xx_dma2d.c 0x00000000   Number         0  stm32f4xx_dma2d.o ABSOLUTE
    ..\STM32F405\FWLIB\src\stm32f4xx_gpio.c  0x00000000   Number         0  stm32f4xx_gpio.o ABSOLUTE
    ..\STM32F405\FWLIB\src\stm32f4xx_i2c.c   0x00000000   Number         0  stm32f4xx_i2c.o ABSOLUTE
    ..\STM32F405\FWLIB\src\stm32f4xx_pwr.c   0x00000000   Number         0  stm32f4xx_pwr.o ABSOLUTE
    ..\STM32F405\FWLIB\src\stm32f4xx_rcc.c   0x00000000   Number         0  stm32f4xx_rcc.o ABSOLUTE
    ..\STM32F405\FWLIB\src\stm32f4xx_spi.c   0x00000000   Number         0  stm32f4xx_spi.o ABSOLUTE
    ..\STM32F405\FWLIB\src\stm32f4xx_tim.c   0x00000000   Number         0  stm32f4xx_tim.o ABSOLUTE
    ..\STM32F405\FWLIB\src\stm32f4xx_usart.c 0x00000000   Number         0  stm32f4xx_usart.o ABSOLUTE
    ..\STM32F405\stm32f4xx_it.c              0x00000000   Number         0  stm32f4xx_it.o ABSOLUTE
    ..\STM32F405\sys.c                       0x00000000   Number         0  sys.o ABSOLUTE
    ..\STM32F405\system_stm32f4xx.c          0x00000000   Number         0  system_stm32f4xx.o ABSOLUTE
    ..\USER\main.c                           0x00000000   Number         0  main.o ABSOLUTE
    ..\\..\\STM32F405\\ROBOT\\APP\\led.c     0x00000000   Number         0  led.o ABSOLUTE
    ..\\ROBOT\\ALGO\\delay.c                 0x00000000   Number         0  delay.o ABSOLUTE
    ..\\ROBOT\\ANALYSIS\\can1_analysis.c     0x00000000   Number         0  can1_analysis.o ABSOLUTE
    ..\\ROBOT\\ANALYSIS\\remote_analysis.c   0x00000000   Number         0  remote_analysis.o ABSOLUTE
    ..\\ROBOT\\APP\\arm.c                    0x00000000   Number         0  arm.o ABSOLUTE
    ..\\ROBOT\\APP\\can1.c                   0x00000000   Number         0  can1.o ABSOLUTE
    ..\\ROBOT\\APP\\can2.c                   0x00000000   Number         0  can2.o ABSOLUTE
    ..\\ROBOT\\APP\\chassis.c                0x00000000   Number         0  chassis.o ABSOLUTE
    ..\\ROBOT\\BSP\\beep.c                   0x00000000   Number         0  beep.o ABSOLUTE
    ..\\ROBOT\\BSP\\bsp.c                    0x00000000   Number         0  bsp.o ABSOLUTE
    ..\\ROBOT\\BSP\\dma2.c                   0x00000000   Number         0  dma2.o ABSOLUTE
    ..\\ROBOT\\BSP\\time2.c                  0x00000000   Number         0  time2.o ABSOLUTE
    ..\\STM32F405\\FWLIB\\src\\misc.c        0x00000000   Number         0  misc.o ABSOLUTE
    ..\\STM32F405\\FWLIB\\src\\stm32f4xx_can.c 0x00000000   Number         0  stm32f4xx_can.o ABSOLUTE
    ..\\STM32F405\\FWLIB\\src\\stm32f4xx_crc.c 0x00000000   Number         0  stm32f4xx_crc.o ABSOLUTE
    ..\\STM32F405\\FWLIB\\src\\stm32f4xx_dac.c 0x00000000   Number         0  stm32f4xx_dac.o ABSOLUTE
    ..\\STM32F405\\FWLIB\\src\\stm32f4xx_dma.c 0x00000000   Number         0  stm32f4xx_dma.o ABSOLUTE
    ..\\STM32F405\\FWLIB\\src\\stm32f4xx_dma2d.c 0x00000000   Number         0  stm32f4xx_dma2d.o ABSOLUTE
    ..\\STM32F405\\FWLIB\\src\\stm32f4xx_gpio.c 0x00000000   Number         0  stm32f4xx_gpio.o ABSOLUTE
    ..\\STM32F405\\FWLIB\\src\\stm32f4xx_i2c.c 0x00000000   Number         0  stm32f4xx_i2c.o ABSOLUTE
    ..\\STM32F405\\FWLIB\\src\\stm32f4xx_pwr.c 0x00000000   Number         0  stm32f4xx_pwr.o ABSOLUTE
    ..\\STM32F405\\FWLIB\\src\\stm32f4xx_rcc.c 0x00000000   Number         0  stm32f4xx_rcc.o ABSOLUTE
    ..\\STM32F405\\FWLIB\\src\\stm32f4xx_spi.c 0x00000000   Number         0  stm32f4xx_spi.o ABSOLUTE
    ..\\STM32F405\\FWLIB\\src\\stm32f4xx_tim.c 0x00000000   Number         0  stm32f4xx_tim.o ABSOLUTE
    ..\\STM32F405\\FWLIB\\src\\stm32f4xx_usart.c 0x00000000   Number         0  stm32f4xx_usart.o ABSOLUTE
    ..\\STM32F405\\stm32f4xx_it.c            0x00000000   Number         0  stm32f4xx_it.o ABSOLUTE
    ..\\STM32F405\\sys.c                     0x00000000   Number         0  sys.o ABSOLUTE
    ..\\STM32F405\\system_stm32f4xx.c        0x00000000   Number         0  system_stm32f4xx.o ABSOLUTE
    ..\\USER\\main.c                         0x00000000   Number         0  main.o ABSOLUTE
    dc.s                                     0x00000000   Number         0  dc.o ABSOLUTE
    RESET                                    0x08000000   Section      392  startup_stm32f40_41xxx.o(RESET)
    !!!main                                  0x08000188   Section        8  __main.o(!!!main)
    !!!scatter                               0x08000190   Section       52  __scatter.o(!!!scatter)
    !!handler_copy                           0x080001c4   Section       26  __scatter_copy.o(!!handler_copy)
    !!handler_zi                             0x080001e0   Section       28  __scatter_zi.o(!!handler_zi)
    .ARM.Collect$$libinit$$00000000          0x080001fc   Section        2  libinit.o(.ARM.Collect$$libinit$$00000000)
    .ARM.Collect$$libinit$$00000001          0x080001fe   Section        4  libinit2.o(.ARM.Collect$$libinit$$00000001)
    .ARM.Collect$$libinit$$00000004          0x08000202   Section        0  libinit2.o(.ARM.Collect$$libinit$$00000004)
    .ARM.Collect$$libinit$$0000000A          0x08000202   Section        0  libinit2.o(.ARM.Collect$$libinit$$0000000A)
    .ARM.Collect$$libinit$$0000000C          0x08000202   Section        0  libinit2.o(.ARM.Collect$$libinit$$0000000C)
    .ARM.Collect$$libinit$$0000000E          0x08000202   Section        0  libinit2.o(.ARM.Collect$$libinit$$0000000E)
    .ARM.Collect$$libinit$$00000011          0x08000202   Section        0  libinit2.o(.ARM.Collect$$libinit$$00000011)
    .ARM.Collect$$libinit$$00000013          0x08000202   Section        0  libinit2.o(.ARM.Collect$$libinit$$00000013)
    .ARM.Collect$$libinit$$00000015          0x08000202   Section        0  libinit2.o(.ARM.Collect$$libinit$$00000015)
    .ARM.Collect$$libinit$$00000017          0x08000202   Section        0  libinit2.o(.ARM.Collect$$libinit$$00000017)
    .ARM.Collect$$libinit$$00000019          0x08000202   Section        0  libinit2.o(.ARM.Collect$$libinit$$00000019)
    .ARM.Collect$$libinit$$0000001B          0x08000202   Section        0  libinit2.o(.ARM.Collect$$libinit$$0000001B)
    .ARM.Collect$$libinit$$0000001D          0x08000202   Section        0  libinit2.o(.ARM.Collect$$libinit$$0000001D)
    .ARM.Collect$$libinit$$0000001F          0x08000202   Section        0  libinit2.o(.ARM.Collect$$libinit$$0000001F)
    .ARM.Collect$$libinit$$00000021          0x08000202   Section        0  libinit2.o(.ARM.Collect$$libinit$$00000021)
    .ARM.Collect$$libinit$$00000023          0x08000202   Section        0  libinit2.o(.ARM.Collect$$libinit$$00000023)
    .ARM.Collect$$libinit$$00000025          0x08000202   Section        0  libinit2.o(.ARM.Collect$$libinit$$00000025)
    .ARM.Collect$$libinit$$0000002C          0x08000202   Section        0  libinit2.o(.ARM.Collect$$libinit$$0000002C)
    .ARM.Collect$$libinit$$0000002E          0x08000202   Section        0  libinit2.o(.ARM.Collect$$libinit$$0000002E)
    .ARM.Collect$$libinit$$00000030          0x08000202   Section        0  libinit2.o(.ARM.Collect$$libinit$$00000030)
    .ARM.Collect$$libinit$$00000032          0x08000202   Section        0  libinit2.o(.ARM.Collect$$libinit$$00000032)
    .ARM.Collect$$libinit$$00000033          0x08000202   Section        2  libinit2.o(.ARM.Collect$$libinit$$00000033)
    .ARM.Collect$$libshutdown$$00000000      0x08000204   Section        2  libshutdown.o(.ARM.Collect$$libshutdown$$00000000)
    .ARM.Collect$$libshutdown$$00000002      0x08000206   Section        0  libshutdown2.o(.ARM.Collect$$libshutdown$$00000002)
    .ARM.Collect$$libshutdown$$00000004      0x08000206   Section        0  libshutdown2.o(.ARM.Collect$$libshutdown$$00000004)
    .ARM.Collect$$libshutdown$$00000007      0x08000206   Section        0  libshutdown2.o(.ARM.Collect$$libshutdown$$00000007)
    .ARM.Collect$$libshutdown$$0000000A      0x08000206   Section        0  libshutdown2.o(.ARM.Collect$$libshutdown$$0000000A)
    .ARM.Collect$$libshutdown$$0000000C      0x08000206   Section        0  libshutdown2.o(.ARM.Collect$$libshutdown$$0000000C)
    .ARM.Collect$$libshutdown$$0000000F      0x08000206   Section        0  libshutdown2.o(.ARM.Collect$$libshutdown$$0000000F)
    .ARM.Collect$$libshutdown$$00000010      0x08000206   Section        2  libshutdown2.o(.ARM.Collect$$libshutdown$$00000010)
    .ARM.Collect$$rtentry$$00000000          0x08000208   Section        0  __rtentry.o(.ARM.Collect$$rtentry$$00000000)
    .ARM.Collect$$rtentry$$00000002          0x08000208   Section        0  __rtentry2.o(.ARM.Collect$$rtentry$$00000002)
    .ARM.Collect$$rtentry$$00000004          0x08000208   Section        6  __rtentry4.o(.ARM.Collect$$rtentry$$00000004)
    .ARM.Collect$$rtentry$$00000009          0x0800020e   Section        0  __rtentry2.o(.ARM.Collect$$rtentry$$00000009)
    .ARM.Collect$$rtentry$$0000000A          0x0800020e   Section        4  __rtentry2.o(.ARM.Collect$$rtentry$$0000000A)
    .ARM.Collect$$rtentry$$0000000C          0x08000212   Section        0  __rtentry2.o(.ARM.Collect$$rtentry$$0000000C)
    .ARM.Collect$$rtentry$$0000000D          0x08000212   Section        8  __rtentry2.o(.ARM.Collect$$rtentry$$0000000D)
    .ARM.Collect$$rtexit$$00000000           0x0800021a   Section        2  rtexit.o(.ARM.Collect$$rtexit$$00000000)
    .ARM.Collect$$rtexit$$00000002           0x0800021c   Section        0  rtexit2.o(.ARM.Collect$$rtexit$$00000002)
    .ARM.Collect$$rtexit$$00000003           0x0800021c   Section        4  rtexit2.o(.ARM.Collect$$rtexit$$00000003)
    .ARM.Collect$$rtexit$$00000004           0x08000220   Section        6  rtexit2.o(.ARM.Collect$$rtexit$$00000004)
    .text                                    0x08000228   Section       64  startup_stm32f40_41xxx.o(.text)
    $v0                                      0x08000228   Number         0  startup_stm32f40_41xxx.o(.text)
    .text                                    0x08000268   Section        0  heapauxi.o(.text)
    .text                                    0x0800026e   Section        0  _rserrno.o(.text)
    .text                                    0x08000284   Section        8  rt_errno_addr_intlibspace.o(.text)
    .text                                    0x0800028c   Section        8  libspace.o(.text)
    .text                                    0x08000294   Section       74  sys_stackheap_outer.o(.text)
    .text                                    0x080002de   Section        0  exit.o(.text)
    .text                                    0x080002f0   Section        0  sys_exit.o(.text)
    .text                                    0x080002fc   Section        2  use_no_semi.o(.text)
    .text                                    0x080002fe   Section        0  indicate_semi.o(.text)
    i.Angle                                  0x08000300   Section        0  arm.o(i.Angle)
    i.Arm_Init                               0x08000838   Section        0  arm.o(i.Arm_Init)
    i.Arm_Workspace_Judge                    0x080008f4   Section        0  arm.o(i.Arm_Workspace_Judge)
    i.Arm_task                               0x08000a24   Section        0  arm.o(i.Arm_task)
    i.BSP_Init                               0x08000c24   Section        0  bsp.o(i.BSP_Init)
    i.BusFault_Handler                       0x08000c74   Section        0  stm32f4xx_it.o(i.BusFault_Handler)
    i.CAN1_Mode_Init                         0x08000c78   Section        0  can1.o(i.CAN1_Mode_Init)
    i.CAN1_RX0_IRQHandler                    0x08000d78   Section        0  can1.o(i.CAN1_RX0_IRQHandler)
    i.CAN2_RX0_IRQHandler                    0x08000da8   Section        0  can2.o(i.CAN2_RX0_IRQHandler)
    i.CAN_ClearITPendingBit                  0x08000dd0   Section        0  stm32f4xx_can.o(i.CAN_ClearITPendingBit)
    i.CAN_FilterInit                         0x08000e78   Section        0  stm32f4xx_can.o(i.CAN_FilterInit)
    i.CAN_GetITStatus                        0x08000f80   Section        0  stm32f4xx_can.o(i.CAN_GetITStatus)
    i.CAN_ITConfig                           0x080010a0   Section        0  stm32f4xx_can.o(i.CAN_ITConfig)
    i.CAN_Init                               0x080010b2   Section        0  stm32f4xx_can.o(i.CAN_Init)
    i.CAN_Receive                            0x080011c6   Section        0  stm32f4xx_can.o(i.CAN_Receive)
    i.CAN_Transmit                           0x080012b6   Section        0  stm32f4xx_can.o(i.CAN_Transmit)
    i.CheckITStatus                          0x080013dc   Section        0  stm32f4xx_can.o(i.CheckITStatus)
    CheckITStatus                            0x080013dd   Thumb Code    18  stm32f4xx_can.o(i.CheckITStatus)
    i.DMA_Cmd                                0x080013ee   Section        0  stm32f4xx_dma.o(i.DMA_Cmd)
    i.DMA_DeInit                             0x08001404   Section        0  stm32f4xx_dma.o(i.DMA_DeInit)
    i.DMA_DoubleBufferModeCmd                0x0800155c   Section        0  stm32f4xx_dma.o(i.DMA_DoubleBufferModeCmd)
    i.DMA_DoubleBufferModeConfig             0x08001572   Section        0  stm32f4xx_dma.o(i.DMA_DoubleBufferModeConfig)
    i.DMA_GetCurrentMemoryTarget             0x0800158a   Section        0  stm32f4xx_dma.o(i.DMA_GetCurrentMemoryTarget)
    i.DMA_Init                               0x080015a0   Section        0  stm32f4xx_dma.o(i.DMA_Init)
    i.DebugMon_Handler                       0x080015f8   Section        0  stm32f4xx_it.o(i.DebugMon_Handler)
    i.GPIO_Init                              0x080015fa   Section        0  stm32f4xx_gpio.o(i.GPIO_Init)
    i.GPIO_PinAFConfig                       0x0800168a   Section        0  stm32f4xx_gpio.o(i.GPIO_PinAFConfig)
    i.GPIO_ResetBits                         0x080016d0   Section        0  stm32f4xx_gpio.o(i.GPIO_ResetBits)
    i.GPIO_SetBits                           0x080016d4   Section        0  stm32f4xx_gpio.o(i.GPIO_SetBits)
    i.GPIO_StructInit                        0x080016d8   Section        0  stm32f4xx_gpio.o(i.GPIO_StructInit)
    i.Hand_Shake                             0x080016ec   Section        0  can1_analysis.o(i.Hand_Shake)
    i.HardFault_Handler                      0x08001728   Section        0  stm32f4xx_it.o(i.HardFault_Handler)
    i.Key_Analysis                           0x0800172c   Section        0  remote_analysis.o(i.Key_Analysis)
    i.LED_Init                               0x08001848   Section        0  led.o(i.LED_Init)
    i.MemManage_Handler                      0x08001884   Section        0  stm32f4xx_it.o(i.MemManage_Handler)
    i.Motor_Calibrate                        0x08001888   Section        0  can1_analysis.o(i.Motor_Calibrate)
    i.Motor_Postion                          0x080018b4   Section        0  can1_analysis.o(i.Motor_Postion)
    i.NMI_Handler                            0x080018fc   Section        0  stm32f4xx_it.o(i.NMI_Handler)
    i.NVIC_Init                              0x08001900   Section        0  misc.o(i.NVIC_Init)
    i.NVIC_PriorityGroupConfig               0x08001978   Section        0  misc.o(i.NVIC_PriorityGroupConfig)
    i.PendSV_Handler                         0x0800198c   Section        0  stm32f4xx_it.o(i.PendSV_Handler)
    i.RCC_AHB1PeriphClockCmd                 0x08001990   Section        0  stm32f4xx_rcc.o(i.RCC_AHB1PeriphClockCmd)
    i.RCC_APB1PeriphClockCmd                 0x080019b0   Section        0  stm32f4xx_rcc.o(i.RCC_APB1PeriphClockCmd)
    i.RCC_APB1PeriphResetCmd                 0x080019d0   Section        0  stm32f4xx_rcc.o(i.RCC_APB1PeriphResetCmd)
    i.RCC_APB2PeriphClockCmd                 0x080019f0   Section        0  stm32f4xx_rcc.o(i.RCC_APB2PeriphClockCmd)
    i.RCC_APB2PeriphResetCmd                 0x08001a10   Section        0  stm32f4xx_rcc.o(i.RCC_APB2PeriphResetCmd)
    i.RCC_GetClocksFreq                      0x08001a30   Section        0  stm32f4xx_rcc.o(i.RCC_GetClocksFreq)
    i.Receive_Deal_Yun                       0x08001b18   Section        0  can1_analysis.o(i.Receive_Deal_Yun)
    i.RemoteData_analysis                    0x08001b4c   Section        0  remote_analysis.o(i.RemoteData_analysis)
    i.SVC_Handler                            0x08001c30   Section        0  stm32f4xx_it.o(i.SVC_Handler)
    i.SetSysClock                            0x08001c34   Section        0  system_stm32f4xx.o(i.SetSysClock)
    SetSysClock                              0x08001c35   Thumb Code   220  system_stm32f4xx.o(i.SetSysClock)
    i.SysTick_CLKSourceConfig                0x08001d20   Section        0  misc.o(i.SysTick_CLKSourceConfig)
    i.SysTick_Handler                        0x08001d48   Section        0  stm32f4xx_it.o(i.SysTick_Handler)
    i.SystemInit                             0x08001d4c   Section        0  system_stm32f4xx.o(i.SystemInit)
    i.TIM5_IRQHandler                        0x08001db4   Section        0  time2.o(i.TIM5_IRQHandler)
    i.TIM5_Int_Init                          0x08001e44   Section        0  time2.o(i.TIM5_Int_Init)
    i.TIM_ClearITPendingBit                  0x08001ea0   Section        0  stm32f4xx_tim.o(i.TIM_ClearITPendingBit)
    i.TIM_Cmd                                0x08001ea6   Section        0  stm32f4xx_tim.o(i.TIM_Cmd)
    i.TIM_GetITStatus                        0x08001ebe   Section        0  stm32f4xx_tim.o(i.TIM_GetITStatus)
    i.TIM_ITConfig                           0x08001ee0   Section        0  stm32f4xx_tim.o(i.TIM_ITConfig)
    i.TIM_TimeBaseInit                       0x08001ef4   Section        0  stm32f4xx_tim.o(i.TIM_TimeBaseInit)
    i.USART1_DMA_Config                      0x08001f78   Section        0  dma2.o(i.USART1_DMA_Config)
    i.USART1_IRQHandler                      0x080020bc   Section        0  dma2.o(i.USART1_IRQHandler)
    i.USART_Cmd                              0x08002140   Section        0  stm32f4xx_usart.o(i.USART_Cmd)
    i.USART_DMACmd                           0x08002158   Section        0  stm32f4xx_usart.o(i.USART_DMACmd)
    i.USART_DeInit                           0x0800216c   Section        0  stm32f4xx_usart.o(i.USART_DeInit)
    i.USART_GetITStatus                      0x0800225c   Section        0  stm32f4xx_usart.o(i.USART_GetITStatus)
    i.USART_ITConfig                         0x080022b0   Section        0  stm32f4xx_usart.o(i.USART_ITConfig)
    i.USART_Init                             0x080022fc   Section        0  stm32f4xx_usart.o(i.USART_Init)
    i.USART_StructInit                       0x080023d0   Section        0  stm32f4xx_usart.o(i.USART_StructInit)
    i.UsageFault_Handler                     0x080023e8   Section        0  stm32f4xx_it.o(i.UsageFault_Handler)
    i.__ARM_fpclassify                       0x080023ec   Section        0  fpclassify.o(i.__ARM_fpclassify)
    i.__hardfp_acos                          0x08002420   Section        0  acos.o(i.__hardfp_acos)
    i.__hardfp_atan                          0x08002778   Section        0  atan.o(i.__hardfp_atan)
    i.__hardfp_atan2                         0x08002a50   Section        0  atan2.o(i.__hardfp_atan2)
    i.__hardfp_cos                           0x08002c40   Section        0  cos.o(i.__hardfp_cos)
    i.__hardfp_fabs                          0x08002d08   Section        0  fabs.o(i.__hardfp_fabs)
    i.__hardfp_sqrt                          0x08002d1c   Section        0  sqrt.o(i.__hardfp_sqrt)
    i.__ieee754_rem_pio2                     0x08002d98   Section        0  rred.o(i.__ieee754_rem_pio2)
    i.__kernel_cos                           0x080031d0   Section        0  cos_i.o(i.__kernel_cos)
    i.__kernel_poly                          0x08003340   Section        0  poly.o(i.__kernel_poly)
    i.__kernel_sin                           0x08003438   Section        0  sin_i.o(i.__kernel_sin)
    i.__mathlib_dbl_infnan                   0x08003568   Section        0  dunder.o(i.__mathlib_dbl_infnan)
    i.__mathlib_dbl_infnan2                  0x0800357c   Section        0  dunder.o(i.__mathlib_dbl_infnan2)
    i.__mathlib_dbl_invalid                  0x08003590   Section        0  dunder.o(i.__mathlib_dbl_invalid)
    i.__mathlib_dbl_underflow                0x080035b0   Section        0  dunder.o(i.__mathlib_dbl_underflow)
    i.atan                                   0x080035d0   Section        0  atan.o(i.atan)
    i.delay_init                             0x080035e0   Section        0  delay.o(i.delay_init)
    i.delay_ms                               0x0800361c   Section        0  delay.o(i.delay_ms)
    i.delay_xms                              0x08003654   Section        0  delay.o(i.delay_xms)
    i.fabs                                   0x080036a0   Section        0  fabs.o(i.fabs)
    i.main                                   0x080036b8   Section        0  main.o(i.main)
    i.sqrt                                   0x080036c0   Section        0  sqrt.o(i.sqrt)
    x$fpl$basic                              0x0800372e   Section       24  basic.o(x$fpl$basic)
    $v0                                      0x0800372e   Number         0  basic.o(x$fpl$basic)
    x$fpl$d2f                                0x08003748   Section       98  d2f.o(x$fpl$d2f)
    $v0                                      0x08003748   Number         0  d2f.o(x$fpl$d2f)
    x$fpl$dadd                               0x080037ac   Section      336  daddsub_clz.o(x$fpl$dadd)
    $v0                                      0x080037ac   Number         0  daddsub_clz.o(x$fpl$dadd)
    _dadd1                                   0x080037bd   Thumb Code     0  daddsub_clz.o(x$fpl$dadd)
    x$fpl$dcmpinf                            0x080038fc   Section       24  dcmpi.o(x$fpl$dcmpinf)
    $v0                                      0x080038fc   Number         0  dcmpi.o(x$fpl$dcmpinf)
    x$fpl$ddiv                               0x08003914   Section      688  ddiv.o(x$fpl$ddiv)
    $v0                                      0x08003914   Number         0  ddiv.o(x$fpl$ddiv)
    ddiv_entry                               0x0800391b   Thumb Code     0  ddiv.o(x$fpl$ddiv)
    x$fpl$dfix                               0x08003bc4   Section       94  dfix.o(x$fpl$dfix)
    $v0                                      0x08003bc4   Number         0  dfix.o(x$fpl$dfix)
    x$fpl$dflt                               0x08003c22   Section       46  dflt_clz.o(x$fpl$dflt)
    $v0                                      0x08003c22   Number         0  dflt_clz.o(x$fpl$dflt)
    x$fpl$dfltu                              0x08003c50   Section       38  dflt_clz.o(x$fpl$dfltu)
    $v0                                      0x08003c50   Number         0  dflt_clz.o(x$fpl$dfltu)
    x$fpl$dleqf                              0x08003c78   Section      120  dleqf.o(x$fpl$dleqf)
    $v0                                      0x08003c78   Number         0  dleqf.o(x$fpl$dleqf)
    x$fpl$dmul                               0x08003cf0   Section      340  dmul.o(x$fpl$dmul)
    $v0                                      0x08003cf0   Number         0  dmul.o(x$fpl$dmul)
    x$fpl$dnaninf                            0x08003e44   Section      156  dnaninf.o(x$fpl$dnaninf)
    $v0                                      0x08003e44   Number         0  dnaninf.o(x$fpl$dnaninf)
    x$fpl$dretinf                            0x08003ee0   Section       12  dretinf.o(x$fpl$dretinf)
    $v0                                      0x08003ee0   Number         0  dretinf.o(x$fpl$dretinf)
    x$fpl$drleqf                             0x08003eec   Section      108  drleqf.o(x$fpl$drleqf)
    $v0                                      0x08003eec   Number         0  drleqf.o(x$fpl$drleqf)
    x$fpl$drsb                               0x08003f58   Section       22  daddsub_clz.o(x$fpl$drsb)
    $v0                                      0x08003f58   Number         0  daddsub_clz.o(x$fpl$drsb)
    x$fpl$dsqrt                              0x08003f70   Section      408  dsqrt_umaal.o(x$fpl$dsqrt)
    $v0                                      0x08003f70   Number         0  dsqrt_umaal.o(x$fpl$dsqrt)
    x$fpl$dsub                               0x08004108   Section      468  daddsub_clz.o(x$fpl$dsub)
    $v0                                      0x08004108   Number         0  daddsub_clz.o(x$fpl$dsub)
    _dsub1                                   0x08004119   Thumb Code     0  daddsub_clz.o(x$fpl$dsub)
    x$fpl$f2d                                0x080042dc   Section       86  f2d.o(x$fpl$f2d)
    $v0                                      0x080042dc   Number         0  f2d.o(x$fpl$f2d)
    x$fpl$fnaninf                            0x08004332   Section      140  fnaninf.o(x$fpl$fnaninf)
    $v0                                      0x08004332   Number         0  fnaninf.o(x$fpl$fnaninf)
    x$fpl$fpinit                             0x080043be   Section       10  fpinit.o(x$fpl$fpinit)
    $v0                                      0x080043be   Number         0  fpinit.o(x$fpl$fpinit)
    x$fpl$fretinf                            0x080043c8   Section       10  fretinf.o(x$fpl$fretinf)
    $v0                                      0x080043c8   Number         0  fretinf.o(x$fpl$fretinf)
    x$fpl$usenofp                            0x080043d2   Section        0  usenofp.o(x$fpl$usenofp)
    .constdata                               0x080043d8   Section       80  acos.o(.constdata)
    pS                                       0x080043d8   Data          48  acos.o(.constdata)
    qS                                       0x08004408   Data          32  acos.o(.constdata)
    .constdata                               0x08004428   Section      152  atan.o(.constdata)
    atanhi                                   0x08004428   Data          32  atan.o(.constdata)
    atanlo                                   0x08004448   Data          32  atan.o(.constdata)
    aTodd                                    0x08004468   Data          40  atan.o(.constdata)
    aTeven                                   0x08004490   Data          48  atan.o(.constdata)
    .constdata                               0x080044c0   Section       48  cos_i.o(.constdata)
    C                                        0x080044c0   Data          48  cos_i.o(.constdata)
    .constdata                               0x080044f0   Section        8  qnan.o(.constdata)
    .constdata                               0x080044f8   Section      200  rred.o(.constdata)
    pio2s                                    0x080044f8   Data          48  rred.o(.constdata)
    twooverpi                                0x08004528   Data         152  rred.o(.constdata)
    .constdata                               0x080045c0   Section       40  sin_i.o(.constdata)
    S                                        0x080045c0   Data          40  sin_i.o(.constdata)
    .data                                    0x20000000   Section       16  stm32f4xx_rcc.o(.data)
    APBAHBPrescTable                         0x20000000   Data          16  stm32f4xx_rcc.o(.data)
    .data                                    0x20000010   Section        4  bsp.o(.data)
    .data                                    0x20000014   Section        8  time2.o(.data)
    zero_time                                0x20000018   Data           4  time2.o(.data)
    .data                                    0x2000001c   Section       73  arm.o(.data)
    .data                                    0x20000066   Section       21  remote_analysis.o(.data)
    .data                                    0x2000007c   Section        4  delay.o(.data)
    fac_us                                   0x2000007c   Data           1  delay.o(.data)
    fac_ms                                   0x2000007e   Data           2  delay.o(.data)
    .bss                                     0x20000080   Section      200  dma2.o(.bss)
    .bss                                     0x20000148   Section       20  can2.o(.bss)
    .bss                                     0x2000015c   Section       96  remote_analysis.o(.bss)
    .bss                                     0x200001bc   Section       96  libspace.o(.bss)
    HEAP                                     0x20000220   Section      512  startup_stm32f40_41xxx.o(HEAP)
    Heap_Mem                                 0x20000220   Data         512  startup_stm32f40_41xxx.o(HEAP)
    STACK                                    0x20000420   Section     1024  startup_stm32f40_41xxx.o(STACK)
    Stack_Mem                                0x20000420   Data        1024  startup_stm32f40_41xxx.o(STACK)
    __initial_sp                             0x20000820   Data           0  startup_stm32f40_41xxx.o(STACK)

    Global Symbols

    Symbol Name                              Value     Ov Type        Size  Object(Section)

    BuildAttributes$$THM_ISAv4$E$P$D$K$B$S$7EM$VFPi3$EXTD16$VFPS$VFMA$PE$A:L22UL41UL21$X:L11$S22US41US21$IEEE1$IW$USESV6$~STKCKD$USESV7$~SHL$OTIME$ROPI$IEEEX$EBA8$UX$STANDARDLIB$REQ8$PRES8$EABIv2 0x00000000   Number         0  anon$$obj.o ABSOLUTE
    __ARM_use_no_argv                        0x00000000   Number         0  main.o ABSOLUTE
    __ARM_exceptions_init                     - Undefined Weak Reference
    __alloca_initialize                       - Undefined Weak Reference
    __arm_preinit_                            - Undefined Weak Reference
    __cpp_initialize__aeabi_                  - Undefined Weak Reference
    __cxa_finalize                            - Undefined Weak Reference
    __rt_locale                               - Undefined Weak Reference
    __sigvec_lookup                           - Undefined Weak Reference
    _atexit_init                              - Undefined Weak Reference
    _call_atexit_fns                          - Undefined Weak Reference
    _clock_init                               - Undefined Weak Reference
    _fp_trap_init                             - Undefined Weak Reference
    _fp_trap_shutdown                         - Undefined Weak Reference
    _get_lc_collate                           - Undefined Weak Reference
    _get_lc_ctype                             - Undefined Weak Reference
    _get_lc_monetary                          - Undefined Weak Reference
    _get_lc_numeric                           - Undefined Weak Reference
    _get_lc_time                              - Undefined Weak Reference
    _getenv_init                              - Undefined Weak Reference
    _handle_redirection                       - Undefined Weak Reference
    _init_alloc                               - Undefined Weak Reference
    _init_user_alloc                          - Undefined Weak Reference
    _initio                                   - Undefined Weak Reference
    _rand_init                                - Undefined Weak Reference
    _signal_finish                            - Undefined Weak Reference
    _signal_init                              - Undefined Weak Reference
    _terminate_alloc                          - Undefined Weak Reference
    _terminate_user_alloc                     - Undefined Weak Reference
    _terminateio                              - Undefined Weak Reference
    __Vectors_Size                           0x00000188   Number         0  startup_stm32f40_41xxx.o ABSOLUTE
    __Vectors                                0x08000000   Data           4  startup_stm32f40_41xxx.o(RESET)
    __Vectors_End                            0x08000188   Data           0  startup_stm32f40_41xxx.o(RESET)
    __main                                   0x08000189   Thumb Code     8  __main.o(!!!main)
    __scatterload                            0x08000191   Thumb Code     0  __scatter.o(!!!scatter)
    __scatterload_rt2                        0x08000191   Thumb Code    44  __scatter.o(!!!scatter)
    __scatterload_rt2_thumb_only             0x08000191   Thumb Code     0  __scatter.o(!!!scatter)
    __scatterload_null                       0x0800019f   Thumb Code     0  __scatter.o(!!!scatter)
    __scatterload_copy                       0x080001c5   Thumb Code    26  __scatter_copy.o(!!handler_copy)
    __scatterload_zeroinit                   0x080001e1   Thumb Code    28  __scatter_zi.o(!!handler_zi)
    __rt_lib_init                            0x080001fd   Thumb Code     0  libinit.o(.ARM.Collect$$libinit$$00000000)
    __rt_lib_init_fp_1                       0x080001ff   Thumb Code     0  libinit2.o(.ARM.Collect$$libinit$$00000001)
    __rt_lib_init_alloca_1                   0x08000203   Thumb Code     0  libinit2.o(.ARM.Collect$$libinit$$0000002E)
    __rt_lib_init_argv_1                     0x08000203   Thumb Code     0  libinit2.o(.ARM.Collect$$libinit$$0000002C)
    __rt_lib_init_atexit_1                   0x08000203   Thumb Code     0  libinit2.o(.ARM.Collect$$libinit$$0000001B)
    __rt_lib_init_clock_1                    0x08000203   Thumb Code     0  libinit2.o(.ARM.Collect$$libinit$$00000021)
    __rt_lib_init_cpp_1                      0x08000203   Thumb Code     0  libinit2.o(.ARM.Collect$$libinit$$00000032)
    __rt_lib_init_exceptions_1               0x08000203   Thumb Code     0  libinit2.o(.ARM.Collect$$libinit$$00000030)
    __rt_lib_init_fp_trap_1                  0x08000203   Thumb Code     0  libinit2.o(.ARM.Collect$$libinit$$0000001F)
    __rt_lib_init_getenv_1                   0x08000203   Thumb Code     0  libinit2.o(.ARM.Collect$$libinit$$00000023)
    __rt_lib_init_heap_1                     0x08000203   Thumb Code     0  libinit2.o(.ARM.Collect$$libinit$$0000000A)
    __rt_lib_init_lc_collate_1               0x08000203   Thumb Code     0  libinit2.o(.ARM.Collect$$libinit$$00000011)
    __rt_lib_init_lc_ctype_1                 0x08000203   Thumb Code     0  libinit2.o(.ARM.Collect$$libinit$$00000013)
    __rt_lib_init_lc_monetary_1              0x08000203   Thumb Code     0  libinit2.o(.ARM.Collect$$libinit$$00000015)
    __rt_lib_init_lc_numeric_1               0x08000203   Thumb Code     0  libinit2.o(.ARM.Collect$$libinit$$00000017)
    __rt_lib_init_lc_time_1                  0x08000203   Thumb Code     0  libinit2.o(.ARM.Collect$$libinit$$00000019)
    __rt_lib_init_preinit_1                  0x08000203   Thumb Code     0  libinit2.o(.ARM.Collect$$libinit$$00000004)
    __rt_lib_init_rand_1                     0x08000203   Thumb Code     0  libinit2.o(.ARM.Collect$$libinit$$0000000E)
    __rt_lib_init_return                     0x08000203   Thumb Code     0  libinit2.o(.ARM.Collect$$libinit$$00000033)
    __rt_lib_init_signal_1                   0x08000203   Thumb Code     0  libinit2.o(.ARM.Collect$$libinit$$0000001D)
    __rt_lib_init_stdio_1                    0x08000203   Thumb Code     0  libinit2.o(.ARM.Collect$$libinit$$00000025)
    __rt_lib_init_user_alloc_1               0x08000203   Thumb Code     0  libinit2.o(.ARM.Collect$$libinit$$0000000C)
    __rt_lib_shutdown                        0x08000205   Thumb Code     0  libshutdown.o(.ARM.Collect$$libshutdown$$00000000)
    __rt_lib_shutdown_cpp_1                  0x08000207   Thumb Code     0  libshutdown2.o(.ARM.Collect$$libshutdown$$00000002)
    __rt_lib_shutdown_fp_trap_1              0x08000207   Thumb Code     0  libshutdown2.o(.ARM.Collect$$libshutdown$$00000007)
    __rt_lib_shutdown_heap_1                 0x08000207   Thumb Code     0  libshutdown2.o(.ARM.Collect$$libshutdown$$0000000F)
    __rt_lib_shutdown_return                 0x08000207   Thumb Code     0  libshutdown2.o(.ARM.Collect$$libshutdown$$00000010)
    __rt_lib_shutdown_signal_1               0x08000207   Thumb Code     0  libshutdown2.o(.ARM.Collect$$libshutdown$$0000000A)
    __rt_lib_shutdown_stdio_1                0x08000207   Thumb Code     0  libshutdown2.o(.ARM.Collect$$libshutdown$$00000004)
    __rt_lib_shutdown_user_alloc_1           0x08000207   Thumb Code     0  libshutdown2.o(.ARM.Collect$$libshutdown$$0000000C)
    __rt_entry                               0x08000209   Thumb Code     0  __rtentry.o(.ARM.Collect$$rtentry$$00000000)
    __rt_entry_presh_1                       0x08000209   Thumb Code     0  __rtentry2.o(.ARM.Collect$$rtentry$$00000002)
    __rt_entry_sh                            0x08000209   Thumb Code     0  __rtentry4.o(.ARM.Collect$$rtentry$$00000004)
    __rt_entry_li                            0x0800020f   Thumb Code     0  __rtentry2.o(.ARM.Collect$$rtentry$$0000000A)
    __rt_entry_postsh_1                      0x0800020f   Thumb Code     0  __rtentry2.o(.ARM.Collect$$rtentry$$00000009)
    __rt_entry_main                          0x08000213   Thumb Code     0  __rtentry2.o(.ARM.Collect$$rtentry$$0000000D)
    __rt_entry_postli_1                      0x08000213   Thumb Code     0  __rtentry2.o(.ARM.Collect$$rtentry$$0000000C)
    __rt_exit                                0x0800021b   Thumb Code     0  rtexit.o(.ARM.Collect$$rtexit$$00000000)
    __rt_exit_ls                             0x0800021d   Thumb Code     0  rtexit2.o(.ARM.Collect$$rtexit$$00000003)
    __rt_exit_prels_1                        0x0800021d   Thumb Code     0  rtexit2.o(.ARM.Collect$$rtexit$$00000002)
    __rt_exit_exit                           0x08000221   Thumb Code     0  rtexit2.o(.ARM.Collect$$rtexit$$00000004)
    Reset_Handler                            0x08000229   Thumb Code     8  startup_stm32f40_41xxx.o(.text)
    ADC_IRQHandler                           0x08000243   Thumb Code     0  startup_stm32f40_41xxx.o(.text)
    CAN1_RX1_IRQHandler                      0x08000243   Thumb Code     0  startup_stm32f40_41xxx.o(.text)
    CAN1_SCE_IRQHandler                      0x08000243   Thumb Code     0  startup_stm32f40_41xxx.o(.text)
    CAN1_TX_IRQHandler                       0x08000243   Thumb Code     0  startup_stm32f40_41xxx.o(.text)
    CAN2_RX1_IRQHandler                      0x08000243   Thumb Code     0  startup_stm32f40_41xxx.o(.text)
    CAN2_SCE_IRQHandler                      0x08000243   Thumb Code     0  startup_stm32f40_41xxx.o(.text)
    CAN2_TX_IRQHandler                       0x08000243   Thumb Code     0  startup_stm32f40_41xxx.o(.text)
    CRYP_IRQHandler                          0x08000243   Thumb Code     0  startup_stm32f40_41xxx.o(.text)
    DCMI_IRQHandler                          0x08000243   Thumb Code     0  startup_stm32f40_41xxx.o(.text)
    DMA1_Stream0_IRQHandler                  0x08000243   Thumb Code     0  startup_stm32f40_41xxx.o(.text)
    DMA1_Stream1_IRQHandler                  0x08000243   Thumb Code     0  startup_stm32f40_41xxx.o(.text)
    DMA1_Stream2_IRQHandler                  0x08000243   Thumb Code     0  startup_stm32f40_41xxx.o(.text)
    DMA1_Stream3_IRQHandler                  0x08000243   Thumb Code     0  startup_stm32f40_41xxx.o(.text)
    DMA1_Stream4_IRQHandler                  0x08000243   Thumb Code     0  startup_stm32f40_41xxx.o(.text)
    DMA1_Stream5_IRQHandler                  0x08000243   Thumb Code     0  startup_stm32f40_41xxx.o(.text)
    DMA1_Stream6_IRQHandler                  0x08000243   Thumb Code     0  startup_stm32f40_41xxx.o(.text)
    DMA1_Stream7_IRQHandler                  0x08000243   Thumb Code     0  startup_stm32f40_41xxx.o(.text)
    DMA2_Stream0_IRQHandler                  0x08000243   Thumb Code     0  startup_stm32f40_41xxx.o(.text)
    DMA2_Stream1_IRQHandler                  0x08000243   Thumb Code     0  startup_stm32f40_41xxx.o(.text)
    DMA2_Stream2_IRQHandler                  0x08000243   Thumb Code     0  startup_stm32f40_41xxx.o(.text)
    DMA2_Stream3_IRQHandler                  0x08000243   Thumb Code     0  startup_stm32f40_41xxx.o(.text)
    DMA2_Stream4_IRQHandler                  0x08000243   Thumb Code     0  startup_stm32f40_41xxx.o(.text)
    DMA2_Stream5_IRQHandler                  0x08000243   Thumb Code     0  startup_stm32f40_41xxx.o(.text)
    DMA2_Stream6_IRQHandler                  0x08000243   Thumb Code     0  startup_stm32f40_41xxx.o(.text)
    DMA2_Stream7_IRQHandler                  0x08000243   Thumb Code     0  startup_stm32f40_41xxx.o(.text)
    ETH_IRQHandler                           0x08000243   Thumb Code     0  startup_stm32f40_41xxx.o(.text)
    ETH_WKUP_IRQHandler                      0x08000243   Thumb Code     0  startup_stm32f40_41xxx.o(.text)
    EXTI0_IRQHandler                         0x08000243   Thumb Code     0  startup_stm32f40_41xxx.o(.text)
    EXTI15_10_IRQHandler                     0x08000243   Thumb Code     0  startup_stm32f40_41xxx.o(.text)
    EXTI1_IRQHandler                         0x08000243   Thumb Code     0  startup_stm32f40_41xxx.o(.text)
    EXTI2_IRQHandler                         0x08000243   Thumb Code     0  startup_stm32f40_41xxx.o(.text)
    EXTI3_IRQHandler                         0x08000243   Thumb Code     0  startup_stm32f40_41xxx.o(.text)
    EXTI4_IRQHandler                         0x08000243   Thumb Code     0  startup_stm32f40_41xxx.o(.text)
    EXTI9_5_IRQHandler                       0x08000243   Thumb Code     0  startup_stm32f40_41xxx.o(.text)
    FLASH_IRQHandler                         0x08000243   Thumb Code     0  startup_stm32f40_41xxx.o(.text)
    FPU_IRQHandler                           0x08000243   Thumb Code     0  startup_stm32f40_41xxx.o(.text)
    FSMC_IRQHandler                          0x08000243   Thumb Code     0  startup_stm32f40_41xxx.o(.text)
    HASH_RNG_IRQHandler                      0x08000243   Thumb Code     0  startup_stm32f40_41xxx.o(.text)
    I2C1_ER_IRQHandler                       0x08000243   Thumb Code     0  startup_stm32f40_41xxx.o(.text)
    I2C1_EV_IRQHandler                       0x08000243   Thumb Code     0  startup_stm32f40_41xxx.o(.text)
    I2C2_ER_IRQHandler                       0x08000243   Thumb Code     0  startup_stm32f40_41xxx.o(.text)
    I2C2_EV_IRQHandler                       0x08000243   Thumb Code     0  startup_stm32f40_41xxx.o(.text)
    I2C3_ER_IRQHandler                       0x08000243   Thumb Code     0  startup_stm32f40_41xxx.o(.text)
    I2C3_EV_IRQHandler                       0x08000243   Thumb Code     0  startup_stm32f40_41xxx.o(.text)
    OTG_FS_IRQHandler                        0x08000243   Thumb Code     0  startup_stm32f40_41xxx.o(.text)
    OTG_FS_WKUP_IRQHandler                   0x08000243   Thumb Code     0  startup_stm32f40_41xxx.o(.text)
    OTG_HS_EP1_IN_IRQHandler                 0x08000243   Thumb Code     0  startup_stm32f40_41xxx.o(.text)
    OTG_HS_EP1_OUT_IRQHandler                0x08000243   Thumb Code     0  startup_stm32f40_41xxx.o(.text)
    OTG_HS_IRQHandler                        0x08000243   Thumb Code     0  startup_stm32f40_41xxx.o(.text)
    OTG_HS_WKUP_IRQHandler                   0x08000243   Thumb Code     0  startup_stm32f40_41xxx.o(.text)
    PVD_IRQHandler                           0x08000243   Thumb Code     0  startup_stm32f40_41xxx.o(.text)
    RCC_IRQHandler                           0x08000243   Thumb Code     0  startup_stm32f40_41xxx.o(.text)
    RTC_Alarm_IRQHandler                     0x08000243   Thumb Code     0  startup_stm32f40_41xxx.o(.text)
    RTC_WKUP_IRQHandler                      0x08000243   Thumb Code     0  startup_stm32f40_41xxx.o(.text)
    SDIO_IRQHandler                          0x08000243   Thumb Code     0  startup_stm32f40_41xxx.o(.text)
    SPI1_IRQHandler                          0x08000243   Thumb Code     0  startup_stm32f40_41xxx.o(.text)
    SPI2_IRQHandler                          0x08000243   Thumb Code     0  startup_stm32f40_41xxx.o(.text)
    SPI3_IRQHandler                          0x08000243   Thumb Code     0  startup_stm32f40_41xxx.o(.text)
    TAMP_STAMP_IRQHandler                    0x08000243   Thumb Code     0  startup_stm32f40_41xxx.o(.text)
    TIM1_BRK_TIM9_IRQHandler                 0x08000243   Thumb Code     0  startup_stm32f40_41xxx.o(.text)
    TIM1_CC_IRQHandler                       0x08000243   Thumb Code     0  startup_stm32f40_41xxx.o(.text)
    TIM1_TRG_COM_TIM11_IRQHandler            0x08000243   Thumb Code     0  startup_stm32f40_41xxx.o(.text)
    TIM1_UP_TIM10_IRQHandler                 0x08000243   Thumb Code     0  startup_stm32f40_41xxx.o(.text)
    TIM2_IRQHandler                          0x08000243   Thumb Code     0  startup_stm32f40_41xxx.o(.text)
    TIM3_IRQHandler                          0x08000243   Thumb Code     0  startup_stm32f40_41xxx.o(.text)
    TIM4_IRQHandler                          0x08000243   Thumb Code     0  startup_stm32f40_41xxx.o(.text)
    TIM6_DAC_IRQHandler                      0x08000243   Thumb Code     0  startup_stm32f40_41xxx.o(.text)
    TIM7_IRQHandler                          0x08000243   Thumb Code     0  startup_stm32f40_41xxx.o(.text)
    TIM8_BRK_TIM12_IRQHandler                0x08000243   Thumb Code     0  startup_stm32f40_41xxx.o(.text)
    TIM8_CC_IRQHandler                       0x08000243   Thumb Code     0  startup_stm32f40_41xxx.o(.text)
    TIM8_TRG_COM_TIM14_IRQHandler            0x08000243   Thumb Code     0  startup_stm32f40_41xxx.o(.text)
    TIM8_UP_TIM13_IRQHandler                 0x08000243   Thumb Code     0  startup_stm32f40_41xxx.o(.text)
    UART4_IRQHandler                         0x08000243   Thumb Code     0  startup_stm32f40_41xxx.o(.text)
    UART5_IRQHandler                         0x08000243   Thumb Code     0  startup_stm32f40_41xxx.o(.text)
    USART2_IRQHandler                        0x08000243   Thumb Code     0  startup_stm32f40_41xxx.o(.text)
    USART3_IRQHandler                        0x08000243   Thumb Code     0  startup_stm32f40_41xxx.o(.text)
    USART6_IRQHandler                        0x08000243   Thumb Code     0  startup_stm32f40_41xxx.o(.text)
    WWDG_IRQHandler                          0x08000243   Thumb Code     0  startup_stm32f40_41xxx.o(.text)
    __user_initial_stackheap                 0x08000245   Thumb Code     0  startup_stm32f40_41xxx.o(.text)
    __use_two_region_memory                  0x08000269   Thumb Code     2  heapauxi.o(.text)
    __rt_heap_escrow$2region                 0x0800026b   Thumb Code     2  heapauxi.o(.text)
    __rt_heap_expand$2region                 0x0800026d   Thumb Code     2  heapauxi.o(.text)
    __read_errno                             0x0800026f   Thumb Code    10  _rserrno.o(.text)
    __set_errno                              0x08000279   Thumb Code    12  _rserrno.o(.text)
    __aeabi_errno_addr                       0x08000285   Thumb Code     8  rt_errno_addr_intlibspace.o(.text)
    __errno$intlibspace                      0x08000285   Thumb Code     0  rt_errno_addr_intlibspace.o(.text)
    __rt_errno_addr$intlibspace              0x08000285   Thumb Code     0  rt_errno_addr_intlibspace.o(.text)
    __user_libspace                          0x0800028d   Thumb Code     8  libspace.o(.text)
    __user_perproc_libspace                  0x0800028d   Thumb Code     0  libspace.o(.text)
    __user_perthread_libspace                0x0800028d   Thumb Code     0  libspace.o(.text)
    __user_setup_stackheap                   0x08000295   Thumb Code    74  sys_stackheap_outer.o(.text)
    exit                                     0x080002df   Thumb Code    18  exit.o(.text)
    _sys_exit                                0x080002f1   Thumb Code     8  sys_exit.o(.text)
    __I$use$semihosting                      0x080002fd   Thumb Code     0  use_no_semi.o(.text)
    __use_no_semihosting_swi                 0x080002fd   Thumb Code     2  use_no_semi.o(.text)
    __semihosting_library_function           0x080002ff   Thumb Code     0  indicate_semi.o(.text)
    Angle                                    0x08000301   Thumb Code  1316  arm.o(i.Angle)
    Arm_Init                                 0x08000839   Thumb Code   158  arm.o(i.Arm_Init)
    Arm_Workspace_Judge                      0x080008f5   Thumb Code   282  arm.o(i.Arm_Workspace_Judge)
    Arm_task                                 0x08000a25   Thumb Code   426  arm.o(i.Arm_task)
    BSP_Init                                 0x08000c25   Thumb Code    76  bsp.o(i.BSP_Init)
    BusFault_Handler                         0x08000c75   Thumb Code     4  stm32f4xx_it.o(i.BusFault_Handler)
    CAN1_Mode_Init                           0x08000c79   Thumb Code   246  can1.o(i.CAN1_Mode_Init)
    CAN1_RX0_IRQHandler                      0x08000d79   Thumb Code    38  can1.o(i.CAN1_RX0_IRQHandler)
    CAN2_RX0_IRQHandler                      0x08000da9   Thumb Code    32  can2.o(i.CAN2_RX0_IRQHandler)
    CAN_ClearITPendingBit                    0x08000dd1   Thumb Code   162  stm32f4xx_can.o(i.CAN_ClearITPendingBit)
    CAN_FilterInit                           0x08000e79   Thumb Code   258  stm32f4xx_can.o(i.CAN_FilterInit)
    CAN_GetITStatus                          0x08000f81   Thumb Code   284  stm32f4xx_can.o(i.CAN_GetITStatus)
    CAN_ITConfig                             0x080010a1   Thumb Code    18  stm32f4xx_can.o(i.CAN_ITConfig)
    CAN_Init                                 0x080010b3   Thumb Code   276  stm32f4xx_can.o(i.CAN_Init)
    CAN_Receive                              0x080011c7   Thumb Code   240  stm32f4xx_can.o(i.CAN_Receive)
    CAN_Transmit                             0x080012b7   Thumb Code   294  stm32f4xx_can.o(i.CAN_Transmit)
    DMA_Cmd                                  0x080013ef   Thumb Code    22  stm32f4xx_dma.o(i.DMA_Cmd)
    DMA_DeInit                               0x08001405   Thumb Code   324  stm32f4xx_dma.o(i.DMA_DeInit)
    DMA_DoubleBufferModeCmd                  0x0800155d   Thumb Code    22  stm32f4xx_dma.o(i.DMA_DoubleBufferModeCmd)
    DMA_DoubleBufferModeConfig               0x08001573   Thumb Code    24  stm32f4xx_dma.o(i.DMA_DoubleBufferModeConfig)
    DMA_GetCurrentMemoryTarget               0x0800158b   Thumb Code    20  stm32f4xx_dma.o(i.DMA_GetCurrentMemoryTarget)
    DMA_Init                                 0x080015a1   Thumb Code    82  stm32f4xx_dma.o(i.DMA_Init)
    DebugMon_Handler                         0x080015f9   Thumb Code     2  stm32f4xx_it.o(i.DebugMon_Handler)
    GPIO_Init                                0x080015fb   Thumb Code   144  stm32f4xx_gpio.o(i.GPIO_Init)
    GPIO_PinAFConfig                         0x0800168b   Thumb Code    70  stm32f4xx_gpio.o(i.GPIO_PinAFConfig)
    GPIO_ResetBits                           0x080016d1   Thumb Code     4  stm32f4xx_gpio.o(i.GPIO_ResetBits)
    GPIO_SetBits                             0x080016d5   Thumb Code     4  stm32f4xx_gpio.o(i.GPIO_SetBits)
    GPIO_StructInit                          0x080016d9   Thumb Code    18  stm32f4xx_gpio.o(i.GPIO_StructInit)
    Hand_Shake                               0x080016ed   Thumb Code    54  can1_analysis.o(i.Hand_Shake)
    HardFault_Handler                        0x08001729   Thumb Code     4  stm32f4xx_it.o(i.HardFault_Handler)
    Key_Analysis                             0x0800172d   Thumb Code   272  remote_analysis.o(i.Key_Analysis)
    LED_Init                                 0x08001849   Thumb Code    56  led.o(i.LED_Init)
    MemManage_Handler                        0x08001885   Thumb Code     4  stm32f4xx_it.o(i.MemManage_Handler)
    Motor_Calibrate                          0x08001889   Thumb Code    40  can1_analysis.o(i.Motor_Calibrate)
    Motor_Postion                            0x080018b5   Thumb Code    68  can1_analysis.o(i.Motor_Postion)
    NMI_Handler                              0x080018fd   Thumb Code     2  stm32f4xx_it.o(i.NMI_Handler)
    NVIC_Init                                0x08001901   Thumb Code   106  misc.o(i.NVIC_Init)
    NVIC_PriorityGroupConfig                 0x08001979   Thumb Code    10  misc.o(i.NVIC_PriorityGroupConfig)
    PendSV_Handler                           0x0800198d   Thumb Code     2  stm32f4xx_it.o(i.PendSV_Handler)
    RCC_AHB1PeriphClockCmd                   0x08001991   Thumb Code    26  stm32f4xx_rcc.o(i.RCC_AHB1PeriphClockCmd)
    RCC_APB1PeriphClockCmd                   0x080019b1   Thumb Code    26  stm32f4xx_rcc.o(i.RCC_APB1PeriphClockCmd)
    RCC_APB1PeriphResetCmd                   0x080019d1   Thumb Code    26  stm32f4xx_rcc.o(i.RCC_APB1PeriphResetCmd)
    RCC_APB2PeriphClockCmd                   0x080019f1   Thumb Code    26  stm32f4xx_rcc.o(i.RCC_APB2PeriphClockCmd)
    RCC_APB2PeriphResetCmd                   0x08001a11   Thumb Code    26  stm32f4xx_rcc.o(i.RCC_APB2PeriphResetCmd)
    RCC_GetClocksFreq                        0x08001a31   Thumb Code   214  stm32f4xx_rcc.o(i.RCC_GetClocksFreq)
    Receive_Deal_Yun                         0x08001b19   Thumb Code    48  can1_analysis.o(i.Receive_Deal_Yun)
    RemoteData_analysis                      0x08001b4d   Thumb Code   218  remote_analysis.o(i.RemoteData_analysis)
    SVC_Handler                              0x08001c31   Thumb Code     2  stm32f4xx_it.o(i.SVC_Handler)
    SysTick_CLKSourceConfig                  0x08001d21   Thumb Code    40  misc.o(i.SysTick_CLKSourceConfig)
    SysTick_Handler                          0x08001d49   Thumb Code     2  stm32f4xx_it.o(i.SysTick_Handler)
    SystemInit                               0x08001d4d   Thumb Code    88  system_stm32f4xx.o(i.SystemInit)
    TIM5_IRQHandler                          0x08001db5   Thumb Code   124  time2.o(i.TIM5_IRQHandler)
    TIM5_Int_Init                            0x08001e45   Thumb Code    88  time2.o(i.TIM5_Int_Init)
    TIM_ClearITPendingBit                    0x08001ea1   Thumb Code     6  stm32f4xx_tim.o(i.TIM_ClearITPendingBit)
    TIM_Cmd                                  0x08001ea7   Thumb Code    24  stm32f4xx_tim.o(i.TIM_Cmd)
    TIM_GetITStatus                          0x08001ebf   Thumb Code    34  stm32f4xx_tim.o(i.TIM_GetITStatus)
    TIM_ITConfig                             0x08001ee1   Thumb Code    18  stm32f4xx_tim.o(i.TIM_ITConfig)
    TIM_TimeBaseInit                         0x08001ef5   Thumb Code   104  stm32f4xx_tim.o(i.TIM_TimeBaseInit)
    USART1_DMA_Config                        0x08001f79   Thumb Code   302  dma2.o(i.USART1_DMA_Config)
    USART1_IRQHandler                        0x080020bd   Thumb Code   120  dma2.o(i.USART1_IRQHandler)
    USART_Cmd                                0x08002141   Thumb Code    24  stm32f4xx_usart.o(i.USART_Cmd)
    USART_DMACmd                             0x08002159   Thumb Code    18  stm32f4xx_usart.o(i.USART_DMACmd)
    USART_DeInit                             0x0800216d   Thumb Code   206  stm32f4xx_usart.o(i.USART_DeInit)
    USART_GetITStatus                        0x0800225d   Thumb Code    84  stm32f4xx_usart.o(i.USART_GetITStatus)
    USART_ITConfig                           0x080022b1   Thumb Code    74  stm32f4xx_usart.o(i.USART_ITConfig)
    USART_Init                               0x080022fd   Thumb Code   204  stm32f4xx_usart.o(i.USART_Init)
    USART_StructInit                         0x080023d1   Thumb Code    24  stm32f4xx_usart.o(i.USART_StructInit)
    UsageFault_Handler                       0x080023e9   Thumb Code     4  stm32f4xx_it.o(i.UsageFault_Handler)
    __ARM_fpclassify                         0x080023ed   Thumb Code    48  fpclassify.o(i.__ARM_fpclassify)
    __hardfp_acos                            0x08002421   Thumb Code   738  acos.o(i.__hardfp_acos)
    __hardfp_atan                            0x08002779   Thumb Code   622  atan.o(i.__hardfp_atan)
    __hardfp_atan2                           0x08002a51   Thumb Code   432  atan2.o(i.__hardfp_atan2)
    __hardfp_cos                             0x08002c41   Thumb Code   180  cos.o(i.__hardfp_cos)
    __hardfp_fabs                            0x08002d09   Thumb Code    20  fabs.o(i.__hardfp_fabs)
    __hardfp_sqrt                            0x08002d1d   Thumb Code   122  sqrt.o(i.__hardfp_sqrt)
    __ieee754_rem_pio2                       0x08002d99   Thumb Code   938  rred.o(i.__ieee754_rem_pio2)
    __kernel_cos                             0x080031d1   Thumb Code   322  cos_i.o(i.__kernel_cos)
    __kernel_poly                            0x08003341   Thumb Code   248  poly.o(i.__kernel_poly)
    __kernel_sin                             0x08003439   Thumb Code   280  sin_i.o(i.__kernel_sin)
    __mathlib_dbl_infnan                     0x08003569   Thumb Code    20  dunder.o(i.__mathlib_dbl_infnan)
    __mathlib_dbl_infnan2                    0x0800357d   Thumb Code    20  dunder.o(i.__mathlib_dbl_infnan2)
    __mathlib_dbl_invalid                    0x08003591   Thumb Code    24  dunder.o(i.__mathlib_dbl_invalid)
    __mathlib_dbl_underflow                  0x080035b1   Thumb Code    24  dunder.o(i.__mathlib_dbl_underflow)
    atan                                     0x080035d1   Thumb Code    16  atan.o(i.atan)
    delay_init                               0x080035e1   Thumb Code    52  delay.o(i.delay_init)
    delay_ms                                 0x0800361d   Thumb Code    56  delay.o(i.delay_ms)
    delay_xms                                0x08003655   Thumb Code    72  delay.o(i.delay_xms)
    fabs                                     0x080036a1   Thumb Code    24  fabs.o(i.fabs)
    main                                     0x080036b9   Thumb Code     8  main.o(i.main)
    sqrt                                     0x080036c1   Thumb Code   110  sqrt.o(i.sqrt)
    __aeabi_dneg                             0x0800372f   Thumb Code     0  basic.o(x$fpl$basic)
    _dneg                                    0x0800372f   Thumb Code     6  basic.o(x$fpl$basic)
    __aeabi_fneg                             0x08003735   Thumb Code     0  basic.o(x$fpl$basic)
    _fneg                                    0x08003735   Thumb Code     6  basic.o(x$fpl$basic)
    _dabs                                    0x0800373b   Thumb Code     6  basic.o(x$fpl$basic)
    _fabs                                    0x08003741   Thumb Code     6  basic.o(x$fpl$basic)
    __aeabi_d2f                              0x08003749   Thumb Code     0  d2f.o(x$fpl$d2f)
    _d2f                                     0x08003749   Thumb Code    98  d2f.o(x$fpl$d2f)
    __aeabi_dadd                             0x080037ad   Thumb Code     0  daddsub_clz.o(x$fpl$dadd)
    _dadd                                    0x080037ad   Thumb Code   332  daddsub_clz.o(x$fpl$dadd)
    __fpl_dcmp_Inf                           0x080038fd   Thumb Code    24  dcmpi.o(x$fpl$dcmpinf)
    __aeabi_ddiv                             0x08003915   Thumb Code     0  ddiv.o(x$fpl$ddiv)
    _ddiv                                    0x08003915   Thumb Code   552  ddiv.o(x$fpl$ddiv)
    __aeabi_d2iz                             0x08003bc5   Thumb Code     0  dfix.o(x$fpl$dfix)
    _dfix                                    0x08003bc5   Thumb Code    94  dfix.o(x$fpl$dfix)
    __aeabi_i2d                              0x08003c23   Thumb Code     0  dflt_clz.o(x$fpl$dflt)
    _dflt                                    0x08003c23   Thumb Code    46  dflt_clz.o(x$fpl$dflt)
    __aeabi_ui2d                             0x08003c51   Thumb Code     0  dflt_clz.o(x$fpl$dfltu)
    _dfltu                                   0x08003c51   Thumb Code    38  dflt_clz.o(x$fpl$dfltu)
    __aeabi_cdcmple                          0x08003c79   Thumb Code     0  dleqf.o(x$fpl$dleqf)
    _dcmple                                  0x08003c79   Thumb Code   120  dleqf.o(x$fpl$dleqf)
    __fpl_dcmple_InfNaN                      0x08003cdb   Thumb Code     0  dleqf.o(x$fpl$dleqf)
    __aeabi_dmul                             0x08003cf1   Thumb Code     0  dmul.o(x$fpl$dmul)
    _dmul                                    0x08003cf1   Thumb Code   332  dmul.o(x$fpl$dmul)
    __fpl_dnaninf                            0x08003e45   Thumb Code   156  dnaninf.o(x$fpl$dnaninf)
    __fpl_dretinf                            0x08003ee1   Thumb Code    12  dretinf.o(x$fpl$dretinf)
    __aeabi_cdrcmple                         0x08003eed   Thumb Code     0  drleqf.o(x$fpl$drleqf)
    _drcmple                                 0x08003eed   Thumb Code   108  drleqf.o(x$fpl$drleqf)
    __aeabi_drsub                            0x08003f59   Thumb Code     0  daddsub_clz.o(x$fpl$drsb)
    _drsb                                    0x08003f59   Thumb Code    22  daddsub_clz.o(x$fpl$drsb)
    _dsqrt                                   0x08003f71   Thumb Code   404  dsqrt_umaal.o(x$fpl$dsqrt)
    __aeabi_dsub                             0x08004109   Thumb Code     0  daddsub_clz.o(x$fpl$dsub)
    _dsub                                    0x08004109   Thumb Code   464  daddsub_clz.o(x$fpl$dsub)
    __aeabi_f2d                              0x080042dd   Thumb Code     0  f2d.o(x$fpl$f2d)
    _f2d                                     0x080042dd   Thumb Code    86  f2d.o(x$fpl$f2d)
    __fpl_fnaninf                            0x08004333   Thumb Code   140  fnaninf.o(x$fpl$fnaninf)
    _fp_init                                 0x080043bf   Thumb Code    10  fpinit.o(x$fpl$fpinit)
    __fplib_config_fpu_vfp                   0x080043c7   Thumb Code     0  fpinit.o(x$fpl$fpinit)
    __fplib_config_pureend_doubles           0x080043c7   Thumb Code     0  fpinit.o(x$fpl$fpinit)
    __fpl_fretinf                            0x080043c9   Thumb Code    10  fretinf.o(x$fpl$fretinf)
    __I$use$fp                               0x080043d2   Number         0  usenofp.o(x$fpl$usenofp)
    __mathlib_zero                           0x080044f0   Data           8  qnan.o(.constdata)
    Region$$Table$$Base                      0x080045e8   Number         0  anon$$obj.o(Region$$Table)
    Region$$Table$$Limit                     0x08004608   Number         0  anon$$obj.o(Region$$Table)
    BSP_OK_init_flag                         0x20000010   Data           4  bsp.o(.data)
    system_1ms                               0x20000014   Data           4  time2.o(.data)
    pi                                       0x2000001c   Data           4  arm.o(.data)
    CAN_flag                                 0x20000020   Data           4  arm.o(.data)
    Motor_Eable_flag                         0x20000024   Data           4  arm.o(.data)
    Arm_Init_flag                            0x20000028   Data           4  arm.o(.data)
    Catch_flag                               0x2000002c   Data           4  arm.o(.data)
    hand_shake_flag                          0x20000030   Data           4  arm.o(.data)
    tar_X                                    0x20000034   Data           4  arm.o(.data)
    tar_Y                                    0x20000038   Data           4  arm.o(.data)
    now_angle1                               0x2000003c   Data           4  arm.o(.data)
    now_angle2                               0x20000040   Data           4  arm.o(.data)
    tar_angle1                               0x20000044   Data           4  arm.o(.data)
    tar_angle2                               0x20000048   Data           4  arm.o(.data)
    L1                                       0x2000004c   Data           4  arm.o(.data)
    L2                                       0x20000050   Data           4  arm.o(.data)
    L3                                       0x20000054   Data           4  arm.o(.data)
    pos_tar1                                 0x20000058   Data           4  arm.o(.data)
    pos_tar2                                 0x2000005c   Data           4  arm.o(.data)
    pos_tar3                                 0x20000060   Data           4  arm.o(.data)
    ID_flag                                  0x20000064   Data           1  arm.o(.data)
    RC_Ctl                                   0x20000066   Data          20  remote_analysis.o(.data)
    Chassis_Control_Heading                  0x2000007a   Data           1  remote_analysis.o(.data)
    sbus_rx_buffer                           0x20000080   Data         200  dma2.o(.bss)
    receive_data2                            0x20000148   Data          20  can2.o(.bss)
    KeyBoardData                             0x2000015c   Data          96  remote_analysis.o(.bss)
    __libspace_start                         0x200001bc   Data          96  libspace.o(.bss)
    __temporary_stack_top$libspace           0x2000021c   Data           0  libspace.o(.bss)



==============================================================================

Memory Map of the image

  Image Entry point : 0x08000189

  Load Region LR_IROM1 (Base: 0x08000000, Size: 0x00004688, Max: 0x00100000, ABSOLUTE)

    Execution Region ER_IROM1 (Exec base: 0x08000000, Load base: 0x08000000, Size: 0x00004608, Max: 0x00100000, ABSOLUTE)

    Exec Addr    Load Addr    Size         Type   Attr      Idx    E Section Name        Object

    0x08000000   0x08000000   0x00000188   Data   RO         2725    RESET               startup_stm32f40_41xxx.o
    0x08000188   0x08000188   0x00000008   Code   RO         3119  * !!!main             c_w.l(__main.o)
    0x08000190   0x08000190   0x00000034   Code   RO         3431    !!!scatter          c_w.l(__scatter.o)
    0x080001c4   0x080001c4   0x0000001a   Code   RO         3433    !!handler_copy      c_w.l(__scatter_copy.o)
    0x080001de   0x080001de   0x00000002   PAD
    0x080001e0   0x080001e0   0x0000001c   Code   RO         3435    !!handler_zi        c_w.l(__scatter_zi.o)
    0x080001fc   0x080001fc   0x00000002   Code   RO         3304    .ARM.Collect$$libinit$$00000000  c_w.l(libinit.o)
    0x080001fe   0x080001fe   0x00000004   Code   RO         3307    .ARM.Collect$$libinit$$00000001  c_w.l(libinit2.o)
    0x08000202   0x08000202   0x00000000   Code   RO         3310    .ARM.Collect$$libinit$$00000004  c_w.l(libinit2.o)
    0x08000202   0x08000202   0x00000000   Code   RO         3313    .ARM.Collect$$libinit$$0000000A  c_w.l(libinit2.o)
    0x08000202   0x08000202   0x00000000   Code   RO         3315    .ARM.Collect$$libinit$$0000000C  c_w.l(libinit2.o)
    0x08000202   0x08000202   0x00000000   Code   RO         3317    .ARM.Collect$$libinit$$0000000E  c_w.l(libinit2.o)
    0x08000202   0x08000202   0x00000000   Code   RO         3320    .ARM.Collect$$libinit$$00000011  c_w.l(libinit2.o)
    0x08000202   0x08000202   0x00000000   Code   RO         3322    .ARM.Collect$$libinit$$00000013  c_w.l(libinit2.o)
    0x08000202   0x08000202   0x00000000   Code   RO         3324    .ARM.Collect$$libinit$$00000015  c_w.l(libinit2.o)
    0x08000202   0x08000202   0x00000000   Code   RO         3326    .ARM.Collect$$libinit$$00000017  c_w.l(libinit2.o)
    0x08000202   0x08000202   0x00000000   Code   RO         3328    .ARM.Collect$$libinit$$00000019  c_w.l(libinit2.o)
    0x08000202   0x08000202   0x00000000   Code   RO         3330    .ARM.Collect$$libinit$$0000001B  c_w.l(libinit2.o)
    0x08000202   0x08000202   0x00000000   Code   RO         3332    .ARM.Collect$$libinit$$0000001D  c_w.l(libinit2.o)
    0x08000202   0x08000202   0x00000000   Code   RO         3334    .ARM.Collect$$libinit$$0000001F  c_w.l(libinit2.o)
    0x08000202   0x08000202   0x00000000   Code   RO         3336    .ARM.Collect$$libinit$$00000021  c_w.l(libinit2.o)
    0x08000202   0x08000202   0x00000000   Code   RO         3338    .ARM.Collect$$libinit$$00000023  c_w.l(libinit2.o)
    0x08000202   0x08000202   0x00000000   Code   RO         3340    .ARM.Collect$$libinit$$00000025  c_w.l(libinit2.o)
    0x08000202   0x08000202   0x00000000   Code   RO         3344    .ARM.Collect$$libinit$$0000002C  c_w.l(libinit2.o)
    0x08000202   0x08000202   0x00000000   Code   RO         3346    .ARM.Collect$$libinit$$0000002E  c_w.l(libinit2.o)
    0x08000202   0x08000202   0x00000000   Code   RO         3348    .ARM.Collect$$libinit$$00000030  c_w.l(libinit2.o)
    0x08000202   0x08000202   0x00000000   Code   RO         3350    .ARM.Collect$$libinit$$00000032  c_w.l(libinit2.o)
    0x08000202   0x08000202   0x00000002   Code   RO         3351    .ARM.Collect$$libinit$$00000033  c_w.l(libinit2.o)
    0x08000204   0x08000204   0x00000002   Code   RO         3371    .ARM.Collect$$libshutdown$$00000000  c_w.l(libshutdown.o)
    0x08000206   0x08000206   0x00000000   Code   RO         3384    .ARM.Collect$$libshutdown$$00000002  c_w.l(libshutdown2.o)
    0x08000206   0x08000206   0x00000000   Code   RO         3386    .ARM.Collect$$libshutdown$$00000004  c_w.l(libshutdown2.o)
    0x08000206   0x08000206   0x00000000   Code   RO         3389    .ARM.Collect$$libshutdown$$00000007  c_w.l(libshutdown2.o)
    0x08000206   0x08000206   0x00000000   Code   RO         3392    .ARM.Collect$$libshutdown$$0000000A  c_w.l(libshutdown2.o)
    0x08000206   0x08000206   0x00000000   Code   RO         3394    .ARM.Collect$$libshutdown$$0000000C  c_w.l(libshutdown2.o)
    0x08000206   0x08000206   0x00000000   Code   RO         3397    .ARM.Collect$$libshutdown$$0000000F  c_w.l(libshutdown2.o)
    0x08000206   0x08000206   0x00000002   Code   RO         3398    .ARM.Collect$$libshutdown$$00000010  c_w.l(libshutdown2.o)
    0x08000208   0x08000208   0x00000000   Code   RO         3197    .ARM.Collect$$rtentry$$00000000  c_w.l(__rtentry.o)
    0x08000208   0x08000208   0x00000000   Code   RO         3261    .ARM.Collect$$rtentry$$00000002  c_w.l(__rtentry2.o)
    0x08000208   0x08000208   0x00000006   Code   RO         3273    .ARM.Collect$$rtentry$$00000004  c_w.l(__rtentry4.o)
    0x0800020e   0x0800020e   0x00000000   Code   RO         3263    .ARM.Collect$$rtentry$$00000009  c_w.l(__rtentry2.o)
    0x0800020e   0x0800020e   0x00000004   Code   RO         3264    .ARM.Collect$$rtentry$$0000000A  c_w.l(__rtentry2.o)
    0x08000212   0x08000212   0x00000000   Code   RO         3266    .ARM.Collect$$rtentry$$0000000C  c_w.l(__rtentry2.o)
    0x08000212   0x08000212   0x00000008   Code   RO         3267    .ARM.Collect$$rtentry$$0000000D  c_w.l(__rtentry2.o)
    0x0800021a   0x0800021a   0x00000002   Code   RO         3305    .ARM.Collect$$rtexit$$00000000  c_w.l(rtexit.o)
    0x0800021c   0x0800021c   0x00000000   Code   RO         3353    .ARM.Collect$$rtexit$$00000002  c_w.l(rtexit2.o)
    0x0800021c   0x0800021c   0x00000004   Code   RO         3354    .ARM.Collect$$rtexit$$00000003  c_w.l(rtexit2.o)
    0x08000220   0x08000220   0x00000006   Code   RO         3355    .ARM.Collect$$rtexit$$00000004  c_w.l(rtexit2.o)
    0x08000226   0x08000226   0x00000002   PAD
    0x08000228   0x08000228   0x00000040   Code   RO         2726    .text               startup_stm32f40_41xxx.o
    0x08000268   0x08000268   0x00000006   Code   RO         3117    .text               c_w.l(heapauxi.o)
    0x0800026e   0x0800026e   0x00000016   Code   RO         3198    .text               c_w.l(_rserrno.o)
    0x08000284   0x08000284   0x00000008   Code   RO         3278    .text               c_w.l(rt_errno_addr_intlibspace.o)
    0x0800028c   0x0800028c   0x00000008   Code   RO         3292    .text               c_w.l(libspace.o)
    0x08000294   0x08000294   0x0000004a   Code   RO         3295    .text               c_w.l(sys_stackheap_outer.o)
    0x080002de   0x080002de   0x00000012   Code   RO         3297    .text               c_w.l(exit.o)
    0x080002f0   0x080002f0   0x0000000c   Code   RO         3363    .text               c_w.l(sys_exit.o)
    0x080002fc   0x080002fc   0x00000002   Code   RO         3374    .text               c_w.l(use_no_semi.o)
    0x080002fe   0x080002fe   0x00000000   Code   RO         3376    .text               c_w.l(indicate_semi.o)
    0x080002fe   0x080002fe   0x00000002   PAD
    0x08000300   0x08000300   0x00000538   Code   RO         2894    i.Angle             arm.o
    0x08000838   0x08000838   0x000000bc   Code   RO         2895    i.Arm_Init          arm.o
    0x080008f4   0x080008f4   0x00000130   Code   RO         2896    i.Arm_Workspace_Judge  arm.o
    0x08000a24   0x08000a24   0x00000200   Code   RO         2897    i.Arm_task          arm.o
    0x08000c24   0x08000c24   0x00000050   Code   RO         2732    i.BSP_Init          bsp.o
    0x08000c74   0x08000c74   0x00000004   Code   RO         2599    i.BusFault_Handler  stm32f4xx_it.o
    0x08000c78   0x08000c78   0x00000100   Code   RO         2867    i.CAN1_Mode_Init    can1.o
    0x08000d78   0x08000d78   0x00000030   Code   RO         2868    i.CAN1_RX0_IRQHandler  can1.o
    0x08000da8   0x08000da8   0x00000028   Code   RO         2951    i.CAN2_RX0_IRQHandler  can2.o
    0x08000dd0   0x08000dd0   0x000000a8   Code   RO          291    i.CAN_ClearITPendingBit  stm32f4xx_can.o
    0x08000e78   0x08000e78   0x00000108   Code   RO          295    i.CAN_FilterInit    stm32f4xx_can.o
    0x08000f80   0x08000f80   0x00000120   Code   RO          297    i.CAN_GetITStatus   stm32f4xx_can.o
    0x080010a0   0x080010a0   0x00000012   Code   RO          301    i.CAN_ITConfig      stm32f4xx_can.o
    0x080010b2   0x080010b2   0x00000114   Code   RO          302    i.CAN_Init          stm32f4xx_can.o
    0x080011c6   0x080011c6   0x000000f0   Code   RO          305    i.CAN_Receive       stm32f4xx_can.o
    0x080012b6   0x080012b6   0x00000126   Code   RO          310    i.CAN_Transmit      stm32f4xx_can.o
    0x080013dc   0x080013dc   0x00000012   Code   RO          313    i.CheckITStatus     stm32f4xx_can.o
    0x080013ee   0x080013ee   0x00000016   Code   RO          629    i.DMA_Cmd           stm32f4xx_dma.o
    0x08001404   0x08001404   0x00000158   Code   RO          630    i.DMA_DeInit        stm32f4xx_dma.o
    0x0800155c   0x0800155c   0x00000016   Code   RO          631    i.DMA_DoubleBufferModeCmd  stm32f4xx_dma.o
    0x08001572   0x08001572   0x00000018   Code   RO          632    i.DMA_DoubleBufferModeConfig  stm32f4xx_dma.o
    0x0800158a   0x0800158a   0x00000014   Code   RO          636    i.DMA_GetCurrentMemoryTarget  stm32f4xx_dma.o
    0x0800159e   0x0800159e   0x00000002   PAD
    0x080015a0   0x080015a0   0x00000058   Code   RO          641    i.DMA_Init          stm32f4xx_dma.o
    0x080015f8   0x080015f8   0x00000002   Code   RO         2600    i.DebugMon_Handler  stm32f4xx_it.o
    0x080015fa   0x080015fa   0x00000090   Code   RO          890    i.GPIO_Init         stm32f4xx_gpio.o
    0x0800168a   0x0800168a   0x00000046   Code   RO          891    i.GPIO_PinAFConfig  stm32f4xx_gpio.o
    0x080016d0   0x080016d0   0x00000004   Code   RO          897    i.GPIO_ResetBits    stm32f4xx_gpio.o
    0x080016d4   0x080016d4   0x00000004   Code   RO          898    i.GPIO_SetBits      stm32f4xx_gpio.o
    0x080016d8   0x080016d8   0x00000012   Code   RO          899    i.GPIO_StructInit   stm32f4xx_gpio.o
    0x080016ea   0x080016ea   0x00000002   PAD
    0x080016ec   0x080016ec   0x0000003c   Code   RO         3030    i.Hand_Shake        can1_analysis.o
    0x08001728   0x08001728   0x00000004   Code   RO         2601    i.HardFault_Handler  stm32f4xx_it.o
    0x0800172c   0x0800172c   0x0000011c   Code   RO         2992    i.Key_Analysis      remote_analysis.o
    0x08001848   0x08001848   0x0000003c   Code   RO         2844    i.LED_Init          led.o
    0x08001884   0x08001884   0x00000004   Code   RO         2602    i.MemManage_Handler  stm32f4xx_it.o
    0x08001888   0x08001888   0x0000002c   Code   RO         3031    i.Motor_Calibrate   can1_analysis.o
    0x080018b4   0x080018b4   0x00000048   Code   RO         3033    i.Motor_Postion     can1_analysis.o
    0x080018fc   0x080018fc   0x00000002   Code   RO         2603    i.NMI_Handler       stm32f4xx_it.o
    0x080018fe   0x080018fe   0x00000002   PAD
    0x08001900   0x08001900   0x00000078   Code   RO          167    i.NVIC_Init         misc.o
    0x08001978   0x08001978   0x00000014   Code   RO          168    i.NVIC_PriorityGroupConfig  misc.o
    0x0800198c   0x0800198c   0x00000002   Code   RO         2604    i.PendSV_Handler    stm32f4xx_it.o
    0x0800198e   0x0800198e   0x00000002   PAD
    0x08001990   0x08001990   0x00000020   Code   RO         1339    i.RCC_AHB1PeriphClockCmd  stm32f4xx_rcc.o
    0x080019b0   0x080019b0   0x00000020   Code   RO         1348    i.RCC_APB1PeriphClockCmd  stm32f4xx_rcc.o
    0x080019d0   0x080019d0   0x00000020   Code   RO         1350    i.RCC_APB1PeriphResetCmd  stm32f4xx_rcc.o
    0x080019f0   0x080019f0   0x00000020   Code   RO         1351    i.RCC_APB2PeriphClockCmd  stm32f4xx_rcc.o
    0x08001a10   0x08001a10   0x00000020   Code   RO         1353    i.RCC_APB2PeriphResetCmd  stm32f4xx_rcc.o
    0x08001a30   0x08001a30   0x000000e8   Code   RO         1360    i.RCC_GetClocksFreq  stm32f4xx_rcc.o
    0x08001b18   0x08001b18   0x00000034   Code   RO         3034    i.Receive_Deal_Yun  can1_analysis.o
    0x08001b4c   0x08001b4c   0x000000e4   Code   RO         2993    i.RemoteData_analysis  remote_analysis.o
    0x08001c30   0x08001c30   0x00000002   Code   RO         2605    i.SVC_Handler       stm32f4xx_it.o
    0x08001c32   0x08001c32   0x00000002   PAD
    0x08001c34   0x08001c34   0x000000ec   Code   RO         2670    i.SetSysClock       system_stm32f4xx.o
    0x08001d20   0x08001d20   0x00000028   Code   RO          171    i.SysTick_CLKSourceConfig  misc.o
    0x08001d48   0x08001d48   0x00000002   Code   RO         2606    i.SysTick_Handler   stm32f4xx_it.o
    0x08001d4a   0x08001d4a   0x00000002   PAD
    0x08001d4c   0x08001d4c   0x00000068   Code   RO         2672    i.SystemInit        system_stm32f4xx.o
    0x08001db4   0x08001db4   0x00000090   Code   RO         2784    i.TIM5_IRQHandler   time2.o
    0x08001e44   0x08001e44   0x0000005c   Code   RO         2785    i.TIM5_Int_Init     time2.o
    0x08001ea0   0x08001ea0   0x00000006   Code   RO         1854    i.TIM_ClearITPendingBit  stm32f4xx_tim.o
    0x08001ea6   0x08001ea6   0x00000018   Code   RO         1859    i.TIM_Cmd           stm32f4xx_tim.o
    0x08001ebe   0x08001ebe   0x00000022   Code   RO         1880    i.TIM_GetITStatus   stm32f4xx_tim.o
    0x08001ee0   0x08001ee0   0x00000012   Code   RO         1884    i.TIM_ITConfig      stm32f4xx_tim.o
    0x08001ef2   0x08001ef2   0x00000002   PAD
    0x08001ef4   0x08001ef4   0x00000084   Code   RO         1931    i.TIM_TimeBaseInit  stm32f4xx_tim.o
    0x08001f78   0x08001f78   0x00000144   Code   RO         2755    i.USART1_DMA_Config  dma2.o
    0x080020bc   0x080020bc   0x00000084   Code   RO         2756    i.USART1_IRQHandler  dma2.o
    0x08002140   0x08002140   0x00000018   Code   RO         2412    i.USART_Cmd         stm32f4xx_usart.o
    0x08002158   0x08002158   0x00000012   Code   RO         2413    i.USART_DMACmd      stm32f4xx_usart.o
    0x0800216a   0x0800216a   0x00000002   PAD
    0x0800216c   0x0800216c   0x000000f0   Code   RO         2414    i.USART_DeInit      stm32f4xx_usart.o
    0x0800225c   0x0800225c   0x00000054   Code   RO         2416    i.USART_GetITStatus  stm32f4xx_usart.o
    0x080022b0   0x080022b0   0x0000004a   Code   RO         2418    i.USART_ITConfig    stm32f4xx_usart.o
    0x080022fa   0x080022fa   0x00000002   PAD
    0x080022fc   0x080022fc   0x000000d4   Code   RO         2419    i.USART_Init        stm32f4xx_usart.o
    0x080023d0   0x080023d0   0x00000018   Code   RO         2435    i.USART_StructInit  stm32f4xx_usart.o
    0x080023e8   0x080023e8   0x00000004   Code   RO         2607    i.UsageFault_Handler  stm32f4xx_it.o
    0x080023ec   0x080023ec   0x00000030   Code   RO         3290    i.__ARM_fpclassify  m_wm.l(fpclassify.o)
    0x0800241c   0x0800241c   0x00000004   PAD
    0x08002420   0x08002420   0x00000358   Code   RO         3141    i.__hardfp_acos     m_wm.l(acos.o)
    0x08002778   0x08002778   0x000002d8   Code   RO         3215    i.__hardfp_atan     m_wm.l(atan.o)
    0x08002a50   0x08002a50   0x000001f0   Code   RO         3155    i.__hardfp_atan2    m_wm.l(atan2.o)
    0x08002c40   0x08002c40   0x000000c8   Code   RO         3167    i.__hardfp_cos      m_wm.l(cos.o)
    0x08002d08   0x08002d08   0x00000014   Code   RO         3179    i.__hardfp_fabs     m_wm.l(fabs.o)
    0x08002d1c   0x08002d1c   0x0000007a   Code   RO         3185    i.__hardfp_sqrt     m_wm.l(sqrt.o)
    0x08002d96   0x08002d96   0x00000002   PAD
    0x08002d98   0x08002d98   0x00000438   Code   RO         3249    i.__ieee754_rem_pio2  m_wm.l(rred.o)
    0x080031d0   0x080031d0   0x00000170   Code   RO         3229    i.__kernel_cos      m_wm.l(cos_i.o)
    0x08003340   0x08003340   0x000000f8   Code   RO         3246    i.__kernel_poly     m_wm.l(poly.o)
    0x08003438   0x08003438   0x00000130   Code   RO         3254    i.__kernel_sin      m_wm.l(sin_i.o)
    0x08003568   0x08003568   0x00000014   Code   RO         3233    i.__mathlib_dbl_infnan  m_wm.l(dunder.o)
    0x0800357c   0x0800357c   0x00000014   Code   RO         3234    i.__mathlib_dbl_infnan2  m_wm.l(dunder.o)
    0x08003590   0x08003590   0x00000020   Code   RO         3235    i.__mathlib_dbl_invalid  m_wm.l(dunder.o)
    0x080035b0   0x080035b0   0x00000020   Code   RO         3238    i.__mathlib_dbl_underflow  m_wm.l(dunder.o)
    0x080035d0   0x080035d0   0x00000010   Code   RO         3217    i.atan              m_wm.l(atan.o)
    0x080035e0   0x080035e0   0x0000003c   Code   RO         3077    i.delay_init        delay.o
    0x0800361c   0x0800361c   0x00000038   Code   RO         3078    i.delay_ms          delay.o
    0x08003654   0x08003654   0x0000004c   Code   RO         3080    i.delay_xms         delay.o
    0x080036a0   0x080036a0   0x00000018   Code   RO         3181    i.fabs              m_wm.l(fabs.o)
    0x080036b8   0x080036b8   0x00000008   Code   RO            3    i.main              main.o
    0x080036c0   0x080036c0   0x0000006e   Code   RO         3187    i.sqrt              m_wm.l(sqrt.o)
    0x0800372e   0x0800372e   0x00000018   Code   RO         3200    x$fpl$basic         fz_wm.l(basic.o)
    0x08003746   0x08003746   0x00000002   PAD
    0x08003748   0x08003748   0x00000062   Code   RO         3121    x$fpl$d2f           fz_wm.l(d2f.o)
    0x080037aa   0x080037aa   0x00000002   PAD
    0x080037ac   0x080037ac   0x00000150   Code   RO         3123    x$fpl$dadd          fz_wm.l(daddsub_clz.o)
    0x080038fc   0x080038fc   0x00000018   Code   RO         3202    x$fpl$dcmpinf       fz_wm.l(dcmpi.o)
    0x08003914   0x08003914   0x000002b0   Code   RO         3130    x$fpl$ddiv          fz_wm.l(ddiv.o)
    0x08003bc4   0x08003bc4   0x0000005e   Code   RO         3280    x$fpl$dfix          fz_wm.l(dfix.o)
    0x08003c22   0x08003c22   0x0000002e   Code   RO         3285    x$fpl$dflt          fz_wm.l(dflt_clz.o)
    0x08003c50   0x08003c50   0x00000026   Code   RO         3284    x$fpl$dfltu         fz_wm.l(dflt_clz.o)
    0x08003c76   0x08003c76   0x00000002   PAD
    0x08003c78   0x08003c78   0x00000078   Code   RO         3133    x$fpl$dleqf         fz_wm.l(dleqf.o)
    0x08003cf0   0x08003cf0   0x00000154   Code   RO         3135    x$fpl$dmul          fz_wm.l(dmul.o)
    0x08003e44   0x08003e44   0x0000009c   Code   RO         3204    x$fpl$dnaninf       fz_wm.l(dnaninf.o)
    0x08003ee0   0x08003ee0   0x0000000c   Code   RO         3206    x$fpl$dretinf       fz_wm.l(dretinf.o)
    0x08003eec   0x08003eec   0x0000006c   Code   RO         3137    x$fpl$drleqf        fz_wm.l(drleqf.o)
    0x08003f58   0x08003f58   0x00000016   Code   RO         3124    x$fpl$drsb          fz_wm.l(daddsub_clz.o)
    0x08003f6e   0x08003f6e   0x00000002   PAD
    0x08003f70   0x08003f70   0x00000198   Code   RO         3208    x$fpl$dsqrt         fz_wm.l(dsqrt_umaal.o)
    0x08004108   0x08004108   0x000001d4   Code   RO         3125    x$fpl$dsub          fz_wm.l(daddsub_clz.o)
    0x080042dc   0x080042dc   0x00000056   Code   RO         3139    x$fpl$f2d           fz_wm.l(f2d.o)
    0x08004332   0x08004332   0x0000008c   Code   RO         3210    x$fpl$fnaninf       fz_wm.l(fnaninf.o)
    0x080043be   0x080043be   0x0000000a   Code   RO         3361    x$fpl$fpinit        fz_wm.l(fpinit.o)
    0x080043c8   0x080043c8   0x0000000a   Code   RO         3212    x$fpl$fretinf       fz_wm.l(fretinf.o)
    0x080043d2   0x080043d2   0x00000000   Code   RO         3214    x$fpl$usenofp       fz_wm.l(usenofp.o)
    0x080043d2   0x080043d2   0x00000006   PAD
    0x080043d8   0x080043d8   0x00000050   Data   RO         3144    .constdata          m_wm.l(acos.o)
    0x08004428   0x08004428   0x00000098   Data   RO         3218    .constdata          m_wm.l(atan.o)
    0x080044c0   0x080044c0   0x00000030   Data   RO         3230    .constdata          m_wm.l(cos_i.o)
    0x080044f0   0x080044f0   0x00000008   Data   RO         3248    .constdata          m_wm.l(qnan.o)
    0x080044f8   0x080044f8   0x000000c8   Data   RO         3251    .constdata          m_wm.l(rred.o)
    0x080045c0   0x080045c0   0x00000028   Data   RO         3255    .constdata          m_wm.l(sin_i.o)
    0x080045e8   0x080045e8   0x00000020   Data   RO         3429    Region$$Table       anon$$obj.o


    Execution Region RW_IRAM1 (Exec base: 0x20000000, Load base: 0x08004608, Size: 0x00000820, Max: 0x00020000, ABSOLUTE)

    Exec Addr    Load Addr    Size         Type   Attr      Idx    E Section Name        Object

    0x20000000   0x08004608   0x00000010   Data   RW         1392    .data               stm32f4xx_rcc.o
    0x20000010   0x08004618   0x00000004   Data   RW         2733    .data               bsp.o
    0x20000014   0x0800461c   0x00000008   Data   RW         2786    .data               time2.o
    0x2000001c   0x08004624   0x00000049   Data   RW         2898    .data               arm.o
    0x20000065   0x0800466d   0x00000001   PAD
    0x20000066   0x0800466e   0x00000015   Data   RW         2995    .data               remote_analysis.o
    0x2000007b   0x08004683   0x00000001   PAD
    0x2000007c   0x08004684   0x00000004   Data   RW         3081    .data               delay.o
    0x20000080        -       0x000000c8   Zero   RW         2757    .bss                dma2.o
    0x20000148        -       0x00000014   Zero   RW         2953    .bss                can2.o
    0x2000015c        -       0x00000060   Zero   RW         2994    .bss                remote_analysis.o
    0x200001bc        -       0x00000060   Zero   RW         3293    .bss                c_w.l(libspace.o)
    0x2000021c   0x08004688   0x00000004   PAD
    0x20000220        -       0x00000200   Zero   RW         2724    HEAP                startup_stm32f40_41xxx.o
    0x20000420        -       0x00000400   Zero   RW         2723    STACK               startup_stm32f40_41xxx.o


==============================================================================

Image component sizes


      Code (inc. data)   RO Data    RW Data    ZI Data      Debug   Object Name

      2340        208          0         73          0       3464   arm.o
        80          4          0          4          0        722   bsp.o
       304         20          0          0          0       1555   can1.o
       228         18          0          0          0       2822   can1_analysis.o
        40          8          0          0         20        722   can2.o
       192         12          0          4          0       1912   delay.o
       456         34          0          0        200       1929   dma2.o
        60          4          0          0          0        547   led.o
         8          0          0          0          0     287667   main.o
       180         24          0          0          0      19089   misc.o
       512         22          0         21         96       2875   remote_analysis.o
        64         26        392          0       1536        860   startup_stm32f40_41xxx.o
      1566         16          0          0          0      14818   stm32f4xx_can.o
       520         26          0          0          0      17614   stm32f4xx_dma.o
       240          0          0          0          0      10505   stm32f4xx_gpio.o
        26          0          0          0          0       4206   stm32f4xx_it.o
       392         48          0         16          0      21197   stm32f4xx_rcc.o
       214         28          0          0          0      23502   stm32f4xx_tim.o
       676         42          0          0          0      11635   stm32f4xx_usart.o
       340         32          0          0          0       1537   system_stm32f4xx.o
       236         24          0          8          0       1483   time2.o

    ----------------------------------------------------------------------
      8692        596        424        128       1852     430661   Object Totals
         0          0         32          0          0          0   (incl. Generated)
        18          0          0          2          0          0   (incl. Padding)

    ----------------------------------------------------------------------

      Code (inc. data)   RO Data    RW Data    ZI Data      Debug   Library Member Name

         8          0          0          0          0         68   __main.o
         0          0          0          0          0          0   __rtentry.o
        12          0          0          0          0          0   __rtentry2.o
         6          0          0          0          0          0   __rtentry4.o
        52          8          0          0          0          0   __scatter.o
        26          0          0          0          0          0   __scatter_copy.o
        28          0          0          0          0          0   __scatter_zi.o
        22          0          0          0          0        100   _rserrno.o
        18          0          0          0          0         80   exit.o
         6          0          0          0          0        152   heapauxi.o
         0          0          0          0          0          0   indicate_semi.o
         2          0          0          0          0          0   libinit.o
         6          0          0          0          0          0   libinit2.o
         2          0          0          0          0          0   libshutdown.o
         2          0          0          0          0          0   libshutdown2.o
         8          4          0          0         96         68   libspace.o
         8          4          0          0          0         68   rt_errno_addr_intlibspace.o
         2          0          0          0          0          0   rtexit.o
        10          0          0          0          0          0   rtexit2.o
        12          4          0          0          0         68   sys_exit.o
        74          0          0          0          0         80   sys_stackheap_outer.o
         2          0          0          0          0         68   use_no_semi.o
        24          0          0          0          0        164   basic.o
        98          4          0          0          0        140   d2f.o
       826         16          0          0          0        492   daddsub_clz.o
        24          0          0          0          0        116   dcmpi.o
       688        140          0          0          0        256   ddiv.o
        94          4          0          0          0        140   dfix.o
        84          0          0          0          0        232   dflt_clz.o
       120          4          0          0          0        140   dleqf.o
       340         12          0          0          0        152   dmul.o
       156          4          0          0          0        140   dnaninf.o
        12          0          0          0          0        116   dretinf.o
       108          0          0          0          0        128   drleqf.o
       408         56          0          0          0        168   dsqrt_umaal.o
        86          4          0          0          0        132   f2d.o
       140          4          0          0          0        132   fnaninf.o
        10          0          0          0          0        116   fpinit.o
        10          0          0          0          0        116   fretinf.o
         0          0          0          0          0          0   usenofp.o
       856        118         80          0          0        288   acos.o
       744        106        152          0          0        352   atan.o
       496         64          0          0          0        192   atan2.o
       200         20          0          0          0        164   cos.o
       368         46         48          0          0        200   cos_i.o
       104         16          0          0          0        496   dunder.o
        44          0          0          0          0        248   fabs.o
        48          0          0          0          0        124   fpclassify.o
       248          0          0          0          0        152   poly.o
         0          0          8          0          0          0   qnan.o
      1080        142        200          0          0        188   rred.o
       304         24         40          0          0        208   sin_i.o
       232          0          0          0          0        296   sqrt.o

    ----------------------------------------------------------------------
      8284        804        528          0        100       6540   Library Totals
        26          0          0          0          4          0   (incl. Padding)

    ----------------------------------------------------------------------

      Code (inc. data)   RO Data    RW Data    ZI Data      Debug   Library Name

       306         20          0          0         96        752   c_w.l
      3228        248          0          0          0       2880   fz_wm.l
      4724        536        528          0          0       2908   m_wm.l

    ----------------------------------------------------------------------
      8284        804        528          0        100       6540   Library Totals

    ----------------------------------------------------------------------

==============================================================================


      Code (inc. data)   RO Data    RW Data    ZI Data      Debug   

     16976       1400        952        128       1952     426341   Grand Totals
     16976       1400        952        128       1952     426341   ELF Image Totals
     16976       1400        952        128          0          0   ROM Totals

==============================================================================

    Total RO  Size (Code + RO Data)                17928 (  17.51kB)
    Total RW  Size (RW Data + ZI Data)              2080 (   2.03kB)
    Total ROM Size (Code + RO Data + RW Data)      18056 (  17.63kB)

==============================================================================

